Microchip MPLAB XC8 Compiler V2.40

Linker command line:

-W-3 \
  --edf=C:/Program Files/Microchip/MPLABX/v6.05/packs/Microchip/PIC16F1xxxx_DFP/1.15.191/xc8\pic\dat\20220719204315_en.msgs \
  -cn \
  -h+dist/Offset_MercedesBus/production\Faller_Car_ucontroller2.X.production.sym \
  --cmf=dist/Offset_MercedesBus/production\Faller_Car_ucontroller2.X.production.cmf \
  -z -Q16F15345 -oC:\Users\jerem\AppData\Local\Temp\xcAs544.4 \
  --defsym=__MPLAB_BUILD=1 --fixupoverflow=error \
  -Mdist/Offset_MercedesBus/production/Faller_Car_ucontroller2.X.production.map \
  --md=C:\Users\jerem\AppData\Local\Temp\xcAs544.dat -E1 -ver=XC8 Compiler \
  --acfsm=1493 -ACODE=0420h-07FFh,0800h-0FFFhx2,01800h-01F7Dh \
  -ASTRCODE=0420h-01F7Dh -ASTRING=0420h-04FFh,0500h-05FFhx26,01F00h-01F7Dh \
  -ACONST=0420h-04FFh,0500h-05FFhx26,01F00h-01F7Dh \
  -AENTRY=0420h-04FFh,0500h-05FFhx26,01F00h-01F7Dh -ACOMMON=070h-07Fh \
  -ABANK0=020h-06Fh -ABANK1=0A0h-0EFh -ABANK2=0120h-016Fh \
  -ABANK3=01A0h-01EFh -ABANK4=0220h-026Fh -ABANK5=02A0h-02EFh \
  -ABANK6=0320h-036Fh -ABANK7=03A0h-03EFh -ABANK8=0420h-046Fh \
  -ABANK9=04A0h-04EFh -ABANK10=0520h-056Fh -ABANK11=05A0h-05EFh \
  -ABANK12=0620h-064Fh -ABIGRAM=02000h-023EFh \
  -ARAM=020h-06Fh,0A0h-0EFh,0120h-016Fh,01A0h-01EFh,0220h-026Fh,02A0h-02EFh,0320h-036Fh,03A0h-03EFh,0420h-046Fh,04A0h-04EFh,0520h-056Fh,05A0h-05EFh,0620h-064Fh \
  -AABS1=020h-07Fh,0A0h-0EFh,0120h-016Fh,01A0h-01EFh,0220h-026Fh,02A0h-02EFh,0320h-036Fh,03A0h-03EFh,0420h-046Fh,04A0h-04EFh,0520h-056Fh,05A0h-05EFh,0620h-064Fh \
  -ASFR0=00h-01Fh -ASFR1=080h-09Fh -ASFR2=0100h-011Fh -ASFR3=0180h-019Fh \
  -ASFR4=0200h-021Fh -ASFR5=0280h-029Fh -ASFR6=0300h-031Fh \
  -ASFR7=0380h-039Fh -ASFR8=0400h-041Fh -ASFR9=0480h-049Fh \
  -ASFR10=0500h-051Fh -ASFR11=0580h-059Fh -ASFR12=0600h-061Fh \
  -ASFR13=0680h-06EFh -ASFR14=0700h-076Fh -ASFR15=0780h-07EFh \
  -ASFR16=0800h-086Fh -ASFR17=0880h-08EFh -ASFR18=0900h-096Fh \
  -ASFR19=0980h-09EFh -ASFR20=0A00h-0A6Fh -ASFR21=0A80h-0AEFh \
  -ASFR22=0B00h-0B6Fh -ASFR23=0B80h-0BEFh -ASFR24=0C00h-0C6Fh \
  -ASFR25=0C80h-0CEFh -ASFR26=0D00h-0D6Fh -ASFR27=0D80h-0DEFh \
  -ASFR28=0E00h-0E6Fh -ASFR29=0E80h-0EEFh -ASFR30=0F00h-0F6Fh \
  -ASFR31=0F80h-0FEFh -ASFR32=01000h-0106Fh -ASFR33=01080h-010EFh \
  -ASFR34=01100h-0116Fh -ASFR35=01180h-011EFh -ASFR36=01200h-0126Fh \
  -ASFR37=01280h-012EFh -ASFR38=01300h-0136Fh -ASFR39=01380h-013EFh \
  -ASFR40=01400h-0146Fh -ASFR41=01480h-014EFh -ASFR42=01500h-0156Fh \
  -ASFR43=01580h-015EFh -ASFR44=01600h-0166Fh -ASFR45=01680h-016EFh \
  -ASFR46=01700h-0176Fh -ASFR47=01780h-017EFh -ASFR48=01800h-0186Fh \
  -ASFR49=01880h-018EFh -ASFR50=01900h-0196Fh -ASFR51=01980h-019EFh \
  -ASFR52=01A00h-01A6Fh -ASFR53=01A80h-01AEFh -ASFR54=01B00h-01B6Fh \
  -ASFR55=01B80h-01BEFh -ASFR56=01C00h-01C6Fh -ASFR57=01C80h-01CEFh \
  -ASFR58=01D00h-01D6Fh -ASFR59=01D80h-01DEFh -ASFR60=01E00h-01E6Fh \
  -ASFR61=01E80h-01EEFh -ASFR62=01F00h-01F6Fh -ASFR63=01F80h-01FEFh \
  -ACONFIG=08007h-0800Bh -DCONFIG=2 -AIDLOC=08000h-08003h -DIDLOC=2 \
  -DCODE=2 -DSTRCODE=2 -DSTRING=2 -DCONST=2 -DENTRY=2 -pchecksum=01F7Eh \
  -preset_vec=0420h,intentry=0424h,init,end_init -ppowerup=CODE \
  -pcinit=CODE -pfunctab=ENTRY -k \
  C:\Users\jerem\AppData\Local\Temp\xcAs544.o \
  dist/Offset_MercedesBus/production\Faller_Car_ucontroller2.X.production.o 

Object code version is 3.11

Machine type is 16F15345



                Name                               Link     Load   Length Selector   Space Scale
C:\Users\jerem\AppData\Local\Temp\xcAs544.o
                end_init                            470      470        2      848       0
                init                                46F      46F        1      848       0
                reset_vec                           420      420        2      840       0
                config                             8007     8007        5        0       4
                idloc                              8000     8000        4        0       5
dist/Offset_MercedesBus/production\Faller_Car_ucontroller2.X.production.o
                cinit                               472      472       42      848       0
                intentry                            424      424       4B      848       0
                config                             8007     8007        5        0       4
                idloc                              8000     8000        4        0       5
                text85                             1613     1613       19     2C26       0
                text84                             13D4     13D4        4     27A8       0
                text83                             13CC     13CC        1     2798       0
                text82                             13D8     13D8        4     27B0       0
                text81                              8AB      8AB       39     1156       0
                text80                             169E     169E       22     2D3C       0
                text79                             146B     146B        9     28D6       0
                text78                             149A     149A        D     2934       0
                text77                             13CD     13CD        1     279A       0
                text76                             14CF     14CF        F     299E       0
                text75                             1474     1474        9     28E8       0
                text74                             13DC     13DC        4     27B8       0
                text73                              422      422        1      840       0
                text72                             15CE     15CE       17     2B9C       0
                text71                             1433     1433        8     2866       0
                text70                              423      423        1      846       0
                text69                             14EE     14EE       11     29DC       0
                text68                             15E5     15E5       17     2BCA       0
                text66                             13E4     13E4        6     27C8       0
                text65                             142C     142C        7     2858       0
                text64                             14A7     14A7        D     294E       0
                text63                             13CE     13CE        3     279C       0
                text62                             1537     1537       15     2A6E       0
                text61                             16E5     16E5       27     2DCA       0
                text60                             147D     147D        9     28FA       0
                text59                             1511     1511       13     2A22       0
                text58                             1524     1524       13     2A48       0
                text57                             1576     1576       16     2AEC       0
                text56                             158C     158C       16     2B18       0
                text55                             15A2     15A2       16     2B44       0
                text54                             15B8     15B8       16     2B70       0
                text53                             154C     154C       15     2A98       0
                text52                              B19      B19       77     1632       0
                text51                             1561     1561       15     2AC2       0
                text50                              C31      C31       C9     1862       0
                text49                              809      809       36     1012       0
                text48                              83F      83F       36     107E       0
                text47                              A27      A27       49     144E       0
                text46                             1796     1796       35     2F2C       0
                text45                              4B4      4B4      1DF      848       0
                text44                              AC3      AC3       56     1586       0
                text43                             1762     1762       34     2EC4       0
                text42                              875      875       36     10EA       0
                text41                              8E4      8E4       3C     11C8       0
                text40                              7CA      7CA       36      848       0
                text39                             1486     1486        A     290C       0
                text38                             15FC     15FC       17     2BF8       0
                text37                              A70      A70       53     14E0       0
                text36                              800      800        9      848       0
                text35                             13EA     13EA        6     27D4       0
                text34                             13F0     13F0        6     27E0       0
                text33                             13F6     13F6        6     27EC       0
                text32                             13FC     13FC        6     27F8       0
                text31                             1402     1402        6     2804       0
                text30                              920      920       3D     1240       0
                text29                             13E0     13E0        4     27C0       0
                text28                             1490     1490        A     2920       0
                text27                             1408     1408        6     2810       0
                text26                              95D      95D       42     12BA       0
                text25                             14B4     14B4        D     2968       0
                text24                             143B     143B        8     2876       0
                text23                             1443     1443        8     2886       0
                text22                             144B     144B        8     2896       0
                text21                             1453     1453        8     28A6       0
                text20                             145B     145B        8     28B6       0
                text19                             1463     1463        8     28C6       0
                text18                             140E     140E        6     281C       0
                text17                             1646     1646       1C     2C8C       0
                text16                             1414     1414        6     2828       0
                text15                             167E     167E       20     2CFC       0
                text14                             14C1     14C1        E     2982       0
                text13                             1734     1734       2E     2E68       0
                text12                              DE4      DE4      104     1BC8       0
                text11                              CFA      CFA       EA     19F4       0
                text10                             162C     162C       1A     2C58       0
                text9                              170C     170C       28     2E18       0
                text8                              141A     141A        6     2834       0
                text7                               99F      99F       42     133E       0
                text6                              16C0     16C0       25     2D80       0
                text5                              17CB     17CB       35     2F96       0
                text4                               693      693      137      848       0
                text3                               B90      B90       A1     1720       0
                text2                              1662     1662       1C     2CC4       0
                text1                              14FF     14FF       12     29FE       0
                maintext                            EE8      EE8      118     1DD0       0
                cstackBANK0                          20       20       50       20       1
                cstackCOMMON                         70       70        A       70       1
                cstackBANK1                          E0       E0        D       A0       1
                clrtext                            1420     1420        6     2840       0
                inittext                           1426     1426        6     284C       0
                dataBANK3                           1C0      1C0       10      1A0       1
                bssBANK3                            1A0      1A0       20      1A0       1
                dataBANK2                           120      120       46      120       1
                bssBANK2                            166      166        8      120       1
                dataBANK1                            ED       ED        3       A0       1
                bssBANK1                             A0       A0       2F       A0       1
                bssCOMMON                            7A       7A        2       70       1
                stringtext6                        189A     189A        B     3000       0
                stringtext5                        1889     1889       11     3000       0
                stringtext4                        1877     1877       12     3000       0
                stringtext3                        185F     185F       18     3000       0
                stringtext2                        1830     1830       2F     3000       0
                stringtext1                        1800     1800       30     3000       0
                nvBANK3                             1D0      1D0        8      1A0       1
                nvBANK2                             16E      16E        2      120       1
                nvBANK1                              CF       CF       11       A0       1
                idataBANK3                         14DE     14DE       10     29BC       0
                idataBANK2                          9E1      9E1       46     13C2       0
                idataBANK1                         13D1     13D1        3     27A2       0

TOTAL           Name                               Link     Load   Length     Space
        CLASS   CODE           
                end_init                            470      470        2         0
                cinit                               472      472       42         0
                init                                46F      46F        1         0
                intentry                            424      424       4B         0
                reset_vec                           420      420        2         0
                text85                             1613     1613       19         0
                text84                             13D4     13D4        4         0
                text83                             13CC     13CC        1         0
                text82                             13D8     13D8        4         0
                text81                              8AB      8AB       39         0
                text80                             169E     169E       22         0
                text79                             146B     146B        9         0
                text78                             149A     149A        D         0
                text77                             13CD     13CD        1         0
                text76                             14CF     14CF        F         0
                text75                             1474     1474        9         0
                text74                             13DC     13DC        4         0
                text73                              422      422        1         0
                text72                             15CE     15CE       17         0
                text71                             1433     1433        8         0
                text70                              423      423        1         0
                text69                             14EE     14EE       11         0
                text68                             15E5     15E5       17         0
                text66                             13E4     13E4        6         0
                text65                             142C     142C        7         0
                text64                             14A7     14A7        D         0
                text63                             13CE     13CE        3         0
                text62                             1537     1537       15         0
                text61                             16E5     16E5       27         0
                text60                             147D     147D        9         0
                text59                             1511     1511       13         0
                text58                             1524     1524       13         0
                text57                             1576     1576       16         0
                text56                             158C     158C       16         0
                text55                             15A2     15A2       16         0
                text54                             15B8     15B8       16         0
                text53                             154C     154C       15         0
                text52                              B19      B19       77         0
                text51                             1561     1561       15         0
                text50                              C31      C31       C9         0
                text49                              809      809       36         0
                text48                              83F      83F       36         0
                text47                              A27      A27       49         0
                text46                             1796     1796       35         0
                text45                              4B4      4B4      1DF         0
                text44                              AC3      AC3       56         0
                text43                             1762     1762       34         0
                text42                              875      875       36         0
                text41                              8E4      8E4       3C         0
                text40                              7CA      7CA       36         0
                text39                             1486     1486        A         0
                text38                             15FC     15FC       17         0
                text37                              A70      A70       53         0
                text36                              800      800        9         0
                text35                             13EA     13EA        6         0
                text34                             13F0     13F0        6         0
                text33                             13F6     13F6        6         0
                text32                             13FC     13FC        6         0
                text31                             1402     1402        6         0
                text30                              920      920       3D         0
                text29                             13E0     13E0        4         0
                text28                             1490     1490        A         0
                text27                             1408     1408        6         0
                text26                              95D      95D       42         0
                text25                             14B4     14B4        D         0
                text24                             143B     143B        8         0
                text23                             1443     1443        8         0
                text22                             144B     144B        8         0
                text21                             1453     1453        8         0
                text20                             145B     145B        8         0
                text19                             1463     1463        8         0
                text18                             140E     140E        6         0
                text17                             1646     1646       1C         0
                text16                             1414     1414        6         0
                text15                             167E     167E       20         0
                text14                             14C1     14C1        E         0
                text13                             1734     1734       2E         0
                text12                              DE4      DE4      104         0
                text11                              CFA      CFA       EA         0
                text10                             162C     162C       1A         0
                text9                              170C     170C       28         0
                text8                              141A     141A        6         0
                text7                               99F      99F       42         0
                text6                              16C0     16C0       25         0
                text5                              17CB     17CB       35         0
                text4                               693      693      137         0
                text3                               B90      B90       A1         0
                text2                              1662     1662       1C         0
                text1                              14FF     14FF       12         0
                maintext                            EE8      EE8      118         0
                clrtext                            1420     1420        6         0
                inittext                           1426     1426        6         0
                idataBANK3                         14DE     14DE       10         0
                idataBANK2                          9E1      9E1       46         0
                idataBANK1                         13D1     13D1        3         0

        CLASS   STRCODE        
                stringtext6                        189A     189A        B         0
                stringtext5                        1889     1889       11         0
                stringtext4                        1877     1877       12         0
                stringtext3                        185F     185F       18         0
                stringtext2                        1830     1830       2F         0
                stringtext1                        1800     1800       30         0

        CLASS   STRING         

        CLASS   CONST          

        CLASS   ENTRY          

        CLASS   COMMON         
                cstackCOMMON                         70       70        A         1
                bssCOMMON                            7A       7A        2         1

        CLASS   BANK0          
                cstackBANK0                          20       20       50         1

        CLASS   BANK1          
                cstackBANK1                          E0       E0        D         1
                dataBANK1                            ED       ED        3         1
                bssBANK1                             A0       A0       2F         1
                nvBANK1                              CF       CF       11         1

        CLASS   BANK2          
                dataBANK2                           120      120       46         1
                bssBANK2                            166      166        8         1
                nvBANK2                             16E      16E        2         1

        CLASS   BANK3          
                dataBANK3                           1C0      1C0       10         1
                bssBANK3                            1A0      1A0       20         1
                nvBANK3                             1D0      1D0        8         1

        CLASS   BANK4          

        CLASS   BANK5          

        CLASS   BANK6          

        CLASS   BANK7          

        CLASS   BANK8          

        CLASS   BANK9          

        CLASS   BANK10         

        CLASS   BANK11         

        CLASS   BANK12         

        CLASS   BIGRAM         

        CLASS   RAM            

        CLASS   ABS1           
                abs_s1                               7E       7E        2         1

        CLASS   SFR0           

        CLASS   SFR1           

        CLASS   SFR2           

        CLASS   SFR3           

        CLASS   SFR4           

        CLASS   SFR5           

        CLASS   SFR6           

        CLASS   SFR7           

        CLASS   SFR8           

        CLASS   SFR9           

        CLASS   SFR10          

        CLASS   SFR11          

        CLASS   SFR12          

        CLASS   SFR13          

        CLASS   SFR14          

        CLASS   SFR15          

        CLASS   SFR16          

        CLASS   SFR17          

        CLASS   SFR18          

        CLASS   SFR19          

        CLASS   SFR20          

        CLASS   SFR21          

        CLASS   SFR22          

        CLASS   SFR23          

        CLASS   SFR24          

        CLASS   SFR25          

        CLASS   SFR26          

        CLASS   SFR27          

        CLASS   SFR28          

        CLASS   SFR29          

        CLASS   SFR30          

        CLASS   SFR31          

        CLASS   SFR32          

        CLASS   SFR33          

        CLASS   SFR34          

        CLASS   SFR35          

        CLASS   SFR36          

        CLASS   SFR37          

        CLASS   SFR38          

        CLASS   SFR39          

        CLASS   SFR40          

        CLASS   SFR41          

        CLASS   SFR42          

        CLASS   SFR43          

        CLASS   SFR44          

        CLASS   SFR45          

        CLASS   SFR46          

        CLASS   SFR47          

        CLASS   SFR48          

        CLASS   SFR49          

        CLASS   SFR50          

        CLASS   SFR51          

        CLASS   SFR52          

        CLASS   SFR53          

        CLASS   SFR54          

        CLASS   SFR55          

        CLASS   SFR56          

        CLASS   SFR57          

        CLASS   SFR58          

        CLASS   SFR59          

        CLASS   SFR60          

        CLASS   SFR61          

        CLASS   SFR62          

        CLASS   SFR63          

        CLASS   CONFIG         
                config                             8007     8007        5         4

        CLASS   IDLOC          
                idloc                              8000     8000        4         5

        CLASS   BANK63         

        CLASS   BANK62         

        CLASS   BANK61         

        CLASS   BANK60         

        CLASS   BANK59         

        CLASS   BANK58         

        CLASS   BANK57         

        CLASS   BANK56         

        CLASS   BANK55         

        CLASS   BANK54         

        CLASS   BANK53         

        CLASS   BANK52         

        CLASS   BANK51         

        CLASS   BANK50         

        CLASS   BANK49         

        CLASS   BANK48         

        CLASS   BANK47         

        CLASS   BANK46         

        CLASS   BANK45         

        CLASS   BANK44         

        CLASS   BANK43         

        CLASS   BANK42         

        CLASS   BANK41         

        CLASS   BANK40         

        CLASS   BANK39         

        CLASS   BANK38         

        CLASS   BANK37         

        CLASS   BANK36         

        CLASS   BANK35         

        CLASS   BANK34         

        CLASS   BANK33         

        CLASS   BANK32         

        CLASS   BANK31         

        CLASS   BANK30         

        CLASS   BANK29         

        CLASS   BANK28         

        CLASS   BANK27         

        CLASS   BANK26         

        CLASS   BANK25         

        CLASS   BANK24         

        CLASS   BANK23         

        CLASS   BANK22         

        CLASS   BANK21         

        CLASS   BANK20         

        CLASS   BANK19         

        CLASS   BANK18         

        CLASS   BANK17         

        CLASS   BANK16         

        CLASS   BANK15         

        CLASS   BANK14         

        CLASS   BANK13         

        CLASS   HEAP           

        CLASS   STACK          

        CLASS   EEDATA         



SEGMENTS        Name                           Load    Length   Top    Selector   Space  Class     Delta

                cstackBANK0                    000020  000050  000070        20       1  BANK0       1
                cstackCOMMON                   000070  00000C  00007C        70       1  COMMON      1
                bssBANK1                       0000A0  000050  0000F0        A0       1  BANK1       1
                dataBANK2                      000120  000050  000170       120       1  BANK2       1
                bssBANK3                       0001A0  000038  0001D8       1A0       1  BANK3       1
                reset_vec                      000420  000003  000423       840       0  CODE        2
                text70                         000423  000001  000424       846       0  CODE        2
                intentry                       000424  0003E5  000809       848       0  CODE        2
                text49                         000809  000036  00083F      1012       0  CODE        2
                text48                         00083F  000036  000875      107E       0  CODE        2
                text42                         000875  000036  0008AB      10EA       0  CODE        2
                text81                         0008AB  000039  0008E4      1156       0  CODE        2
                text41                         0008E4  00003C  000920      11C8       0  CODE        2
                text30                         000920  00003D  00095D      1240       0  CODE        2
                text26                         00095D  000042  00099F      12BA       0  CODE        2
                text7                          00099F  000042  0009E1      133E       0  CODE        2
                idataBANK2                     0009E1  000046  000A27      13C2       0  CODE        2
                text47                         000A27  000049  000A70      144E       0  CODE        2
                text37                         000A70  000053  000AC3      14E0       0  CODE        2
                text44                         000AC3  000056  000B19      1586       0  CODE        2
                text52                         000B19  000077  000B90      1632       0  CODE        2
                text3                          000B90  0000A1  000C31      1720       0  CODE        2
                text50                         000C31  0000C9  000CFA      1862       0  CODE        2
                text11                         000CFA  0000EA  000DE4      19F4       0  CODE        2
                text12                         000DE4  000104  000EE8      1BC8       0  CODE        2
                maintext                       000EE8  000118  001000      1DD0       0  CODE        2
                text83                         0013CC  000001  0013CD      2798       0  CODE        2
                text77                         0013CD  000001  0013CE      279A       0  CODE        2
                text63                         0013CE  000003  0013D1      279C       0  CODE        2
                idataBANK1                     0013D1  000003  0013D4      27A2       0  CODE        2
                text84                         0013D4  000004  0013D8      27A8       0  CODE        2
                text82                         0013D8  000004  0013DC      27B0       0  CODE        2
                text74                         0013DC  000004  0013E0      27B8       0  CODE        2
                text29                         0013E0  000004  0013E4      27C0       0  CODE        2
                text66                         0013E4  000006  0013EA      27C8       0  CODE        2
                text35                         0013EA  000006  0013F0      27D4       0  CODE        2
                text34                         0013F0  000006  0013F6      27E0       0  CODE        2
                text33                         0013F6  000006  0013FC      27EC       0  CODE        2
                text32                         0013FC  000006  001402      27F8       0  CODE        2
                text31                         001402  000006  001408      2804       0  CODE        2
                text27                         001408  000006  00140E      2810       0  CODE        2
                text18                         00140E  000006  001414      281C       0  CODE        2
                text16                         001414  000006  00141A      2828       0  CODE        2
                text8                          00141A  000006  001420      2834       0  CODE        2
                clrtext                        001420  000006  001426      2840       0  CODE        2
                inittext                       001426  000006  00142C      284C       0  CODE        2
                text65                         00142C  000007  001433      2858       0  CODE        2
                text71                         001433  000008  00143B      2866       0  CODE        2
                text24                         00143B  000008  001443      2876       0  CODE        2
                text23                         001443  000008  00144B      2886       0  CODE        2
                text22                         00144B  000008  001453      2896       0  CODE        2
                text21                         001453  000008  00145B      28A6       0  CODE        2
                text20                         00145B  000008  001463      28B6       0  CODE        2
                text19                         001463  000008  00146B      28C6       0  CODE        2
                text79                         00146B  000009  001474      28D6       0  CODE        2
                text75                         001474  000009  00147D      28E8       0  CODE        2
                text60                         00147D  000009  001486      28FA       0  CODE        2
                text39                         001486  00000A  001490      290C       0  CODE        2
                text28                         001490  00000A  00149A      2920       0  CODE        2
                text78                         00149A  00000D  0014A7      2934       0  CODE        2
                text64                         0014A7  00000D  0014B4      294E       0  CODE        2
                text25                         0014B4  00000D  0014C1      2968       0  CODE        2
                text14                         0014C1  00000E  0014CF      2982       0  CODE        2
                text76                         0014CF  00000F  0014DE      299E       0  CODE        2
                idataBANK3                     0014DE  000010  0014EE      29BC       0  CODE        2
                text69                         0014EE  000011  0014FF      29DC       0  CODE        2
                text1                          0014FF  000012  001511      29FE       0  CODE        2
                text59                         001511  000013  001524      2A22       0  CODE        2
                text58                         001524  000013  001537      2A48       0  CODE        2
                text62                         001537  000015  00154C      2A6E       0  CODE        2
                text53                         00154C  000015  001561      2A98       0  CODE        2
                text51                         001561  000015  001576      2AC2       0  CODE        2
                text57                         001576  000016  00158C      2AEC       0  CODE        2
                text56                         00158C  000016  0015A2      2B18       0  CODE        2
                text55                         0015A2  000016  0015B8      2B44       0  CODE        2
                text54                         0015B8  000016  0015CE      2B70       0  CODE        2
                text72                         0015CE  000017  0015E5      2B9C       0  CODE        2
                text68                         0015E5  000017  0015FC      2BCA       0  CODE        2
                text38                         0015FC  000017  001613      2BF8       0  CODE        2
                text85                         001613  000019  00162C      2C26       0  CODE        2
                text10                         00162C  00001A  001646      2C58       0  CODE        2
                text17                         001646  00001C  001662      2C8C       0  CODE        2
                text2                          001662  00001C  00167E      2CC4       0  CODE        2
                text15                         00167E  000020  00169E      2CFC       0  CODE        2
                text80                         00169E  000022  0016C0      2D3C       0  CODE        2
                text6                          0016C0  000025  0016E5      2D80       0  CODE        2
                text61                         0016E5  000027  00170C      2DCA       0  CODE        2
                text9                          00170C  000028  001734      2E18       0  CODE        2
                text13                         001734  00002E  001762      2E68       0  CODE        2
                text43                         001762  000034  001796      2EC4       0  CODE        2
                text46                         001796  000035  0017CB      2F2C       0  CODE        2
                text5                          0017CB  000035  001800      2F96       0  CODE        2
                stringtext1                    001800  0000A5  0018A5      3000       0  STRCODE     2


UNUSED ADDRESS RANGES

        Name                Unused          Largest block    Delta
        BANK10           00520-0056F              50           1
        BANK11           005A0-005EF              50           1
        BANK12           00620-0064F              30           1
        BANK3            001D8-001EF              18           1
        BANK4            00220-0026F              50           1
        BANK5            002A0-002EF              50           1
        BANK6            00320-0036F              50           1
        BANK7            003A0-003EF              50           1
        BANK8            00420-0046F              50           1
        BANK9            004A0-004EF              50           1
        BIGRAM           02000-023EF             3F0           1
        CODE             01000-013CB             3CC           2
                         018A5-01F7D             6D9
        COMMON           0007C-0007D               2           1
        CONST            01000-013CB             100           2
                         018A5-01F7D             100
        ENTRY            01000-013CB             100           2
                         018A5-01F7D             100
        RAM              001D8-001EF              18           1
                         00220-0026F              50
                         002A0-002EF              50
                         00320-0036F              50
                         003A0-003EF              50
                         00420-0046F              50
                         004A0-004EF              50
                         00520-0056F              50
                         005A0-005EF              50
                         00620-0064F              30
        SFR0             00000-0001F              20           1
        SFR1             00080-0009F              20           1
        SFR10            00500-0051F              20           1
        SFR11            00580-0059F              20           1
        SFR12            00600-0061F              20           1
        SFR13            00680-006EF              70           1
        SFR14            00700-0076F              70           1
        SFR15            00780-007EF              70           1
        SFR16            00800-0086F              70           1
        SFR17            00880-008EF              70           1
        SFR18            00900-0096F              70           1
        SFR19            00980-009EF              70           1
        SFR2             00100-0011F              20           1
        SFR20            00A00-00A6F              70           1
        SFR21            00A80-00AEF              70           1
        SFR22            00B00-00B6F              70           1
        SFR23            00B80-00BEF              70           1
        SFR24            00C00-00C6F              70           1
        SFR25            00C80-00CEF              70           1
        SFR26            00D00-00D6F              70           1
        SFR27            00D80-00DEF              70           1
        SFR28            00E00-00E6F              70           1
        SFR29            00E80-00EEF              70           1
        SFR3             00180-0019F              20           1
        SFR30            00F00-00F6F              70           1
        SFR31            00F80-00FEF              70           1
        SFR32            01000-0106F              70           1
        SFR33            01080-010EF              70           1
        SFR34            01100-0116F              70           1
        SFR35            01180-011EF              70           1
        SFR36            01200-0126F              70           1
        SFR37            01280-012EF              70           1
        SFR38            01300-0136F              70           1
        SFR39            01380-013EF              70           1
        SFR4             00200-0021F              20           1
        SFR40            01400-0146F              70           1
        SFR41            01480-014EF              70           1
        SFR42            01500-0156F              70           1
        SFR43            01580-015EF              70           1
        SFR44            01600-0166F              70           1
        SFR45            01680-016EF              70           1
        SFR46            01700-0176F              70           1
        SFR47            01780-017EF              70           1
        SFR48            01800-0186F              70           1
        SFR49            01880-018EF              70           1
        SFR5             00280-0029F              20           1
        SFR50            01900-0196F              70           1
        SFR51            01980-019EF              70           1
        SFR52            01A00-01A6F              70           1
        SFR53            01A80-01AEF              70           1
        SFR54            01B00-01B6F              70           1
        SFR55            01B80-01BEF              70           1
        SFR56            01C00-01C6F              70           1
        SFR57            01C80-01CEF              70           1
        SFR58            01D00-01D6F              70           1
        SFR59            01D80-01DEF              70           1
        SFR6             00300-0031F              20           1
        SFR60            01E00-01E6F              70           1
        SFR61            01E80-01EEF              70           1
        SFR62            01F00-01F6F              70           1
        SFR63            01F80-01FEF              70           1
        SFR7             00380-0039F              20           1
        SFR8             00400-0041F              20           1
        SFR9             00480-0049F              20           1
        STRCODE          01000-013CB             3CC           2
                         018A5-01F7D             6D9
        STRING           01000-013CB             100           2
                         018A5-01F7D             100

                                  Symbol Table

?_ADC_GetConversionResult                       cstackCOMMON 00072
?___aodiv                                       cstackBANK0  00020
?___aomod                                       cstackBANK0  00020
?___lmul                                        cstackCOMMON 00072
?_abs                                           cstackCOMMON 00075
?_printf                                        cstackBANK1  000E0
?_rand                                          cstackBANK0  00024
?_vfprintf                                      cstackBANK0  00066
ADC_SelectChannel@channel                       cstackCOMMON 00073
CalcPwm@Led                                     cstackBANK0  00020
CalcPwm@calc                                    cstackBANK0  00021
EUSART1_Read@readValue                          cstackCOMMON 00073
EUSART1_SetErrorHandler@interruptHandler        cstackCOMMON 00072
EUSART1_SetFramingErrorHandler@interruptHandler cstackCOMMON 00072
EUSART1_SetOverrunErrorHandler@interruptHandler cstackCOMMON 00072
EUSART1_SetRxInterruptHandler@interruptHandler  cstackCOMMON 00072
EUSART1_SetTxInterruptHandler@interruptHandler  cstackCOMMON 00072
EUSART1_Write@txData                            cstackCOMMON 00073
EXECUTExEFFECT@ReturnData                       cstackBANK0  0002C
EXECUTExEFFECT@x                                cstackBANK0  0002D
Effect_Prog@Led                                 cstackBANK0  00025
Effect_Prog@Prog                                cstackBANK0  00028
Effect_Prog@ReturnData                          cstackBANK0  00029
IOCBF4_SetInterruptHandler@InterruptHandler     cstackCOMMON 00072
LedBrake@Led                                    cstackCOMMON 00078
LedFlash@Led                                    cstackBANK0  00024
LedFlash@ReturnVal                              cstackBANK0  00023
LedMark@Led                                     cstackCOMMON 00078
LedMax@Led                                      cstackCOMMON 00078
LedNom@Led                                      cstackBANK0  00023
LedOff@Led                                      cstackCOMMON 00078
LedSlFl@Led                                     cstackBANK0  00024
LedSlFl@ReturnVal                               cstackBANK0  00023
PWM1_LoadDutyValue@dutyValue                    cstackCOMMON 00072
PWM2_LoadDutyValue@dutyValue                    cstackCOMMON 00072
PWM3_LoadDutyValue@dutyValue                    cstackCOMMON 00072
PWM4_LoadDutyValue@dutyValue                    cstackCOMMON 00072
PWM5_LoadDutyValue@dutyValue                    cstackCOMMON 00072
PWM6_LoadDutyValue@dutyValue                    cstackCOMMON 00072
RCSxLED@ReedStatus                              cstackBANK0  0002D
TMR0_SetInterruptHandler@InterruptHandler       cstackCOMMON 00072
TMR1_SetInterruptHandler@InterruptHandler       cstackCOMMON 00072
TMR1_WriteTimer@timerVal                        cstackCOMMON 00070
UpdateCarStatus@DriveStatus                     cstackBANK0  0002A
_ADACT                                          (abs)        0009F
_ADACTPPS                                       (abs)        01EC3
_ADCON0                                         (abs)        0009D
_ADCON0bits                                     (abs)        0009D
_ADCON1                                         (abs)        0009E
_ADC_GetConversionResult                        text66       013E4
_ADC_Initialize                                 text36       00800
_ADC_IsConversionDone                           text65       0142C
_ADC_SelectChannel                              text64       014A7
_ADC_StartConversion                            text63       013CE
_ADRESH                                         (abs)        0009C
_ADRESL                                         (abs)        0009B
_ANSELA                                         (abs)        01F38
_ANSELB                                         (abs)        01F43
_ANSELC                                         (abs)        01F4E
_AdcResult                                      dataBANK3    001C0
_AdcResultAvg                                   bssBANK1     000B7
_AdcResultSample                                bssBANK1     000B9
_AdcState                                       bssBANK1     000C5
_BATTxPROTECT                                   text62       01537
_BAUD1CON                                       (abs)        0011F
_BattProtect                                    bssBANK1     000C6
_CCP1CON                                        (abs)        0030E
_CCP1CONbits                                    (abs)        0030E
_CCP2CON                                        (abs)        00312
_CCP2CONbits                                    (abs)        00312
_CCPR1H                                         (abs)        0030D
_CCPR1L                                         (abs)        0030C
_CCPR2H                                         (abs)        00311
_CCPR2L                                         (abs)        00310
_CalcPwm                                        text52       00B19
_CarrOff                                        bssBANK1     000C9
_DebounceCount                                  bssBANK1     000BB
_EUSART1_DefaultErrorHandler                    text84       013D4
_EUSART1_DefaultFramingErrorHandler             text83       013CC
_EUSART1_DefaultOverrunErrorHandler             text82       013D8
_EUSART1_ErrorHandler                           nvBANK3      001D2
_EUSART1_FramingErrorHandler                    nvBANK3      001D6
_EUSART1_Initialize                             text30       00920
_EUSART1_OverrunErrorHandler                    nvBANK3      001D4
_EUSART1_Read                                   text61       016E5
_EUSART1_Receive_ISR                            text81       008AB
_EUSART1_RxDataHandler                          text85       01613
_EUSART1_RxDefaultInterruptHandler              nvBANK2      0016E
_EUSART1_SetErrorHandler                        text35       013EA
_EUSART1_SetFramingErrorHandler                 text34       013F0
_EUSART1_SetOverrunErrorHandler                 text33       013F6
_EUSART1_SetRxInterruptHandler                  text32       013FC
_EUSART1_SetTxInterruptHandler                  text31       01402
_EUSART1_Transmit_ISR                           text80       0169E
_EUSART1_TxDefaultInterruptHandler              nvBANK1      000D9
_EUSART1_Write                                  text9        0170C
_EUSART1_is_rx_ready                            text60       0147D
_EXECUTExEFFECT                                 text43       01762
_EXECUTExEFFECT$2534                            cstackBANK0  0002B
_Effect_Prog                                    text44       00AC3
_FVRCON                                         (abs)        0090C
_FVRCONbits                                     (abs)        0090C
_FVR_Initialize                                 text29       013E0
_INITxEXECUTER                                  text38       015FC
_INLVLA                                         (abs)        01F3C
_INLVLB                                         (abs)        01F47
_INLVLC                                         (abs)        01F52
_INTCONbits                                     (abs)        0000B
_INTERRUPT_InterruptManager                     intentry     00424
_IOCBF4_DefaultInterruptHandler                 text77       013CD
_IOCBF4_ISR                                     text76       014CF
_IOCBF4_InterruptHandler                        nvBANK1      000D7
_IOCBF4_SetInterruptHandler                     text27       01408
_IOCBFbits                                      (abs)        01F4A
_IOCBNbits                                      (abs)        01F49
_IOCBPbits                                      (abs)        01F48
_LATA                                           (abs)        00018
_LATAbits                                       (abs)        00018
_LATB                                           (abs)        00019
_LATBbits                                       (abs)        00019
_LATC                                           (abs)        0001A
_LATCbits                                       (abs)        0001A
_LedBit                                         dataBANK2    00120
_LedBrake                                       text51       01561
_LedFlash                                       text50       00C31
_LedMark                                        text49       00809
_LedMax                                         text48       0083F
_LedNom                                         text47       00A27
_LedOff                                         text46       01796
_LedSlFl                                        text45       004B4
_NVMADRH                                        (abs)        0081B
_NVMADRL                                        (abs)        0081A
_NVMCON1bits                                    (abs)        0081E
_NVMCON2                                        (abs)        0081F
_NVMDATH                                        (abs)        0081D
_NVMDATL                                        (abs)        0081C
_ODCONA                                         (abs)        01F3A
_ODCONB                                         (abs)        01F45
_ODCONC                                         (abs)        01F50
_OSCCON1                                        (abs)        0088D
_OSCCON3                                        (abs)        0088F
_OSCEN                                          (abs)        00891
_OSCFRQ                                         (abs)        00893
_OSCILLATOR_Initialize                          text28       01490
_OSCSTAT                                        (abs)        00890
_OSCTUNE                                        (abs)        00892
_PIE0bits                                       (abs)        00716
_PIE3bits                                       (abs)        00719
_PIE4bits                                       (abs)        0071A
_PIN_MANAGER_IOC                                text75       01474
_PIN_MANAGER_Initialize                         text26       0095D
_PIR0bits                                       (abs)        0070C
_PIR3bits                                       (abs)        0070F
_PIR4bits                                       (abs)        00710
_PMD0                                           (abs)        00796
_PMD1                                           (abs)        00797
_PMD2                                           (abs)        00798
_PMD3                                           (abs)        00799
_PMD4                                           (abs)        0079A
_PMD5                                           (abs)        0079B
_PMD_Initialize                                 text25       014B4
_PORTBbits                                      (abs)        0000D
_PR2                                            (abs)        0028D
_PWM1_Initialize                                text24       0143B
_PWM1_LoadDutyValue                             text59       01511
_PWM2_Initialize                                text23       01443
_PWM2_LoadDutyValue                             text58       01524
_PWM3CON                                        (abs)        00316
_PWM3DCH                                        (abs)        00315
_PWM3DCL                                        (abs)        00314
_PWM3_Initialize                                text22       0144B
_PWM3_LoadDutyValue                             text57       01576
_PWM4CON                                        (abs)        0031A
_PWM4DCH                                        (abs)        00319
_PWM4DCL                                        (abs)        00318
_PWM4_Initialize                                text21       01453
_PWM4_LoadDutyValue                             text56       0158C
_PWM5CON                                        (abs)        0031E
_PWM5DCH                                        (abs)        0031D
_PWM5DCL                                        (abs)        0031C
_PWM5_Initialize                                text20       0145B
_PWM5_LoadDutyValue                             text55       015A2
_PWM6CON                                        (abs)        0038E
_PWM6DCH                                        (abs)        0038D
_PWM6DCL                                        (abs)        0038C
_PWM6_Initialize                                text19       01463
_PWM6_LoadDutyValue                             text54       015B8
_RB7PPS                                         (abs)        01F1F
_RC0PPS                                         (abs)        01F20
_RC1REG                                         (abs)        00119
_RC1STA                                         (abs)        0011D
_RC1STAbits                                     (abs)        0011D
_RC3PPS                                         (abs)        01F23
_RC4PPS                                         (abs)        01F24
_RC5PPS                                         (abs)        01F25
_RC6PPS                                         (abs)        01F26
_RC7PPS                                         (abs)        01F27
_RCS_INT                                        text78       0149A
_RCSxLED                                        text37       00A70
_RX1DTPPS                                       (abs)        01ECB
_Random                                         nvBANK3      001D0
_ReedState                                      bssBANK1     000C0
_ReturnVal                                      bssBANK1     000C1
_SLRCONA                                        (abs)        01F3B
_SLRCONB                                        (abs)        01F46
_SLRCONC                                        (abs)        01F51
_SP1BRGH                                        (abs)        0011C
_SP1BRGL                                        (abs)        0011B
_SYSTEM_Initialize                              text13       01734
_T0CON0                                         (abs)        0059E
_T0CON0bits                                     (abs)        0059E
_T0CON1                                         (abs)        0059F
_T1CLK                                          (abs)        00211
_T1CON                                          (abs)        0020E
_T1CONbits                                      (abs)        0020E
_T1GATE                                         (abs)        00210
_T1GCON                                         (abs)        0020F
_T1GCONbits                                     (abs)        0020F
_T2CLKCON                                       (abs)        00290
_T2CON                                          (abs)        0028E
_T2CONbits                                      (abs)        0028E
_T2HLT                                          (abs)        0028F
_T2HLTbits                                      (abs)        0028F
_T2PR                                           (abs)        0028D
_T2RST                                          (abs)        00291
_T2RSTbits                                      (abs)        00291
_T2TMR                                          (abs)        0028C
_TMR0H                                          (abs)        0059D
_TMR0L                                          (abs)        0059C
_TMR0_DefaultInterruptHandler                   text73       00422
_TMR0_INT                                       text74       013DC
_TMR0_ISR                                       text72       015CE
_TMR0_Initialize                                text17       01646
_TMR0_InterruptHandler                          nvBANK1      000D3
_TMR0_Reload                                    text79       0146B
_TMR0_SetInterruptHandler                       text18       0140E
_TMR1H                                          (abs)        0020D
_TMR1L                                          (abs)        0020C
_TMR1_DefaultInterruptHandler                   text70       00423
_TMR1_INT                                       text71       01433
_TMR1_ISR                                       text68       015E5
_TMR1_Initialize                                text15       0167E
_TMR1_InterruptHandler                          nvBANK1      000CF
_TMR1_SetInterruptHandler                       text16       01414
_TMR1_WriteTimer                                text69       014EE
_TMR2                                           (abs)        0028C
_TMR2_Initialize                                text14       014C1
_TRISA                                          (abs)        00012
_TRISB                                          (abs)        00013
_TRISC                                          (abs)        00014
_TRISCbits                                      (abs)        00014
_TX1REG                                         (abs)        0011A
_TX1STA                                         (abs)        0011E
_TX1STAbits                                     (abs)        0011E
_UpdateCarStatus                                text40       007CA
_UpdateLeds                                     bssBANK1     000C8
_UpdateRcs                                      bssBANK1     000CA
_UpdateRcsDisable                               dataBANK1    000EE
_UpdateVbatt                                    bssBANK1     000C7
_WPUA                                           (abs)        01F39
_WPUB                                           (abs)        01F44
_WPUC                                           (abs)        01F4F
__Habs1                                         abs1         00000
__Hbank0                                        bank0        00000
__Hbank1                                        bank1        00000
__Hbank10                                       bank10       00000
__Hbank11                                       bank11       00000
__Hbank12                                       bank12       00000
__Hbank13                                       bank13       00000
__Hbank14                                       bank14       00000
__Hbank15                                       bank15       00000
__Hbank16                                       bank16       00000
__Hbank17                                       bank17       00000
__Hbank18                                       bank18       00000
__Hbank19                                       bank19       00000
__Hbank2                                        bank2        00000
__Hbank20                                       bank20       00000
__Hbank21                                       bank21       00000
__Hbank22                                       bank22       00000
__Hbank23                                       bank23       00000
__Hbank24                                       bank24       00000
__Hbank25                                       bank25       00000
__Hbank26                                       bank26       00000
__Hbank27                                       bank27       00000
__Hbank28                                       bank28       00000
__Hbank29                                       bank29       00000
__Hbank3                                        bank3        00000
__Hbank30                                       bank30       00000
__Hbank31                                       bank31       00000
__Hbank32                                       bank32       00000
__Hbank33                                       bank33       00000
__Hbank34                                       bank34       00000
__Hbank35                                       bank35       00000
__Hbank36                                       bank36       00000
__Hbank37                                       bank37       00000
__Hbank38                                       bank38       00000
__Hbank39                                       bank39       00000
__Hbank4                                        bank4        00000
__Hbank40                                       bank40       00000
__Hbank41                                       bank41       00000
__Hbank42                                       bank42       00000
__Hbank43                                       bank43       00000
__Hbank44                                       bank44       00000
__Hbank45                                       bank45       00000
__Hbank46                                       bank46       00000
__Hbank47                                       bank47       00000
__Hbank48                                       bank48       00000
__Hbank49                                       bank49       00000
__Hbank5                                        bank5        00000
__Hbank50                                       bank50       00000
__Hbank51                                       bank51       00000
__Hbank52                                       bank52       00000
__Hbank53                                       bank53       00000
__Hbank54                                       bank54       00000
__Hbank55                                       bank55       00000
__Hbank56                                       bank56       00000
__Hbank57                                       bank57       00000
__Hbank58                                       bank58       00000
__Hbank59                                       bank59       00000
__Hbank6                                        bank6        00000
__Hbank60                                       bank60       00000
__Hbank61                                       bank61       00000
__Hbank62                                       bank62       00000
__Hbank63                                       bank63       00000
__Hbank7                                        bank7        00000
__Hbank8                                        bank8        00000
__Hbank9                                        bank9        00000
__Hbigram                                       bigram       00000
__HbssBANK1                                     bssBANK1     00000
__HbssBANK2                                     bssBANK2     00000
__HbssBANK3                                     bssBANK3     00000
__HbssCOMMON                                    bssCOMMON    00000
__Hchecksum                                     checksum     01F7E
__Hcinit                                        cinit        004B4
__Hclrtext                                      clrtext      00000
__Hcode                                         code         00000
__Hcommon                                       common       00000
__Hconfig                                       config       0800C
__HcstackBANK0                                  cstackBANK0  00000
__HcstackBANK1                                  cstackBANK1  00000
__HcstackCOMMON                                 cstackCOMMON 00000
__HdataBANK1                                    dataBANK1    00000
__HdataBANK2                                    dataBANK2    00000
__HdataBANK3                                    dataBANK3    00000
__Heeprom_data                                  eeprom_data  00000
__Hend_init                                     end_init     00472
__Hfunctab                                      functab      00000
__Hheap                                         heap         00000
__HidataBANK1                                   idataBANK1   00000
__HidataBANK2                                   idataBANK2   00000
__HidataBANK3                                   idataBANK3   00000
__Hidloc                                        idloc        08004
__Hinit                                         init         00470
__Hinittext                                     inittext     00000
__Hintentry                                     intentry     0046F
__Hmaintext                                     maintext     00000
__HnvBANK1                                      nvBANK1      00000
__HnvBANK2                                      nvBANK2      00000
__HnvBANK3                                      nvBANK3      00000
__Hpowerup                                      powerup      00000
__Hram                                          ram          00000
__Hreset_vec                                    reset_vec    00422
__Hsfr0                                         sfr0         00000
__Hsfr1                                         sfr1         00000
__Hsfr10                                        sfr10        00000
__Hsfr11                                        sfr11        00000
__Hsfr12                                        sfr12        00000
__Hsfr13                                        sfr13        00000
__Hsfr14                                        sfr14        00000
__Hsfr15                                        sfr15        00000
__Hsfr16                                        sfr16        00000
__Hsfr17                                        sfr17        00000
__Hsfr18                                        sfr18        00000
__Hsfr19                                        sfr19        00000
__Hsfr2                                         sfr2         00000
__Hsfr20                                        sfr20        00000
__Hsfr21                                        sfr21        00000
__Hsfr22                                        sfr22        00000
__Hsfr23                                        sfr23        00000
__Hsfr24                                        sfr24        00000
__Hsfr25                                        sfr25        00000
__Hsfr26                                        sfr26        00000
__Hsfr27                                        sfr27        00000
__Hsfr28                                        sfr28        00000
__Hsfr29                                        sfr29        00000
__Hsfr3                                         sfr3         00000
__Hsfr30                                        sfr30        00000
__Hsfr31                                        sfr31        00000
__Hsfr32                                        sfr32        00000
__Hsfr33                                        sfr33        00000
__Hsfr34                                        sfr34        00000
__Hsfr35                                        sfr35        00000
__Hsfr36                                        sfr36        00000
__Hsfr37                                        sfr37        00000
__Hsfr38                                        sfr38        00000
__Hsfr39                                        sfr39        00000
__Hsfr4                                         sfr4         00000
__Hsfr40                                        sfr40        00000
__Hsfr41                                        sfr41        00000
__Hsfr42                                        sfr42        00000
__Hsfr43                                        sfr43        00000
__Hsfr44                                        sfr44        00000
__Hsfr45                                        sfr45        00000
__Hsfr46                                        sfr46        00000
__Hsfr47                                        sfr47        00000
__Hsfr48                                        sfr48        00000
__Hsfr49                                        sfr49        00000
__Hsfr5                                         sfr5         00000
__Hsfr50                                        sfr50        00000
__Hsfr51                                        sfr51        00000
__Hsfr52                                        sfr52        00000
__Hsfr53                                        sfr53        00000
__Hsfr54                                        sfr54        00000
__Hsfr55                                        sfr55        00000
__Hsfr56                                        sfr56        00000
__Hsfr57                                        sfr57        00000
__Hsfr58                                        sfr58        00000
__Hsfr59                                        sfr59        00000
__Hsfr6                                         sfr6         00000
__Hsfr60                                        sfr60        00000
__Hsfr61                                        sfr61        00000
__Hsfr62                                        sfr62        00000
__Hsfr63                                        sfr63        00000
__Hsfr7                                         sfr7         00000
__Hsfr8                                         sfr8         00000
__Hsfr9                                         sfr9         00000
__Hspace_0                                      (abs)        01F7E
__Hspace_1                                      (abs)        001D8
__Hspace_2                                      (abs)        00000
__Hspace_3                                      (abs)        00000
__Hspace_4                                      (abs)        10013
__Hstack                                        stack        00000
__Hstrings                                      strings      00000
__Hstringtext1                                  stringtext1  00000
__Hstringtext2                                  stringtext2  00000
__Hstringtext3                                  stringtext3  00000
__Hstringtext4                                  stringtext4  00000
__Hstringtext5                                  stringtext5  00000
__Hstringtext6                                  stringtext6  00000
__Hstringtext7                                  stringtext7  00000
__Htext                                         text         00000
__Labs1                                         abs1         00000
__Lbank0                                        bank0        00000
__Lbank1                                        bank1        00000
__Lbank10                                       bank10       00000
__Lbank11                                       bank11       00000
__Lbank12                                       bank12       00000
__Lbank13                                       bank13       00000
__Lbank14                                       bank14       00000
__Lbank15                                       bank15       00000
__Lbank16                                       bank16       00000
__Lbank17                                       bank17       00000
__Lbank18                                       bank18       00000
__Lbank19                                       bank19       00000
__Lbank2                                        bank2        00000
__Lbank20                                       bank20       00000
__Lbank21                                       bank21       00000
__Lbank22                                       bank22       00000
__Lbank23                                       bank23       00000
__Lbank24                                       bank24       00000
__Lbank25                                       bank25       00000
__Lbank26                                       bank26       00000
__Lbank27                                       bank27       00000
__Lbank28                                       bank28       00000
__Lbank29                                       bank29       00000
__Lbank3                                        bank3        00000
__Lbank30                                       bank30       00000
__Lbank31                                       bank31       00000
__Lbank32                                       bank32       00000
__Lbank33                                       bank33       00000
__Lbank34                                       bank34       00000
__Lbank35                                       bank35       00000
__Lbank36                                       bank36       00000
__Lbank37                                       bank37       00000
__Lbank38                                       bank38       00000
__Lbank39                                       bank39       00000
__Lbank4                                        bank4        00000
__Lbank40                                       bank40       00000
__Lbank41                                       bank41       00000
__Lbank42                                       bank42       00000
__Lbank43                                       bank43       00000
__Lbank44                                       bank44       00000
__Lbank45                                       bank45       00000
__Lbank46                                       bank46       00000
__Lbank47                                       bank47       00000
__Lbank48                                       bank48       00000
__Lbank49                                       bank49       00000
__Lbank5                                        bank5        00000
__Lbank50                                       bank50       00000
__Lbank51                                       bank51       00000
__Lbank52                                       bank52       00000
__Lbank53                                       bank53       00000
__Lbank54                                       bank54       00000
__Lbank55                                       bank55       00000
__Lbank56                                       bank56       00000
__Lbank57                                       bank57       00000
__Lbank58                                       bank58       00000
__Lbank59                                       bank59       00000
__Lbank6                                        bank6        00000
__Lbank60                                       bank60       00000
__Lbank61                                       bank61       00000
__Lbank62                                       bank62       00000
__Lbank63                                       bank63       00000
__Lbank7                                        bank7        00000
__Lbank8                                        bank8        00000
__Lbank9                                        bank9        00000
__Lbigram                                       bigram       00000
__LbssBANK1                                     bssBANK1     00000
__LbssBANK2                                     bssBANK2     00000
__LbssBANK3                                     bssBANK3     00000
__LbssCOMMON                                    bssCOMMON    00000
__Lchecksum                                     checksum     01F7E
__Lcinit                                        cinit        00472
__Lclrtext                                      clrtext      00000
__Lcode                                         code         00000
__Lcommon                                       common       00000
__Lconfig                                       config       00000
__LcstackBANK0                                  cstackBANK0  00000
__LcstackBANK1                                  cstackBANK1  00000
__LcstackCOMMON                                 cstackCOMMON 00000
__LdataBANK1                                    dataBANK1    00000
__LdataBANK2                                    dataBANK2    00000
__LdataBANK3                                    dataBANK3    00000
__Leeprom_data                                  eeprom_data  00000
[...]
__pbssBANK3                                     bssBANK3     001A0
__pbssCOMMON                                    bssCOMMON    0007A
__pcstackBANK0                                  cstackBANK0  00020
__pcstackBANK1                                  cstackBANK1  000E0
__pcstackCOMMON                                 cstackCOMMON 00070
__pdataBANK1                                    dataBANK1    000ED
__pdataBANK2                                    dataBANK2    00120
__pdataBANK3                                    dataBANK3    001C0
__pidataBANK1                                   idataBANK1   013D1
__pidataBANK2                                   idataBANK2   009E1
__pidataBANK3                                   idataBANK3   014DE
__pintentry                                     intentry     00424
__pmaintext                                     maintext     00EE8
__pnvBANK1                                      nvBANK1      000CF
__pnvBANK2                                      nvBANK2      0016E
__pnvBANK3                                      nvBANK3      001D0
__pstringtext1                                  stringtext1  01800
__pstringtext2                                  stringtext2  01830
__pstringtext3                                  stringtext3  0185F
__pstringtext4                                  stringtext4  01877
__pstringtext5                                  stringtext5  01889
__pstringtext6                                  stringtext6  0189A
__pstringtext7                                  stringtext7  00000
__ptext1                                        text1        014FF
__ptext10                                       text10       0162C
__ptext11                                       text11       00CFA
__ptext12                                       text12       00DE4
__ptext13                                       text13       01734
__ptext14                                       text14       014C1
__ptext15                                       text15       0167E
__ptext16                                       text16       01414
__ptext17                                       text17       01646
__ptext18                                       text18       0140E
__ptext19                                       text19       01463
__ptext2                                        text2        01662
__ptext20                                       text20       0145B
__ptext21                                       text21       01453
__ptext22                                       text22       0144B
__ptext23                                       text23       01443
__ptext24                                       text24       0143B
__ptext25                                       text25       014B4
__ptext26                                       text26       0095D
__ptext27                                       text27       01408
__ptext28                                       text28       01490
__ptext29                                       text29       013E0
__ptext3                                        text3        00B90
__ptext30                                       text30       00920
__ptext31                                       text31       01402
__ptext32                                       text32       013FC
__ptext33                                       text33       013F6
__ptext34                                       text34       013F0
__ptext35                                       text35       013EA
__ptext36                                       text36       00800
__ptext37                                       text37       00A70
__ptext38                                       text38       015FC
__ptext39                                       text39       01486
__ptext4                                        text4        00693
__ptext40                                       text40       007CA
__ptext41                                       text41       008E4
__ptext42                                       text42       00875
__ptext43                                       text43       01762
__ptext44                                       text44       00AC3
__ptext45                                       text45       004B4
__ptext46                                       text46       01796
__ptext47                                       text47       00A27
__ptext48                                       text48       0083F
__ptext49                                       text49       00809
__ptext5                                        text5        017CB
__ptext50                                       text50       00C31
__ptext51                                       text51       01561
__ptext52                                       text52       00B19
__ptext53                                       text53       0154C
__ptext54                                       text54       015B8
__ptext55                                       text55       015A2
__ptext56                                       text56       0158C
__ptext57                                       text57       01576
__ptext58                                       text58       01524
__ptext59                                       text59       01511
__ptext6                                        text6        016C0
__ptext60                                       text60       0147D
__ptext61                                       text61       016E5
__ptext62                                       text62       01537
__ptext63                                       text63       013CE
__ptext64                                       text64       014A7
__ptext65                                       text65       0142C
__ptext66                                       text66       013E4
__ptext68                                       text68       015E5
__ptext69                                       text69       014EE
__ptext7                                        text7        0099F
__ptext70                                       text70       00423
__ptext71                                       text71       01433
__ptext72                                       text72       015CE
__ptext73                                       text73       00422
__ptext74                                       text74       013DC
__ptext75                                       text75       01474
__ptext76                                       text76       014CF
__ptext77                                       text77       013CD
__ptext78                                       text78       0149A
__ptext79                                       text79       0146B
__ptext8                                        text8        0141A
__ptext80                                       text80       0169E
__ptext81                                       text81       008AB
__ptext82                                       text82       013D8
__ptext83                                       text83       013CC
__ptext84                                       text84       013D4
__ptext85                                       text85       01613
__ptext9                                        text9        0170C
_abs                                            text10       0162C
_dbuf                                           bssBANK3     001A0
_dtoa                                           text4        00693
_dtoa$2187                                      cstackBANK0  00043
_eusart1RxBuffer                                bssBANK2     00166
_eusart1RxCount                                 bssBANK1     000CC
_eusart1RxHead                                  bssCOMMON    0007B
_eusart1RxLastError                             bssBANK1     000CB
_eusart1RxStatusBuffer                          bssBANK1     000A0
_eusart1RxTail                                  bssCOMMON    0007A
_eusart1TxBuffer                                bssBANK1     000A8
_eusart1TxBufferRemaining                       nvBANK1      000DB
_eusart1TxHead                                  bssBANK1     000CE
_eusart1TxTail                                  bssBANK1     000CD
_flags                                          bssBANK1     000BF
_fputc                                          text7        0099F
_fputs                                          text6        016C0
_main                                           maintext     00EE8
_pAdcResult                                     bssBANK1     000C4
_pad                                            text5        017CB
_prec                                           bssBANK1     000B5
_printf                                         text1        014FF
_putch                                          text8        0141A
_rand                                           text41       008E4
_seed                                           nvBANK1      000DC
_srand                                          text39       01486
_stm                                            bssBANK1     000C2
_timer0ReloadVal16bit                           nvBANK1      000D5
_timer1ReloadVal                                nvBANK1      000D1
_vfpfcnvrt                                      text3        00B90
_vfprintf                                       text2        01662
_width                                          bssBANK1     000B3
abs@a                                           cstackCOMMON 00075
btemp                                           (abs)        0007E
clear_ram0                                      clrtext      01420
dtoa@d                                          cstackBANK0  0003A
dtoa@fp                                         cstackBANK0  00045
dtoa@i                                          cstackBANK0  00053
dtoa@n                                          cstackBANK0  0004A
dtoa@p                                          cstackBANK0  00046
dtoa@s                                          cstackBANK0  00052
dtoa@w                                          cstackBANK0  00048
end_of_initialization                           cinit        004B0
fputc@c                                         cstackCOMMON 00075
fputc@fp                                        cstackCOMMON 00077
fputs@c                                         cstackBANK0  00028
fputs@fp                                        cstackCOMMON 00078
fputs@i                                         cstackBANK0  00029
fputs@s                                         cstackBANK0  00027
init_ram                                        inittext     01426
int$flags                                       (abs)        0007E
intlevel0                                       functab      00000
intlevel1                                       functab      00000
intlevel2                                       functab      00000
intlevel3                                       functab      00000
intlevel4                                       functab      00000
intlevel5                                       functab      00000
main@i                                          cstackBANK1  000EC
pad@buf                                         cstackBANK0  0002B
pad@fp                                          cstackBANK0  00032
pad@i                                           cstackBANK0  0002E
pad@p                                           cstackBANK0  0002C
pad@w                                           cstackBANK0  00030
printf@ap                                       cstackBANK0  0006D
printf@fmt                                      cstackBANK1  000E0
putch@txData                                    cstackCOMMON 00074
reset_vec                                       reset_vec    00420
srand@s                                         cstackCOMMON 00072
start                                           init         0046F
start_initialization                            cinit        00472
vfpfcnvrt@ap                                    cstackBANK0  00056
vfpfcnvrt@convarg                               cstackBANK0  0005B
vfpfcnvrt@cp                                    cstackBANK0  00064
vfpfcnvrt@fmt                                   cstackBANK0  00055
vfpfcnvrt@fp                                    cstackBANK0  00063
vfprintf@ap                                     cstackBANK0  00068
vfprintf@cfmt                                   cstackBANK0  0006B
vfprintf@fmt                                    cstackBANK0  00066
vfprintf@fp                                     cstackBANK0  0006A
wtemp0                                          (abs)        0007E


MODULE INFORMATION

Module		Function		Class		Link	Load	Size
C:\Program Files\Microchip\xc8\v2.40\pic\sources\c99\common\nf_fputc.c
		_fputc         		CODE           	099F	0000	66

C:\Program Files\Microchip\xc8\v2.40\pic\sources\c99\common\nf_fputc.c estimated size: 66

C:\Program Files\Microchip\xc8\v2.40\pic\sources\c99\common\rand.c
		_srand         		CODE           	1486	0000	10
		_rand          		CODE           	08E4	0000	60

C:\Program Files\Microchip\xc8\v2.40\pic\sources\c99\common\rand.c estimated size: 70

mcc_generated_files/pwm6.c
		_PWM6_LoadDutyValue		CODE           	15B8	0000	22
		_PWM6_Initialize		CODE           	1463	0000	8

mcc_generated_files/pwm6.c estimated size: 30

mcc_generated_files/fvr.c
		_FVR_Initialize		CODE           	13E0	0000	4

mcc_generated_files/fvr.c estimated size: 4

mcc_generated_files/pwm4.c
		_PWM4_Initialize		CODE           	1453	0000	8
		_PWM4_LoadDutyValue		CODE           	158C	0000	22

mcc_generated_files/pwm4.c estimated size: 30

C:\Program Files\Microchip\xc8\v2.40\pic\sources\c99\common\Umul8.c
		___bmul        		CODE           	154C	0000	21

C:\Program Files\Microchip\xc8\v2.40\pic\sources\c99\common\Umul8.c estimated size: 21

mcc_generated_files/tmr2.c
		_TMR2_Initialize		CODE           	14C1	0000	14

mcc_generated_files/tmr2.c estimated size: 14

mcc_generated_files/interrupt_manager.c
		_INTERRUPT_InterruptManager		CODE           	0424	0000	75

mcc_generated_files/interrupt_manager.c estimated size: 75

mcc_generated_files/pwm2.c
		_PWM2_Initialize		CODE           	1443	0000	8
		_PWM2_LoadDutyValue		CODE           	1524	0000	19

mcc_generated_files/pwm2.c estimated size: 27

C:\Program Files\Microchip\xc8\v2.40\pic\sources\c99\common\abs.c
		_abs           		CODE           	162C	0000	26

C:\Program Files\Microchip\xc8\v2.40\pic\sources\c99\common\abs.c estimated size: 26

mcc_generated_files/tmr0.c
		_TMR0_SetInterruptHandler		CODE           	140E	0000	6
		_TMR0_Reload   		CODE           	146B	0000	9
		_TMR0_DefaultInterruptHandler		CODE           	0422	0000	1
		_TMR0_ISR      		CODE           	15CE	0000	23
		_TMR0_Initialize		CODE           	1646	0000	28

mcc_generated_files/tmr0.c estimated size: 67

C:\Program Files\Microchip\xc8\v2.40\pic\sources\c99\common\printf.c
		_printf        		CODE           	14FF	0000	18

C:\Program Files\Microchip\xc8\v2.40\pic\sources\c99\common\printf.c estimated size: 18

mcc_generated_files/pin_manager.c
		_PIN_MANAGER_Initialize		CODE           	095D	0000	66
		_IOCBF4_DefaultInterruptHandler		CODE           	13CD	0000	1
		_IOCBF4_ISR    		CODE           	14CF	0000	15
		_PIN_MANAGER_IOC		CODE           	1474	0000	9
		_IOCBF4_SetInterruptHandler		CODE           	1408	0000	6

mcc_generated_files/pin_manager.c estimated size: 97

mcc_generated_files/adc.c
		_ADC_Initialize		CODE           	0800	0000	9
		_ADC_IsConversionDone		CODE           	142C	0000	7
		_ADC_GetConversionResult		CODE           	13E4	0000	6
		_ADC_StartConversion		CODE           	13CE	0000	3
		_ADC_SelectChannel		CODE           	14A7	0000	13

mcc_generated_files/adc.c estimated size: 38

C:\Program Files\Microchip\xc8\v2.40\pic\sources\c99\common\Umul32.c
		___lmul        		CODE           	0875	0000	54

C:\Program Files\Microchip\xc8\v2.40\pic\sources\c99\common\Umul32.c estimated size: 54

C:\Program Files\Microchip\xc8\v2.40\pic\sources\c99\common\nf_fputs.c
		_fputs         		CODE           	16C0	0000	37

C:\Program Files\Microchip\xc8\v2.40\pic\sources\c99\common\nf_fputs.c estimated size: 37

C:\Program Files\Microchip\xc8\v2.40\pic\sources\c99\common\aomod.c
		___aomod       		CODE           	0CFA	0000	234

C:\Program Files\Microchip\xc8\v2.40\pic\sources\c99\common\aomod.c estimated size: 234

shared
		__initialization		CODE           	0472	0000	62

shared estimated size: 62

mcc_generated_files/eusart1.c
		_EUSART1_SetRxInterruptHandler		CODE           	13FC	0000	6
		_EUSART1_SetTxInterruptHandler		CODE           	1402	0000	6
		_EUSART1_is_rx_ready		CODE           	147D	0000	9
		_EUSART1_Initialize		CODE           	0920	0000	61
		_putch         		CODE           	141A	0000	6
		_EUSART1_DefaultErrorHandler		CODE           	13D4	0000	4
		_EUSART1_SetFramingErrorHandler		CODE           	13F0	0000	6
		_EUSART1_Read  		CODE           	16E5	0000	39
		_EUSART1_SetOverrunErrorHandler		CODE           	13F6	0000	6
		_EUSART1_SetErrorHandler		CODE           	13EA	0000	6
		_EUSART1_Write 		CODE           	170C	0000	40
		_EUSART1_Receive_ISR		CODE           	08AB	0000	57
		_EUSART1_RxDataHandler		CODE           	1613	0000	25
		_EUSART1_DefaultOverrunErrorHandler		CODE           	13D8	0000	4
		_EUSART1_Transmit_ISR		CODE           	169E	0000	34
		_EUSART1_DefaultFramingErrorHandler		CODE           	13CC	0000	1

mcc_generated_files/eusart1.c estimated size: 310

mcc_generated_files/pwm5.c
		_PWM5_LoadDutyValue		CODE           	15A2	0000	22
		_PWM5_Initialize		CODE           	145B	0000	8

mcc_generated_files/pwm5.c estimated size: 30

mcc_generated_files/mcc.c
		_PMD_Initialize		CODE           	14B4	0000	13
		_OSCILLATOR_Initialize		CODE           	1490	0000	10
		_SYSTEM_Initialize		CODE           	1734	0000	46

mcc_generated_files/mcc.c estimated size: 69

mcc_generated_files/pwm3.c
		_PWM3_Initialize		CODE           	144B	0000	8
		_PWM3_LoadDutyValue		CODE           	1576	0000	22

mcc_generated_files/pwm3.c estimated size: 30

mcc_generated_files/tmr1.c
		_TMR1_Initialize		CODE           	167E	0000	32
		_TMR1_SetInterruptHandler		CODE           	1414	0000	6
		_TMR1_DefaultInterruptHandler		CODE           	0423	0000	1
		_TMR1_WriteTimer		CODE           	14EE	0000	17
		_TMR1_ISR      		CODE           	15E5	0000	23

mcc_generated_files/tmr1.c estimated size: 79

mcc_generated_files/pwm1.c
		_PWM1_Initialize		CODE           	143B	0000	8
		_PWM1_LoadDutyValue		CODE           	1511	0000	19

mcc_generated_files/pwm1.c estimated size: 27

executer_mercedesbus.c
		_Effect_Prog   		CODE           	0AC3	0000	86
		_UpdateCarStatus		CODE           	07CA	0000	54
		_LedFlash      		CODE           	0C31	0000	201
		_LedSlFl       		CODE           	04B4	0000	479
		_LedMark       		CODE           	0809	0000	54
		_EXECUTExEFFECT		CODE           	1762	0000	52
		_LedBrake      		CODE           	1561	0000	21
		_BATTxPROTECT  		CODE           	1537	0000	21
		_LedNom        		CODE           	0A27	0000	73
		_CalcPwm       		CODE           	0B19	0000	119
		_LedOff        		CODE           	1796	0000	53
		_RCSxLED       		CODE           	0A70	0000	83
		_INITxEXECUTER 		CODE           	15FC	0000	23
		_LedMax        		CODE           	083F	0000	54

executer_mercedesbus.c estimated size: 1373

C:\Program Files\Microchip\xc8\v2.40\pic\sources\c99\common\doprnt.c
		_vfpfcnvrt     		CODE           	0B90	0000	161
		_pad           		CODE           	17CB	0000	53
		_dtoa          		CODE           	0693	0000	311
		_vfprintf      		CODE           	1662	0000	28

C:\Program Files\Microchip\xc8\v2.40\pic\sources\c99\common\doprnt.c estimated size: 553

main.c
		_main          		CODE           	0EE8	0000	280
		_RCS_INT       		CODE           	149A	0000	13
		_TMR0_INT      		CODE           	13DC	0000	4
		_TMR1_INT      		CODE           	1433	0000	8

main.c estimated size: 305

C:\Program Files\Microchip\xc8\v2.40\pic\sources\c99\common\aodiv.c
		___aodiv       		CODE           	0DE4	0000	260

C:\Program Files\Microchip\xc8\v2.40\pic\sources\c99\common\aodiv.c estimated size: 260

