MPLINK 4.35, Linker
Linker Map File - Created Sun Nov 14 23:28:46 2010

                                 Section Info
                  Section       Type    Address   Location Size(Bytes)
                ---------  ---------  ---------  ---------  ---------
               _entry_scn       code   0x000000    program   0x000006
           .code___init.o       code   0x000006    program   0x000002
              high_vector       code   0x000008    program   0x000006
   .romdata_Fiddle Yard.o    romdata   0x00000e    program   0x000006
              SEED_DATA_i    romdata   0x000014    program   0x000002
      .romdata_ETH97J60.o    romdata   0x000016    program   0x000000
          .romdata_ICMP.o    romdata   0x000016    program   0x000000
           .idata_UDP.o_i    romdata   0x000016    program   0x000002
           .romdata_UDP.o    romdata   0x000016    program   0x000000
       .romdata_Helpers.o    romdata   0x000016    program   0x000000
          .romdata_NBNS.o    romdata   0x000016    program   0x000000
       .romdata_Var_Out.o    romdata   0x000016    program   0x000000
.romdata_Command_Machine.o    romdata   0x000016    program   0x000000
.romdata_Diagnostic_ret.o    romdata   0x000016    program   0x000000
.romdata_Shift_Register.o    romdata   0x000016    program   0x000000
 .romdata_State_Machine.o    romdata   0x000016    program   0x000000
      .idata_fxd1616u.o_i    romdata   0x000016    program   0x000000
      .romdata_fxd1616u.o    romdata   0x000016    program   0x000000
      .idata_fxd3232u.o_i    romdata   0x000016    program   0x000000
      .romdata_fxd3232u.o    romdata   0x000016    program   0x000000
      .idata_pw1setdc.o_i    romdata   0x000016    program   0x000000
      .romdata_pw1setdc.o    romdata   0x000016    program   0x000000
      .idata_pw3setdc.o_i    romdata   0x000016    program   0x000000
      .romdata_pw3setdc.o    romdata   0x000016    program   0x000000
        .idata___init.o_i    romdata   0x000016    program   0x000000
        .romdata___init.o    romdata   0x000016    program   0x000000
            .romdata_IP.o    romdata   0x000016    program   0x000000
         .idata_c018i.o_i    romdata   0x000016    program   0x000000
          .romdata_Tick.o    romdata   0x000016    program   0x000000
         .romdata_c018i.o    romdata   0x000016    program   0x000000
          .romdata_DHCP.o    romdata   0x000016    program   0x000000
      .romdata_Announce.o    romdata   0x000016    program   0x000000
           .romdata_ARP.o    romdata   0x000016    program   0x000000
      .romdata_StackTsk.o    romdata   0x000016    program   0x000000
               low_vector       code   0x000018    program   0x000006
                   .cinit    romdata   0x00001e    program   0x0000b6
    .code_State_Machine.o       code   0x0000d4    program   0x00aa56
          .code_Var_Out.o       code   0x00ab2a    program   0x0011da
          .code_Helpers.o       code   0x00bd04    program   0x000f54
              .code_UDP.o       code   0x00cc58    program   0x000e04
         .code_ETH97J60.o       code   0x00da5c    program   0x000da0
             .code_DHCP.o       code   0x00e7fc    program   0x000cea
   .code_Shift_Register.o       code   0x00f4e6    program   0x00094e
   .code_Diagnostic_ret.o       code   0x00fe34    program   0x000836
             .code_NBNS.o       code   0x01066a    program   0x0005c2
              .code_ARP.o       code   0x010c2c    program   0x0005c2
  .code_Command_Machine.o       code   0x0111ee    program   0x0004aa
               .code_IP.o       code   0x011698    program   0x0003fa
      .code_Fiddle Yard.o       code   0x011a92    program   0x000332
         .code_Announce.o       code   0x011dc4    program   0x0002ac
         .code_StackTsk.o       code   0x012070    program   0x000260
                   STRING       code   0x0122d0    program   0x0001b2
             .code_ICMP.o       code   0x012482    program   0x000146
             .code_Tick.o       code   0x0125c8    program   0x000140
               _cinit_scn       code   0x012708    program   0x00009e
         .code_pw3setdc.o       code   0x0127a6    program   0x00005e
         .code_pw1setdc.o       code   0x012804    program   0x00005e
         .code_fxd3232u.o       code   0x012862    program   0x000048
                   STDLIB       code   0x0128aa    program   0x00003c
                     PROG       code   0x0128e6    program   0x00003c
         .code_fxd1616u.o       code   0x012922    program   0x00002c
                    .code       code   0x01294e    program   0x00002c
             .stringtable    romdata   0x01297a    program   0x000026
             _startup_scn       code   0x0129a0    program   0x00001c
       .idata_Var_Out.o_i    romdata   0x0129bc    program   0x000006
          .idata_Tick.o_i    romdata   0x0129c2    program   0x000004
 .idata_State_Machine.o_i    romdata   0x0129c6    program   0x0000e9
      .idata_StackTsk.o_i    romdata   0x012aaf    program   0x000001
.idata_Shift_Register.o_i    romdata   0x012ab0    program   0x00002c
          .idata_NBNS.o_i    romdata   0x012adc    program   0x000001
            .idata_IP.o_i    romdata   0x012add    program   0x000002
       .idata_Helpers.o_i    romdata   0x012adf    program   0x000000
   .idata_Fiddle Yard.o_i    romdata   0x012adf    program   0x00000b
          .idata_ICMP.o_i    romdata   0x012adf    program   0x000000
      .idata_ETH97J60.o_i    romdata   0x012aea    program   0x000000
.idata_Diagnostic_ret.o_i    romdata   0x012aea    program   0x000007
          .idata_DHCP.o_i    romdata   0x012af1    program   0x000001
.idata_Command_Machine.o_i    romdata   0x012af2    program   0x000008
      .idata_Announce.o_i    romdata   0x012afa    program   0x000001
           .idata_ARP.o_i    romdata   0x012afb    program   0x000001
            .code_c018i.o       code   0x012afc    program   0x000000
.config_1fff8_Fiddle Yard.o    romdata   0x01fff8    program   0x000001
.config_1fff9_Fiddle Yard.o    romdata   0x01fff9    program   0x000001
.config_1fffa_Fiddle Yard.o    romdata   0x01fffa    program   0x000001
.config_1fffb_Fiddle Yard.o    romdata   0x01fffb    program   0x000001
.config_1fffc_Fiddle Yard.o    romdata   0x01fffc    program   0x000001
.config_1fffd_Fiddle Yard.o    romdata   0x01fffd    program   0x000001
                MATH_DATA      udata   0x000000       data   0x000014
                 .tmpdata      udata   0x000014       data   0x00000e
  .idata_Shift_Register.o      idata   0x000060       data   0x00002c
            .udata_DHCP.o      udata   0x00008c       data   0x00001c
 .idata_Command_Machine.o      idata   0x0000a8       data   0x000008
        .udata_ETH97J60.o      udata   0x0000b0       data   0x000007
  .idata_Diagnostic_ret.o      idata   0x0000b7       data   0x000007
            .udata_Tick.o      udata   0x0000be       data   0x000006
         .idata_Var_Out.o      idata   0x0000c4       data   0x000006
 .udata_Command_Machine.o      udata   0x0000ca       data   0x000005
         .udata_Helpers.o      udata   0x0000cf       data   0x000004
            .idata_Tick.o      idata   0x0000d3       data   0x000004
   .udata_State_Machine.o      udata   0x0000d7       data   0x000002
             .idata_UDP.o      idata   0x0000d9       data   0x000002
              .idata_IP.o      idata   0x0000db       data   0x000002
            .udata_NBNS.o      udata   0x0000dd       data   0x000001
              .udata_IP.o      udata   0x0000de       data   0x000001
        .udata_Announce.o      udata   0x0000df       data   0x000001
        .idata_StackTsk.o      idata   0x0000e0       data   0x000001
            .idata_NBNS.o      idata   0x0000e1       data   0x000001
            .idata_DHCP.o      idata   0x0000e2       data   0x000001
        .idata_Announce.o      idata   0x0000e3       data   0x000001
             .idata_ARP.o      idata   0x0000e4       data   0x000001
        .udata_fxd3232u.o      udata   0x0000e5       data   0x000000
  .udata_Shift_Register.o      udata   0x0000e5       data   0x000000
           .idata_c018i.o      idata   0x0000e5       data   0x000000
        .idata_fxd3232u.o      idata   0x0000e5       data   0x000000
        .idata_fxd1616u.o      idata   0x0000e5       data   0x000000
        .udata_fxd1616u.o      udata   0x0000e5       data   0x000000
        .udata_pw1setdc.o      udata   0x0000e5       data   0x000000
        .idata_pw1setdc.o      idata   0x0000e5       data   0x000000
        .udata_pw3setdc.o      udata   0x0000e5       data   0x000000
         .idata_Helpers.o      idata   0x0000e5       data   0x000000
        .idata_pw3setdc.o      idata   0x0000e5       data   0x000000
            .idata_ICMP.o      idata   0x0000e5       data   0x000000
            .udata_ICMP.o      udata   0x0000e5       data   0x000000
        .idata_ETH97J60.o      idata   0x0000e5       data   0x000000
          .udata___init.o      udata   0x0000e5       data   0x000000
          .idata___init.o      idata   0x0000e5       data   0x000000
   .idata_State_Machine.o      idata   0x000100       data   0x0000e9
     .idata_Fiddle Yard.o      idata   0x0001e9       data   0x00000b
           .udata_c018i.o      udata   0x0001f4       data   0x00000a
                SEED_DATA      idata   0x0001fe       data   0x000002
                   .stack      udata   0x000d00       data   0x000100
     .udata_Fiddle Yard.o      udata   0x000e00       data   0x00003e
  .udata_Diagnostic_ret.o      udata   0x000e3e       data   0x00002e
             .udata_ARP.o      udata   0x000e6c       data   0x000014
              SFR_BANKED0      udata   0x000e80       data   0x000006
              SFR_BANKED1      udata   0x000e8a       data   0x000001
              SFR_BANKED2      udata   0x000e97       data   0x000003
              SFR_BANKED3      udata   0x000ea0       data   0x000001
              SFR_BANKED4      udata   0x000ea2       data   0x000003
              SFR_BANKED5      udata   0x000ea6       data   0x000002
              SFR_BANKED6      udata   0x000eaa       data   0x000002
              SFR_BANKED7      udata   0x000eb2       data   0x000001
              SFR_BANKED8      udata   0x000eb4       data   0x000001
              SFR_BANKED9      udata   0x000eb6       data   0x000004
             SFR_BANKED10      udata   0x000ec0       data   0x000012
             SFR_BANKED11      udata   0x000ed4       data   0x000002
             SFR_BANKED12      udata   0x000ed8       data   0x000002
             SFR_BANKED13      udata   0x000ee2       data   0x000016
             SFR_BANKED14      udata   0x000efb       data   0x000001
             SFR_BANKED15      udata   0x000efd       data   0x000002
             .udata_UDP.o      udata   0x000f00       data   0x000052
        .udata_StackTsk.o      udata   0x000f52       data   0x00000b
         .udata_Var_Out.o      udata   0x000f5d       data   0x000003
            SFR_UNBANKED0      udata   0x000f60       data   0x0000a0



                              Program Memory Usage 
                               Start         End      
                           ---------   ---------      
                            0x000000    0x012afb      
                            0x01fff8    0x01fffd      
            76546 out of 131072 program addresses used, program memory utilization is 58%



                              Symbols - Sorted by Name
                     Name    Address   Location    Storage File                     
                ---------  ---------  ---------  --------- ---------                
                  ARPInit   0x010d86    program     extern C:\Documents and Settings\Treintje\Bureaublad\fiddleyard-siebwalde\Microchip\TCPIP Stack\ARP.c
            ARPIsResolved   0x011050    program     extern C:\Documents and Settings\Treintje\Bureaublad\fiddleyard-siebwalde\Microchip\TCPIP Stack\ARP.c
               ARPProcess   0x010d9e    program     extern C:\Documents and Settings\Treintje\Bureaublad\fiddleyard-siebwalde\Microchip\TCPIP Stack\ARP.c
                   ARPPut   0x010c2c    program     static C:\Documents and Settings\Treintje\Bureaublad\fiddleyard-siebwalde\Microchip\TCPIP Stack\ARP.c
               ARPResolve   0x010f76    program     extern C:\Documents and Settings\Treintje\Bureaublad\fiddleyard-siebwalde\Microchip\TCPIP Stack\ARP.c
               AnnounceIP   0x011dc4    program     extern C:\Documents and Settings\Treintje\Bureaublad\fiddleyard-siebwalde\Microchip\TCPIP Stack\Announce.c
                    BM_10   0x00f946    program     extern C:\Documents and Settings\Treintje\Bureaublad\fiddleyard-siebwalde\Shift_Register.c
                    BM_11   0x00fa0e    program     extern C:\Documents and Settings\Treintje\Bureaublad\fiddleyard-siebwalde\Shift_Register.c
              Bezet_In_5B   0x00fd64    program     extern C:\Documents and Settings\Treintje\Bureaublad\fiddleyard-siebwalde\Shift_Register.c
       Bezet_In_5B_Status   0x00fc34    program     extern C:\Documents and Settings\Treintje\Bureaublad\fiddleyard-siebwalde\Shift_Register.c
               Bezet_In_6   0x00fd98    program     extern C:\Documents and Settings\Treintje\Bureaublad\fiddleyard-siebwalde\Shift_Register.c
        Bezet_In_6_Status   0x00fc66    program     extern C:\Documents and Settings\Treintje\Bureaublad\fiddleyard-siebwalde\Shift_Register.c
               Bezet_In_7   0x00fdcc    program     extern C:\Documents and Settings\Treintje\Bureaublad\fiddleyard-siebwalde\Shift_Register.c
        Bezet_In_7_Status   0x00fc98    program     extern C:\Documents and Settings\Treintje\Bureaublad\fiddleyard-siebwalde\Shift_Register.c
             Bezet_Uit_5B   0x00fad6    program     extern C:\Documents and Settings\Treintje\Bureaublad\fiddleyard-siebwalde\Shift_Register.c
              Bezet_Uit_6   0x00fb08    program     extern C:\Documents and Settings\Treintje\Bureaublad\fiddleyard-siebwalde\Shift_Register.c
              Bezet_Uit_7   0x00fb3a    program     extern C:\Documents and Settings\Treintje\Bureaublad\fiddleyard-siebwalde\Shift_Register.c
             Bezet_Uit_8A   0x00fb6c    program     extern C:\Documents and Settings\Treintje\Bureaublad\fiddleyard-siebwalde\Shift_Register.c
Bezet_Uit_Blok_6_AND_Sensor_F12_Send   0x00b758    program     extern C:\Documents and Settings\Treintje\Bureaublad\fiddleyard-siebwalde\Var_Out.c
    Bezet_Uit_Blok_6_Send   0x00b6d4    program     extern C:\Documents and Settings\Treintje\Bureaublad\fiddleyard-siebwalde\Var_Out.c
          Bezet_Weerstand   0x00fe00    program     extern C:\Documents and Settings\Treintje\Bureaublad\fiddleyard-siebwalde\Shift_Register.c
   Bezet_Weerstand_Status   0x00fcca    program     extern C:\Documents and Settings\Treintje\Bureaublad\fiddleyard-siebwalde\Shift_Register.c
BridgeMotorContact_10_Send   0x00b81e    program     extern C:\Documents and Settings\Treintje\Bureaublad\fiddleyard-siebwalde\Var_Out.c
BridgeMotorContact_11_Send   0x00b8e4    program     extern C:\Documents and Settings\Treintje\Bureaublad\fiddleyard-siebwalde\Var_Out.c
               Bridge_10L   0x00f8be    program     extern C:\Documents and Settings\Treintje\Bureaublad\fiddleyard-siebwalde\Shift_Register.c
  Bridge_10L_Contact_Send   0x00b860    program     extern C:\Documents and Settings\Treintje\Bureaublad\fiddleyard-siebwalde\Var_Out.c
               Bridge_10R   0x00fa40    program     extern C:\Documents and Settings\Treintje\Bureaublad\fiddleyard-siebwalde\Shift_Register.c
  Bridge_10R_Contact_Send   0x00b8a2    program     extern C:\Documents and Settings\Treintje\Bureaublad\fiddleyard-siebwalde\Var_Out.c
             Bridge_Close   0x00a838    program     static C:\Documents and Settings\Treintje\Bureaublad\fiddleyard-siebwalde\State_Machine.c
          Bridge_Close_Ok   0x00b1ac    program     extern C:\Documents and Settings\Treintje\Bureaublad\fiddleyard-siebwalde\Var_Out.c
           Bridge_Closing   0x00b482    program     extern C:\Documents and Settings\Treintje\Bureaublad\fiddleyard-siebwalde\Var_Out.c
              Bridge_Open   0x00a56e    program     static C:\Documents and Settings\Treintje\Bureaublad\fiddleyard-siebwalde\State_Machine.c
Bridge_Open_Close_Timeout_Expired_Send   0x00b7dc    program     extern C:\Documents and Settings\Treintje\Bureaublad\fiddleyard-siebwalde\Var_Out.c
           Bridge_Open_Ok   0x00b16a    program     extern C:\Documents and Settings\Treintje\Bureaublad\fiddleyard-siebwalde\Var_Out.c
           Bridge_Opening   0x00b440    program     extern C:\Documents and Settings\Treintje\Bureaublad\fiddleyard-siebwalde\Var_Out.c
     Bridge_Opening_Msg_1   0x00baf4    program     extern C:\Documents and Settings\Treintje\Bureaublad\fiddleyard-siebwalde\Var_Out.c
    Bridge_Opening_Msg_11   0x00bbfc    program     extern C:\Documents and Settings\Treintje\Bureaublad\fiddleyard-siebwalde\Var_Out.c
    Bridge_Opening_Msg_12   0x00bc3e    program     extern C:\Documents and Settings\Treintje\Bureaublad\fiddleyard-siebwalde\Var_Out.c
    Bridge_Opening_Msg_13   0x00bc80    program     extern C:\Documents and Settings\Treintje\Bureaublad\fiddleyard-siebwalde\Var_Out.c
    Bridge_Opening_Msg_14   0x00bcc2    program     extern C:\Documents and Settings\Treintje\Bureaublad\fiddleyard-siebwalde\Var_Out.c
     Bridge_Opening_Msg_2   0x00bb36    program     extern C:\Documents and Settings\Treintje\Bureaublad\fiddleyard-siebwalde\Var_Out.c
     Bridge_Opening_Msg_3   0x00bb78    program     extern C:\Documents and Settings\Treintje\Bureaublad\fiddleyard-siebwalde\Var_Out.c
     Bridge_Opening_Msg_4   0x00bbba    program     extern C:\Documents and Settings\Treintje\Bureaublad\fiddleyard-siebwalde\Var_Out.c
                    CL_10   0x00f8e8    program     extern C:\Documents and Settings\Treintje\Bureaublad\fiddleyard-siebwalde\Shift_Register.c
              CL_10_Heart   0x00f914    program     extern C:\Documents and Settings\Treintje\Bureaublad\fiddleyard-siebwalde\Shift_Register.c
  CL_10_Heart_Sensor_Send   0x00b79a    program     extern C:\Documents and Settings\Treintje\Bureaublad\fiddleyard-siebwalde\Var_Out.c
     CalcIPBufferChecksum   0x00e162    program     extern C:\Documents and Settings\Treintje\Bureaublad\fiddleyard-siebwalde\Microchip\TCPIP Stack\ETH97J60.c
           CalcIPChecksum   0x00c942    program     extern C:\Documents and Settings\Treintje\Bureaublad\fiddleyard-siebwalde\Microchip\TCPIP Stack\Helpers.c
            Calc_Track_Nr   0x00f6b0    program     static C:\Documents and Settings\Treintje\Bureaublad\fiddleyard-siebwalde\Shift_Register.c
 Collect_Finished_Fy_Full   0x00ba2e    program     extern C:\Documents and Settings\Treintje\Bureaublad\fiddleyard-siebwalde\Var_Out.c
              Collect_Off   0x00bab2    program     extern C:\Documents and Settings\Treintje\Bureaublad\fiddleyard-siebwalde\Var_Out.c
               Collect_On   0x00ba70    program     extern C:\Documents and Settings\Treintje\Bureaublad\fiddleyard-siebwalde\Var_Out.c
                  Command   0x01125a    program     extern C:\Documents and Settings\Treintje\Bureaublad\fiddleyard-siebwalde\Command_Machine.c
              Command_Exe   0x0113ae    program     static C:\Documents and Settings\Treintje\Bureaublad\fiddleyard-siebwalde\Command_Machine.c
              DHCPDisable   0x00e84a    program     extern C:\Documents and Settings\Treintje\Bureaublad\fiddleyard-siebwalde\Microchip\TCPIP Stack\DHCP.c
               DHCPEnable   0x00e872    program     extern C:\Documents and Settings\Treintje\Bureaublad\fiddleyard-siebwalde\Microchip\TCPIP Stack\DHCP.c
                 DHCPInit   0x00e7fc    program     extern C:\Documents and Settings\Treintje\Bureaublad\fiddleyard-siebwalde\Microchip\TCPIP Stack\DHCP.c
              DHCPIsBound   0x00e8ac    program     extern C:\Documents and Settings\Treintje\Bureaublad\fiddleyard-siebwalde\Microchip\TCPIP Stack\DHCP.c
            DHCPIsEnabled   0x00e88e    program     extern C:\Documents and Settings\Treintje\Bureaublad\fiddleyard-siebwalde\Microchip\TCPIP Stack\DHCP.c
     DHCPIsServerDetected   0x00e8e4    program     extern C:\Documents and Settings\Treintje\Bureaublad\fiddleyard-siebwalde\Microchip\TCPIP Stack\DHCP.c
         DHCPStateChanged   0x00e8c4    program     extern C:\Documents and Settings\Treintje\Bureaublad\fiddleyard-siebwalde\Microchip\TCPIP Stack\DHCP.c
                 DHCPTask   0x00e900    program     extern C:\Documents and Settings\Treintje\Bureaublad\fiddleyard-siebwalde\Microchip\TCPIP Stack\DHCP.c
               Diagnostic   0x00fe34    program     extern C:\Documents and Settings\Treintje\Bureaublad\fiddleyard-siebwalde\Diagnostic_ret.c
            DiscoveryTask   0x011ed8    program     extern C:\Documents and Settings\Treintje\Bureaublad\fiddleyard-siebwalde\Microchip\TCPIP Stack\Announce.c
                   EOS_10   0x00f9aa    program     extern C:\Documents and Settings\Treintje\Bureaublad\fiddleyard-siebwalde\Shift_Register.c
                   EOS_11   0x00f9dc    program     extern C:\Documents and Settings\Treintje\Bureaublad\fiddleyard-siebwalde\Shift_Register.c
        ERROR_Code_Report   0x00278a    program     extern C:\Documents and Settings\Treintje\Bureaublad\fiddleyard-siebwalde\State_Machine.c
     EndOffStroke_10_Send   0x00b9aa    program     extern C:\Documents and Settings\Treintje\Bureaublad\fiddleyard-siebwalde\Var_Out.c
     EndOffStroke_11_Send   0x00b926    program     extern C:\Documents and Settings\Treintje\Bureaublad\fiddleyard-siebwalde\Var_Out.c
                 Exe_Cmd_   0x0111ee    program     extern C:\Documents and Settings\Treintje\Bureaublad\fiddleyard-siebwalde\Command_Machine.c
           Exe_Cmd_Resume   0x011236    program     extern C:\Documents and Settings\Treintje\Bureaublad\fiddleyard-siebwalde\Command_Machine.c
              Exe_Cmd_Ret   0x011210    program     extern C:\Documents and Settings\Treintje\Bureaublad\fiddleyard-siebwalde\Command_Machine.c
                      F10   0x00fa72    program     extern C:\Documents and Settings\Treintje\Bureaublad\fiddleyard-siebwalde\Shift_Register.c
                      F11   0x00f978    program     extern C:\Documents and Settings\Treintje\Bureaublad\fiddleyard-siebwalde\Shift_Register.c
                      F12   0x00faa4    program     extern C:\Documents and Settings\Treintje\Bureaublad\fiddleyard-siebwalde\Shift_Register.c
                 FXD1616U   0x012922    program     extern C:\MCC18\src\traditional\math\fxd1616u.c
                 FXD3232U   0x012862    program     extern C:\MCC18\src\traditional\math\fxd3232u.c
                 FXM1616U   0x0128e6    program     extern C:\MCC18\src\traditional\math\fxm1616u.asm
     Fiddle_Multiple_Left   0x0077c0    program     static C:\Documents and Settings\Treintje\Bureaublad\fiddleyard-siebwalde\State_Machine.c
  Fiddle_Multiple_Left_Ok   0x00b272    program     extern C:\Documents and Settings\Treintje\Bureaublad\fiddleyard-siebwalde\Var_Out.c
    Fiddle_Multiple_Right   0x0049b0    program     static C:\Documents and Settings\Treintje\Bureaublad\fiddleyard-siebwalde\State_Machine.c
 Fiddle_Multiple_Right_Ok   0x00b2b4    program     extern C:\Documents and Settings\Treintje\Bureaublad\fiddleyard-siebwalde\Var_Out.c
          Fiddle_One_Left   0x008e22    program     static C:\Documents and Settings\Treintje\Bureaublad\fiddleyard-siebwalde\State_Machine.c
       Fiddle_One_Left_Ok   0x00b1ee    program     extern C:\Documents and Settings\Treintje\Bureaublad\fiddleyard-siebwalde\Var_Out.c
         Fiddle_One_Right   0x006096    program     static C:\Documents and Settings\Treintje\Bureaublad\fiddleyard-siebwalde\State_Machine.c
      Fiddle_One_Right_Ok   0x00b230    program     extern C:\Documents and Settings\Treintje\Bureaublad\fiddleyard-siebwalde\Var_Out.c
         Fiddle_Yard_Full   0x00257e    program     static C:\Documents and Settings\Treintje\Bureaublad\fiddleyard-siebwalde\State_Machine.c
        Fiddle_Yard_Reset   0x00b692    program     extern C:\Documents and Settings\Treintje\Bureaublad\fiddleyard-siebwalde\Var_Out.c
   Fiddle_Yard_Soft_Start   0x00b60e    program     extern C:\Documents and Settings\Treintje\Bureaublad\fiddleyard-siebwalde\Var_Out.c
      Fiddle_Yard_Stopped   0x00b650    program     extern C:\Documents and Settings\Treintje\Bureaublad\fiddleyard-siebwalde\Var_Out.c
       FindMatchingSocket   0x00d81e    program     static C:\Documents and Settings\Treintje\Bureaublad\fiddleyard-siebwalde\Microchip\TCPIP Stack\UDP.c
        FormatNetBIOSName   0x00cb4e    program     extern C:\Documents and Settings\Treintje\Bureaublad\fiddleyard-siebwalde\Microchip\TCPIP Stack\Helpers.c
      GenerateRandomDWORD   0x00bd04    program     extern C:\Documents and Settings\Treintje\Bureaublad\fiddleyard-siebwalde\Microchip\TCPIP Stack\Helpers.c
              GetTickCopy   0x0125d8    program     static C:\Documents and Settings\Treintje\Bureaublad\fiddleyard-siebwalde\Microchip\TCPIP Stack\Tick.c
              ICMPProcess   0x012482    program     extern C:\Documents and Settings\Treintje\Bureaublad\fiddleyard-siebwalde\Microchip\TCPIP Stack\ICMP.c
                       IO   0x00f4e6    program     extern C:\Documents and Settings\Treintje\Bureaublad\fiddleyard-siebwalde\Shift_Register.c
              IPGetHeader   0x011698    program     extern C:\Documents and Settings\Treintje\Bureaublad\fiddleyard-siebwalde\Microchip\TCPIP Stack\IP.c
              IPPutHeader   0x01180c    program     extern C:\Documents and Settings\Treintje\Bureaublad\fiddleyard-siebwalde\Microchip\TCPIP Stack\IP.c
            IPSetRxBuffer   0x011970    program     extern C:\Documents and Settings\Treintje\Bureaublad\fiddleyard-siebwalde\Microchip\TCPIP Stack\IP.c
            InitAppConfig   0x011d0a    program     static C:\Documents and Settings\Treintje\Bureaublad\fiddleyard-siebwalde\Fiddle Yard.c
                  Init_Ad   0x011ce2    program     static C:\Documents and Settings\Treintje\Bureaublad\fiddleyard-siebwalde\Fiddle Yard.c
                Init_Done   0x00b3fe    program     extern C:\Documents and Settings\Treintje\Bureaublad\fiddleyard-siebwalde\Var_Out.c
         Init_Fiddle_Yard   0x002944    program     static C:\Documents and Settings\Treintje\Bureaublad\fiddleyard-siebwalde\State_Machine.c
                 Init_Pwm   0x011cec    program     static C:\Documents and Settings\Treintje\Bureaublad\fiddleyard-siebwalde\Fiddle Yard.c
             Init_Started   0x00b4c4    program     extern C:\Documents and Settings\Treintje\Bureaublad\fiddleyard-siebwalde\Var_Out.c
              Init_Timers   0x011cb2    program     static C:\Documents and Settings\Treintje\Bureaublad\fiddleyard-siebwalde\Fiddle Yard.c
       Laatste_Spoor_Send   0x00b968    program     extern C:\Documents and Settings\Treintje\Bureaublad\fiddleyard-siebwalde\Var_Out.c
                      M10   0x00fcfc    program     extern C:\Documents and Settings\Treintje\Bureaublad\fiddleyard-siebwalde\Shift_Register.c
               M10_Status   0x00fbd0    program     extern C:\Documents and Settings\Treintje\Bureaublad\fiddleyard-siebwalde\Shift_Register.c
                      M11   0x00fd30    program     extern C:\Documents and Settings\Treintje\Bureaublad\fiddleyard-siebwalde\Shift_Register.c
               M11_Status   0x00fc02    program     extern C:\Documents and Settings\Treintje\Bureaublad\fiddleyard-siebwalde\Shift_Register.c
        MACCalcRxChecksum   0x00e0a0    program     extern C:\Documents and Settings\Treintje\Bureaublad\fiddleyard-siebwalde\Microchip\TCPIP Stack\ETH97J60.c
             MACDiscardRx   0x00dbc0    program     extern C:\Documents and Settings\Treintje\Bureaublad\fiddleyard-siebwalde\Microchip\TCPIP Stack\ETH97J60.c
                 MACFlush   0x00df5e    program     extern C:\Documents and Settings\Treintje\Bureaublad\fiddleyard-siebwalde\Microchip\TCPIP Stack\ETH97J60.c
                   MACGet   0x00e5e4    program     extern C:\Documents and Settings\Treintje\Bureaublad\fiddleyard-siebwalde\Microchip\TCPIP Stack\ETH97J60.c
              MACGetArray   0x00e5ea    program     extern C:\Documents and Settings\Treintje\Bureaublad\fiddleyard-siebwalde\Microchip\TCPIP Stack\ETH97J60.c
         MACGetFreeRxSize   0x00dc56    program     extern C:\Documents and Settings\Treintje\Bureaublad\fiddleyard-siebwalde\Microchip\TCPIP Stack\ETH97J60.c
             MACGetHeader   0x00dd4e    program     extern C:\Documents and Settings\Treintje\Bureaublad\fiddleyard-siebwalde\Microchip\TCPIP Stack\ETH97J60.c
                  MACInit   0x00da5c    program     extern C:\Documents and Settings\Treintje\Bureaublad\fiddleyard-siebwalde\Microchip\TCPIP Stack\ETH97J60.c
              MACIsLinked   0x00db66    program     extern C:\Documents and Settings\Treintje\Bureaublad\fiddleyard-siebwalde\Microchip\TCPIP Stack\ETH97J60.c
         MACIsMemCopyDone   0x00e5d6    program     extern C:\Documents and Settings\Treintje\Bureaublad\fiddleyard-siebwalde\Microchip\TCPIP Stack\ETH97J60.c
             MACIsTxReady   0x00db86    program     extern C:\Documents and Settings\Treintje\Bureaublad\fiddleyard-siebwalde\Microchip\TCPIP Stack\ETH97J60.c
          MACMemCopyAsync   0x00e366    program     extern C:\Documents and Settings\Treintje\Bureaublad\fiddleyard-siebwalde\Microchip\TCPIP Stack\ETH97J60.c
             MACPowerDown   0x00e7dc    program     extern C:\Documents and Settings\Treintje\Bureaublad\fiddleyard-siebwalde\Microchip\TCPIP Stack\ETH97J60.c
               MACPowerUp   0x00e7ee    program     extern C:\Documents and Settings\Treintje\Bureaublad\fiddleyard-siebwalde\Microchip\TCPIP Stack\ETH97J60.c
                   MACPut   0x00e68a    program     extern C:\Documents and Settings\Treintje\Bureaublad\fiddleyard-siebwalde\Microchip\TCPIP Stack\ETH97J60.c
              MACPutArray   0x00e6a4    program     extern C:\Documents and Settings\Treintje\Bureaublad\fiddleyard-siebwalde\Microchip\TCPIP Stack\ETH97J60.c
             MACPutHeader   0x00ded6    program     extern C:\Documents and Settings\Treintje\Bureaublad\fiddleyard-siebwalde\Microchip\TCPIP Stack\ETH97J60.c
           MACPutROMArray   0x00e6e8    program     extern C:\Documents and Settings\Treintje\Bureaublad\fiddleyard-siebwalde\Microchip\TCPIP Stack\ETH97J60.c
            MACSetReadPtr   0x00e05a    program     extern C:\Documents and Settings\Treintje\Bureaublad\fiddleyard-siebwalde\Microchip\TCPIP Stack\ETH97J60.c
        MACSetReadPtrInRx   0x00df94    program     extern C:\Documents and Settings\Treintje\Bureaublad\fiddleyard-siebwalde\Microchip\TCPIP Stack\ETH97J60.c
           MACSetWritePtr   0x00e014    program     extern C:\Documents and Settings\Treintje\Bureaublad\fiddleyard-siebwalde\Microchip\TCPIP Stack\ETH97J60.c
              NBNSGetName   0x010b18    program     static C:\Documents and Settings\Treintje\Bureaublad\fiddleyard-siebwalde\Microchip\TCPIP Stack\NBNS.c
              NBNSPutName   0x010aa4    program     static C:\Documents and Settings\Treintje\Bureaublad\fiddleyard-siebwalde\Microchip\TCPIP Stack\NBNS.c
                 NBNSTask   0x01066a    program     extern C:\Documents and Settings\Treintje\Bureaublad\fiddleyard-siebwalde\Microchip\TCPIP Stack\NBNS.c
               PWM_Update   0x002884    program     extern C:\Documents and Settings\Treintje\Bureaublad\fiddleyard-siebwalde\State_Machine.c
                Pwm_Brake   0x0028cc    program     extern C:\Documents and Settings\Treintje\Bureaublad\fiddleyard-siebwalde\State_Machine.c
     ROMStringToIPAddress   0x00c25c    program     extern C:\Documents and Settings\Treintje\Bureaublad\fiddleyard-siebwalde\Microchip\TCPIP Stack\Helpers.c
               ReadPHYReg   0x00e73e    program     extern C:\Documents and Settings\Treintje\Bureaublad\fiddleyard-siebwalde\Microchip\TCPIP Stack\ETH97J60.c
           Send_Diag_Comm   0x0101ce    program     extern C:\Documents and Settings\Treintje\Bureaublad\fiddleyard-siebwalde\Diagnostic_ret.c
          Sensor_F12_Send   0x00b716    program     extern C:\Documents and Settings\Treintje\Bureaublad\fiddleyard-siebwalde\Var_Out.c
     SerializedMACAddress   0x00000e    program     static C:\Documents and Settings\Treintje\Bureaublad\fiddleyard-siebwalde\Fiddle Yard.c
                SetDCPWM1   0x012804    program     extern C:\MCC18\src\pmc_common\PWM\pw1setdc.c
                SetDCPWM3   0x0127a6    program     extern C:\MCC18\src\pmc_common\PWM\pw3setdc.c
        StackApplications   0x0122c8    program     extern C:\Documents and Settings\Treintje\Bureaublad\fiddleyard-siebwalde\Microchip\TCPIP Stack\StackTsk.c
                StackInit   0x012070    program     extern C:\Documents and Settings\Treintje\Bureaublad\fiddleyard-siebwalde\Microchip\TCPIP Stack\StackTsk.c
                StackTask   0x0120b8    program     extern C:\Documents and Settings\Treintje\Bureaublad\fiddleyard-siebwalde\Microchip\TCPIP Stack\StackTsk.c
     State_Machine_Update   0x0000d4    program     extern C:\Documents and Settings\Treintje\Bureaublad\fiddleyard-siebwalde\State_Machine.c
        StringToIPAddress   0x00c008    program     extern C:\Documents and Settings\Treintje\Bureaublad\fiddleyard-siebwalde\Microchip\TCPIP Stack\Helpers.c
            SwapARPPacket   0x011116    program     extern C:\Documents and Settings\Treintje\Bureaublad\fiddleyard-siebwalde\Microchip\TCPIP Stack\ARP.c
             SwapIPHeader   0x0119aa    program     static C:\Documents and Settings\Treintje\Bureaublad\fiddleyard-siebwalde\Microchip\TCPIP Stack\IP.c
TickConvertToMilliseconds   0x0126b0    program     extern C:\Documents and Settings\Treintje\Bureaublad\fiddleyard-siebwalde\Microchip\TCPIP Stack\Tick.c
                  TickGet   0x0125fe    program     extern C:\Documents and Settings\Treintje\Bureaublad\fiddleyard-siebwalde\Microchip\TCPIP Stack\Tick.c
            TickGetDiv256   0x012614    program     extern C:\Documents and Settings\Treintje\Bureaublad\fiddleyard-siebwalde\Microchip\TCPIP Stack\Tick.c
            TickGetDiv64K   0x012662    program     extern C:\Documents and Settings\Treintje\Bureaublad\fiddleyard-siebwalde\Microchip\TCPIP Stack\Tick.c
                 TickInit   0x0125c8    program     extern C:\Documents and Settings\Treintje\Bureaublad\fiddleyard-siebwalde\Microchip\TCPIP Stack\Tick.c
               TickUpdate   0x0126f4    program     extern C:\Documents and Settings\Treintje\Bureaublad\fiddleyard-siebwalde\Microchip\TCPIP Stack\Tick.c
              Track_Mover   0x0044f6    program     static C:\Documents and Settings\Treintje\Bureaublad\fiddleyard-siebwalde\State_Machine.c
                 Track_Nr   0x00fb9e    program     extern C:\Documents and Settings\Treintje\Bureaublad\fiddleyard-siebwalde\Shift_Register.c
          Train_Detection   0x0040d2    program     static C:\Documents and Settings\Treintje\Bureaublad\fiddleyard-siebwalde\State_Machine.c
 Train_Detection_Finished   0x00b2f6    program     extern C:\Documents and Settings\Treintje\Bureaublad\fiddleyard-siebwalde\Var_Out.c
           Train_Drive_In   0x002ea4    program     static C:\Documents and Settings\Treintje\Bureaublad\fiddleyard-siebwalde\State_Machine.c
Train_Drive_In_Failed_F12   0x00b3bc    program     extern C:\Documents and Settings\Treintje\Bureaublad\fiddleyard-siebwalde\Var_Out.c
  Train_Drive_In_Finished   0x00b37a    program     extern C:\Documents and Settings\Treintje\Bureaublad\fiddleyard-siebwalde\Var_Out.c
     Train_Drive_In_Start   0x00b548    program     extern C:\Documents and Settings\Treintje\Bureaublad\fiddleyard-siebwalde\Var_Out.c
          Train_Drive_Out   0x003a0e    program     static C:\Documents and Settings\Treintje\Bureaublad\fiddleyard-siebwalde\State_Machine.c
 Train_Drive_Out_Finished   0x00b338    program     extern C:\Documents and Settings\Treintje\Bureaublad\fiddleyard-siebwalde\Var_Out.c
    Train_Drive_Out_Start   0x00b5cc    program     extern C:\Documents and Settings\Treintje\Bureaublad\fiddleyard-siebwalde\Var_Out.c
              Train_On_5B   0x00b506    program     extern C:\Documents and Settings\Treintje\Bureaublad\fiddleyard-siebwalde\Var_Out.c
              Train_On_8A   0x00b58a    program     extern C:\Documents and Settings\Treintje\Bureaublad\fiddleyard-siebwalde\Var_Out.c
    Trains_On_Fiddle_Yard   0x002904    program     extern C:\Documents and Settings\Treintje\Bureaublad\fiddleyard-siebwalde\State_Machine.c
                 UDPClose   0x00ce30    program     extern C:\Documents and Settings\Treintje\Bureaublad\fiddleyard-siebwalde\Microchip\TCPIP Stack\UDP.c
               UDPDiscard   0x00d5d4    program     extern C:\Documents and Settings\Treintje\Bureaublad\fiddleyard-siebwalde\Microchip\TCPIP Stack\UDP.c
                 UDPFlush   0x00d30c    program     extern C:\Documents and Settings\Treintje\Bureaublad\fiddleyard-siebwalde\Microchip\TCPIP Stack\UDP.c
                   UDPGet   0x00d4aa    program     extern C:\Documents and Settings\Treintje\Bureaublad\fiddleyard-siebwalde\Microchip\TCPIP Stack\UDP.c
              UDPGetArray   0x00d4f6    program     extern C:\Documents and Settings\Treintje\Bureaublad\fiddleyard-siebwalde\Microchip\TCPIP Stack\UDP.c
                  UDPInit   0x00cc58    program     extern C:\Documents and Settings\Treintje\Bureaublad\fiddleyard-siebwalde\Microchip\TCPIP Stack\UDP.c
            UDPIsGetReady   0x00d45a    program     extern C:\Documents and Settings\Treintje\Bureaublad\fiddleyard-siebwalde\Microchip\TCPIP Stack\UDP.c
            UDPIsPutReady   0x00cf44    program     extern C:\Documents and Settings\Treintje\Bureaublad\fiddleyard-siebwalde\Microchip\TCPIP Stack\UDP.c
                  UDPOpen   0x00cc8a    program     extern C:\Documents and Settings\Treintje\Bureaublad\fiddleyard-siebwalde\Microchip\TCPIP Stack\UDP.c
               UDPProcess   0x00d5ee    program     extern C:\Documents and Settings\Treintje\Bureaublad\fiddleyard-siebwalde\Microchip\TCPIP Stack\UDP.c
                   UDPPut   0x00cfc4    program     extern C:\Documents and Settings\Treintje\Bureaublad\fiddleyard-siebwalde\Microchip\TCPIP Stack\UDP.c
              UDPPutArray   0x00d020    program     extern C:\Documents and Settings\Treintje\Bureaublad\fiddleyard-siebwalde\Microchip\TCPIP Stack\UDP.c
           UDPPutROMArray   0x00d10c    program     extern C:\Documents and Settings\Treintje\Bureaublad\fiddleyard-siebwalde\Microchip\TCPIP Stack\UDP.c
          UDPPutROMString   0x00d27e    program     extern C:\Documents and Settings\Treintje\Bureaublad\fiddleyard-siebwalde\Microchip\TCPIP Stack\UDP.c
             UDPPutString   0x00d1fe    program     extern C:\Documents and Settings\Treintje\Bureaublad\fiddleyard-siebwalde\Microchip\TCPIP Stack\UDP.c
           UDPSetRxBuffer   0x00cf00    program     extern C:\Documents and Settings\Treintje\Bureaublad\fiddleyard-siebwalde\Microchip\TCPIP Stack\UDP.c
           UDPSetTxBuffer   0x00ce92    program     extern C:\Documents and Settings\Treintje\Bureaublad\fiddleyard-siebwalde\Microchip\TCPIP Stack\UDP.c
                  UDPTask   0x00cc84    program     extern C:\Documents and Settings\Treintje\Bureaublad\fiddleyard-siebwalde\Microchip\TCPIP Stack\UDP.c
     Universal_Error_Send   0x00b9ec    program     extern C:\Documents and Settings\Treintje\Bureaublad\fiddleyard-siebwalde\Var_Out.c
         Var_Out_Programm   0x00ab2a    program     extern C:\Documents and Settings\Treintje\Bureaublad\fiddleyard-siebwalde\Var_Out.c
              WritePHYReg   0x00e798    program     extern C:\Documents and Settings\Treintje\Bureaublad\fiddleyard-siebwalde\Microchip\TCPIP Stack\ETH97J60.c
              _2jContinue   0x0123de    program     static C:\MCC18\src\traditional\stdclib\memset.asm
                   _2jEnd   0x012442    program     static C:\MCC18\src\traditional\stdclib\slenpgm.asm
              _3jContinue   0x0123aa    program     static C:\MCC18\src\traditional\stdclib\mcpyp2r.asm
                   _3jEnd   0x0123e8    program     static C:\MCC18\src\traditional\stdclib\memset.asm
              _4jContinue   0x0122fc    program     static C:\MCC18\src\traditional\stdclib\memcmp.asm
              _4jContinue   0x012356    program     static C:\MCC18\src\traditional\stdclib\memcpy.asm
                   _4jEnd   0x0123b4    program     static C:\MCC18\src\traditional\stdclib\mcpyp2r.asm
                   _5jEnd   0x012360    program     static C:\MCC18\src\traditional\stdclib\memcpy.asm
                   _5jEnd   0x012306    program     static C:\MCC18\src\traditional\stdclib\memcmp.asm
             _DHCPReceive   0x00ed72    program     static C:\Documents and Settings\Treintje\Bureaublad\fiddleyard-siebwalde\Microchip\TCPIP Stack\DHCP.c
                _DHCPSend   0x00f236    program     static C:\Documents and Settings\Treintje\Bureaublad\fiddleyard-siebwalde\Microchip\TCPIP Stack\DHCP.c
           ___do_lbl00002   0x0125f6    program     static                          
           ___do_lbl00003   0x0125fa    program     static                          
           ___do_lbl00004   0x0125d8    program     static                          
          ___for_lbl00091   0x00cb0a    program     static                          
          ___for_lbl00092   0x00cb10    program     static                          
          ___for_lbl00093   0x00caec    program     static                          
          ___for_lbl00094   0x00cb24    program     static                          
          ___for_lbl00095   0x00cb28    program     static                          
          ___for_lbl00096   0x00cb10    program     static                          
           ___if_lbl00005   0x00bef0    program     static                          
           ___if_lbl00006   0x00bf0e    program     static                          
           ___if_lbl00007   0x00bfa4    program     static                          
           ___if_lbl00008   0x00bfaa    program     static                          
           ___if_lbl00020   0x00dd64    program     static                          
           ___if_lbl00021   0x00dd70    program     static                          
           ___if_lbl00027   0x00de3e    program     static                          
           ___if_lbl00030   0x00deb6    program     static                          
       ___return_lbl00000   0x00bff4    program     static                          
       ___return_lbl00000   0x000004    program     static                          
       ___return_lbl00000   0x00db5c    program     static                          
       ___return_lbl00000   0x0128a8    program     static                          
       ___return_lbl00000   0x01294c    program     static                          
       ___return_lbl00001   0x0129ba    program     static                          
       ___return_lbl00001   0x0125fc    program     static                          
       ___return_lbl00002   0x0127a4    program     static                          
       ___return_lbl00013   0x00000c    program     static                          
       ___return_lbl00015   0x00001c    program     static                          
       ___return_lbl00019   0x00debe    program     static                          
       ___return_lbl00079   0x00e69c    program     static                          
       ___return_lbl00080   0x00e6e0    program     static                          
       ___return_lbl00083   0x00e736    program     static                          
       ___return_lbl00086   0x00e784    program     static                          
       ___return_lbl00089   0x00e7d2    program     static                          
       ___return_lbl00090   0x00cb3a    program     static                          
        ___while_lbl00001   0x00bd84    program     static                          
        ___while_lbl00001   0x00da6e    program     static                          
        ___while_lbl00002   0x00da74    program     static                          
        ___while_lbl00002   0x00bfac    program     static                          
        ___while_lbl00003   0x00bd8c    program     static                          
        ___while_lbl00004   0x00bd90    program     static                          
        ___while_lbl00081   0x00e6ac    program     static                          
        ___while_lbl00082   0x00e6e0    program     static                          
        ___while_lbl00084   0x00e6f0    program     static                          
        ___while_lbl00085   0x00e736    program     static                          
        ___while_lbl00087   0x00e75a    program     static                          
        ___while_lbl00088   0x00e760    program     static                          
        ___while_lbl00090   0x00e7cc    program     static                          
        ___while_lbl00091   0x00e7d2    program     static                          
               __config_0   0x01fff8    program     static C:\Documents and Settings\Treintje\Bureaublad\fiddleyard-siebwalde\Fiddle Yard.c
               __config_1   0x01fff9    program     static C:\Documents and Settings\Treintje\Bureaublad\fiddleyard-siebwalde\Fiddle Yard.c
               __config_2   0x01fffa    program     static C:\Documents and Settings\Treintje\Bureaublad\fiddleyard-siebwalde\Fiddle Yard.c
               __config_3   0x01fffb    program     static C:\Documents and Settings\Treintje\Bureaublad\fiddleyard-siebwalde\Fiddle Yard.c
               __config_4   0x01fffc    program     static C:\Documents and Settings\Treintje\Bureaublad\fiddleyard-siebwalde\Fiddle Yard.c
               __config_5   0x01fffd    program     static C:\Documents and Settings\Treintje\Bureaublad\fiddleyard-siebwalde\Fiddle Yard.c
                   __init   0x000006    program     extern C:\MCC18\src\traditional\stdclib\__init.c
               __string_0   0x012996    program     static C:\Documents and Settings\Treintje\Bureaublad\fiddleyard-siebwalde\Fiddle Yard.c
               __string_0   0x01297a    program     static C:\Documents and Settings\Treintje\Bureaublad\fiddleyard-siebwalde\Microchip\TCPIP Stack\Announce.c
               __tmplbl_0   0x00bdf0    program     static                          
              __tmplbl_10   0x00ddda    program     static                          
              __tmplbl_11   0x00ddd8    program     static                          
              __tmplbl_12   0x00dea4    program     static                          
              __tmplbl_13   0x00de96    program     static                          
              __tmplbl_14   0x00de9c    program     static                          
             __tmplbl_178   0x0024c8    program     static                          
             __tmplbl_179   0x001dec    program     static                          
             __tmplbl_180   0x0016ea    program     static                          
             __tmplbl_181   0x001542    program     static                          
             __tmplbl_182   0x000ada    program     static                          
             __tmplbl_183   0x00256a    program     static                          
             __tmplbl_184   0x00256a    program     static                          
             __tmplbl_185   0x00147a    program     static                          
             __tmplbl_186   0x001458    program     static                          
             __tmplbl_187   0x001434    program     static                          
             __tmplbl_188   0x001412    program     static                          
             __tmplbl_189   0x0013ee    program     static                          
             __tmplbl_190   0x0013cc    program     static                          
             __tmplbl_191   0x0013a8    program     static                          
             __tmplbl_192   0x00136a    program     static                          
             __tmplbl_208   0x00153e    program     static                          
             __tmplbl_209   0x00153e    program     static                          
             __tmplbl_210   0x00153e    program     static                          
             __tmplbl_211   0x00153e    program     static                          
             __tmplbl_212   0x00256a    program     static                          
             __tmplbl_213   0x00256a    program     static                          
             __tmplbl_215   0x00256a    program     static                          
             __tmplbl_216   0x00256a    program     static                          
             __tmplbl_233   0x0039fe    program     static                          
             __tmplbl_234   0x0039b0    program     static                          
             __tmplbl_235   0x0038ee    program     static                          
             __tmplbl_236   0x003806    program     static                          
             __tmplbl_245   0x003a00    program     static                          
             __tmplbl_246   0x003a00    program     static                          
             __tmplbl_247   0x003a00    program     static                          
             __tmplbl_248   0x003a00    program     static                          
             __tmplbl_265   0x005f12    program     static                          
             __tmplbl_266   0x005d56    program     static                          
             __tmplbl_267   0x005cb6    program     static                          
             __tmplbl_268   0x005bb6    program     static                          
             __tmplbl_269   0x005532    program     static                          
              __tmplbl_27   0x00bd6c    program     static                          
             __tmplbl_273   0x006088    program     static                          
             __tmplbl_274   0x006088    program     static                          
             __tmplbl_275   0x006088    program     static                          
             __tmplbl_276   0x006088    program     static                          
             __tmplbl_277   0x006088    program     static                          
             __tmplbl_278   0x006088    program     static                          
             __tmplbl_279   0x006088    program     static                          
              __tmplbl_28   0x00be0c    program     static                          
             __tmplbl_283   0x006088    program     static                          
             __tmplbl_284   0x006088    program     static                          
             __tmplbl_288   0x007610    program     static                          
             __tmplbl_289   0x007476    program     static                          
              __tmplbl_29   0x00be4c    program     static                          
             __tmplbl_290   0x0073d6    program     static                          
             __tmplbl_291   0x0072f6    program     static                          
             __tmplbl_292   0x006cce    program     static                          
             __tmplbl_296   0x0077b2    program     static                          
             __tmplbl_297   0x0077b2    program     static                          
             __tmplbl_298   0x0077b2    program     static                          
             __tmplbl_299   0x0077b2    program     static                          
              __tmplbl_30   0x00beb0    program     static                          
             __tmplbl_300   0x0077b2    program     static                          
             __tmplbl_301   0x0077b2    program     static                          
             __tmplbl_302   0x0077b2    program     static                          
             __tmplbl_306   0x0077b2    program     static                          
             __tmplbl_307   0x0077b2    program     static                          
             __tmplbl_308   0x0077b2    program     static                          
             __tmplbl_313   0x008cbe    program     static                          
             __tmplbl_314   0x008b22    program     static                          
             __tmplbl_315   0x008a82    program     static                          
             __tmplbl_316   0x0089a2    program     static                          
             __tmplbl_317   0x00833e    program     static                          
             __tmplbl_321   0x008e14    program     static                          
             __tmplbl_322   0x008e14    program     static                          
             __tmplbl_323   0x008e14    program     static                          
             __tmplbl_324   0x008e14    program     static                          
             __tmplbl_325   0x008e14    program     static                          
             __tmplbl_326   0x008e14    program     static                          
             __tmplbl_327   0x008e14    program     static                          
             __tmplbl_331   0x008e14    program     static                          
             __tmplbl_332   0x008e14    program     static                          
             __tmplbl_336   0x00a3bc    program     static                          
             __tmplbl_337   0x00a20e    program     static                          
             __tmplbl_338   0x00a16e    program     static                          
             __tmplbl_339   0x00a07c    program     static                          
             __tmplbl_340   0x009a54    program     static                          
             __tmplbl_344   0x00a560    program     static                          
             __tmplbl_345   0x00a560    program     static                          
             __tmplbl_346   0x00a560    program     static                          
             __tmplbl_347   0x00a560    program     static                          
             __tmplbl_348   0x00a560    program     static                          
             __tmplbl_349   0x00a560    program     static                          
             __tmplbl_350   0x00a560    program     static                          
             __tmplbl_351   0x00a560    program     static                          
             __tmplbl_355   0x00a560    program     static                          
             __tmplbl_356   0x00a560    program     static                          
             __tmplbl_357   0x00a560    program     static                          
               __tmplbl_5   0x00de3c    program     static                          
               __tmplbl_6   0x00de28    program     static                          
               __tmplbl_7   0x00de12    program     static                          
               __tmplbl_8   0x00ddfe    program     static                          
               __tmplbl_9   0x00dde8    program     static                          
            __zero_memory   0x01294e    program     extern C:\MCC18\src\traditional\proc\p18F97J60.asm
                _do_cinit   0x012708    program     extern C:\MCC18\src\traditional\startup\c018i.c
                   _entry   0x000000    program     extern C:\MCC18\src\traditional\startup\c018i.c
                   _false   0x0128a4    program     static                          
                 _startup   0x0129a0    program     extern C:\MCC18\src\traditional\startup\c018i.c
             btohexa_high   0x00c6c8    program     extern C:\Documents and Settings\Treintje\Bureaublad\fiddleyard-siebwalde\Microchip\TCPIP Stack\Helpers.c
              btohexa_low   0x00c6fe    program     extern C:\Documents and Settings\Treintje\Bureaublad\fiddleyard-siebwalde\Microchip\TCPIP Stack\Helpers.c
                compare_l   0x012970    program     static C:\MCC18\src\traditional\proc\p18F97J60.asm
                copy_loop   0x01277a    program     static                          
            copy_one_byte   0x012780    program     static                          
                     done   0x0127a4    program     static                          
             done_copying   0x01278e    program     static                          
                  endloop   0x012948    program     static                          
                  hexatob   0x00c60c    program     extern C:\Documents and Settings\Treintje\Bureaublad\fiddleyard-siebwalde\Microchip\TCPIP Stack\Helpers.c
                 high_isr   0x011be2    program     extern C:\Documents and Settings\Treintje\Bureaublad\fiddleyard-siebwalde\Fiddle Yard.c
 interrupt_at_high_vector   0x000008    program     extern C:\Documents and Settings\Treintje\Bureaublad\fiddleyard-siebwalde\Fiddle Yard.c
  interrupt_at_low_vector   0x000018    program     extern C:\Documents and Settings\Treintje\Bureaublad\fiddleyard-siebwalde\Fiddle Yard.c
                     jEnd   0x012480    program     static C:\MCC18\src\traditional\stdclib\strupr.asm
                     jEnd   0x0123f0    program     static C:\MCC18\src\traditional\stdclib\memset.asm
                     jEnd   0x01240c    program     static C:\MCC18\src\traditional\stdclib\strlen.asm
                     jEnd   0x01230c    program     static C:\MCC18\src\traditional\stdclib\memcmp.asm
                     jEnd   0x0123bc    program     static C:\MCC18\src\traditional\stdclib\mcpyp2r.asm
                     jEnd   0x012444    program     static C:\MCC18\src\traditional\stdclib\slenpgm.asm
                     jEnd   0x012366    program     static C:\MCC18\src\traditional\stdclib\memcpy.asm
                    jLoop   0x01239e    program     static C:\MCC18\src\traditional\stdclib\mcpyp2r.asm
                    jLoop   0x01246c    program     static C:\MCC18\src\traditional\stdclib\strupr.asm
                    jLoop   0x01242c    program     static C:\MCC18\src\traditional\stdclib\slenpgm.asm
                    jLoop   0x0123d2    program     static C:\MCC18\src\traditional\stdclib\memset.asm
                    jLoop   0x012402    program     static C:\MCC18\src\traditional\stdclib\strlen.asm
                    jLoop   0x01234a    program     static C:\MCC18\src\traditional\stdclib\memcpy.asm
                    jLoop   0x0122f0    program     static C:\MCC18\src\traditional\stdclib\memcmp.asm
                    jSkip   0x01247c    program     static C:\MCC18\src\traditional\stdclib\strupr.asm
          leftRotateDWORD   0x00cac2    program     extern C:\Documents and Settings\Treintje\Bureaublad\fiddleyard-siebwalde\Microchip\TCPIP Stack\Helpers.c
                     loop   0x012870    program     static                          
                     loop   0x0129b0    program     static                          
                     loop   0x01292c    program     static                          
                   loop_h   0x012968    program     static C:\MCC18\src\traditional\proc\p18F97J60.asm
                   loop_l   0x012972    program     static C:\MCC18\src\traditional\proc\p18F97J60.asm
                  low_isr   0x011bf4    program     extern C:\Documents and Settings\Treintje\Bureaublad\fiddleyard-siebwalde\Fiddle Yard.c
                     main   0x011a92    program     extern C:\Documents and Settings\Treintje\Bureaublad\fiddleyard-siebwalde\Fiddle Yard.c
                   memcmp   0x0122d0    program     extern C:\MCC18\src\traditional\stdclib\memcmp.asm
                   memcpy   0x012322    program     extern C:\MCC18\src\traditional\stdclib\memcpy.asm
            memcpypgm2ram   0x012378    program     extern C:\MCC18\src\traditional\stdclib\mcpyp2r.asm
                   memset   0x0123be    program     extern C:\MCC18\src\traditional\stdclib\memset.asm
                     rand   0x0128b8    program     extern C:\MCC18\src\traditional\stdclib\rand.asm
                    srand   0x0128aa    program     extern C:\MCC18\src\traditional\stdclib\rand.asm
           stricmppgm2ram   0x00c732    program     extern C:\Documents and Settings\Treintje\Bureaublad\fiddleyard-siebwalde\Microchip\TCPIP Stack\Helpers.c
                   strlen   0x0123f2    program     extern C:\MCC18\src\traditional\stdclib\strlen.asm
                strlenpgm   0x01240e    program     extern C:\MCC18\src\traditional\stdclib\slenpgm.asm
                  strnchr   0x00cbe0    program     extern C:\Documents and Settings\Treintje\Bureaublad\fiddleyard-siebwalde\Microchip\TCPIP Stack\Helpers.c
                   strupr   0x012458    program     extern C:\MCC18\src\traditional\stdclib\strupr.asm
                    swapl   0x00c89c    program     extern C:\Documents and Settings\Treintje\Bureaublad\fiddleyard-siebwalde\Microchip\TCPIP Stack\Helpers.c
                    swaps   0x00c848    program     extern C:\Documents and Settings\Treintje\Bureaublad\fiddleyard-siebwalde\Microchip\TCPIP Stack\Helpers.c
                     test   0x012722    program     static                          
                    uitoa   0x00c4c0    program     extern C:\Documents and Settings\Treintje\Bureaublad\fiddleyard-siebwalde\Microchip\TCPIP Stack\Helpers.c
               zero_block   0x012968    program     static C:\MCC18\src\traditional\proc\p18F97J60.asm
              ACT_ST_MCHN   0x000102       data     static C:\Documents and Settings\Treintje\Bureaublad\fiddleyard-siebwalde\State_Machine.c
                   ADCON0   0x000fc2       data     extern C:\MCC18\src\traditional\proc\p18F97J60.asm
               ADCON0bits   0x000fc2       data     extern C:\MCC18\src\traditional\proc\p18F97J60.asm
                   ADCON1   0x000fc1       data     extern C:\MCC18\src\traditional\proc\p18F97J60.asm
               ADCON1bits   0x000fc1       data     extern C:\MCC18\src\traditional\proc\p18F97J60.asm
                   ADCON2   0x000fc0       data     extern C:\MCC18\src\traditional\proc\p18F97J60.asm
               ADCON2bits   0x000fc0       data     extern C:\MCC18\src\traditional\proc\p18F97J60.asm
                    ADRES   0x000fc3       data     extern C:\MCC18\src\traditional\proc\p18F97J60.asm
                   ADRESH   0x000fc4       data     extern C:\MCC18\src\traditional\proc\p18F97J60.asm
                   ADRESL   0x000fc3       data     extern C:\MCC18\src\traditional\proc\p18F97J60.asm
                AN0String   0x000e33       data     extern C:\Documents and Settings\Treintje\Bureaublad\fiddleyard-siebwalde\Fiddle Yard.c
                AdcResult   0x0001ec       data     extern C:\Documents and Settings\Treintje\Bureaublad\fiddleyard-siebwalde\Fiddle Yard.c
                AppConfig   0x000e00       data     extern C:\Documents and Settings\Treintje\Bureaublad\fiddleyard-siebwalde\Fiddle Yard.c
                  BAUDCON   0x000f7e       data     extern C:\MCC18\src\traditional\proc\p18F97J60.asm
                 BAUDCON1   0x000f7e       data     extern C:\MCC18\src\traditional\proc\p18F97J60.asm
             BAUDCON1bits   0x000f7e       data     extern C:\MCC18\src\traditional\proc\p18F97J60.asm
                 BAUDCON2   0x000f7c       data     extern C:\MCC18\src\traditional\proc\p18F97J60.asm
             BAUDCON2bits   0x000f7c       data     extern C:\MCC18\src\traditional\proc\p18F97J60.asm
              BAUDCONbits   0x000f7e       data     extern C:\MCC18\src\traditional\proc\p18F97J60.asm
                  BAUDCTL   0x000f7e       data     extern C:\MCC18\src\traditional\proc\p18F97J60.asm
                 BAUDCTL1   0x000f7e       data     extern C:\MCC18\src\traditional\proc\p18F97J60.asm
             BAUDCTL1bits   0x000f7e       data     extern C:\MCC18\src\traditional\proc\p18F97J60.asm
                 BAUDCTL2   0x000f7c       data     extern C:\MCC18\src\traditional\proc\p18F97J60.asm
             BAUDCTL2bits   0x000f7c       data     extern C:\MCC18\src\traditional\proc\p18F97J60.asm
              BAUDCTLbits   0x000f7e       data     extern C:\MCC18\src\traditional\proc\p18F97J60.asm
                      BSR   0x000fe0       data     extern C:\MCC18\src\traditional\proc\p18F97J60.asm
                  CCP1CON   0x000fbd       data     extern C:\MCC18\src\traditional\proc\p18F97J60.asm
              CCP1CONbits   0x000fbd       data     extern C:\MCC18\src\traditional\proc\p18F97J60.asm
                  CCP2CON   0x000fba       data     extern C:\MCC18\src\traditional\proc\p18F97J60.asm
              CCP2CONbits   0x000fba       data     extern C:\MCC18\src\traditional\proc\p18F97J60.asm
                  CCP3CON   0x000fb7       data     extern C:\MCC18\src\traditional\proc\p18F97J60.asm
              CCP3CONbits   0x000fb7       data     extern C:\MCC18\src\traditional\proc\p18F97J60.asm
                  CCP4CON   0x000f73       data     extern C:\MCC18\src\traditional\proc\p18F97J60.asm
              CCP4CONbits   0x000f73       data     extern C:\MCC18\src\traditional\proc\p18F97J60.asm
                  CCP5CON   0x000f70       data     extern C:\MCC18\src\traditional\proc\p18F97J60.asm
              CCP5CONbits   0x000f70       data     extern C:\MCC18\src\traditional\proc\p18F97J60.asm
                    CCPR1   0x000fbe       data     extern C:\MCC18\src\traditional\proc\p18F97J60.asm
                   CCPR1H   0x000fbf       data     extern C:\MCC18\src\traditional\proc\p18F97J60.asm
                   CCPR1L   0x000fbe       data     extern C:\MCC18\src\traditional\proc\p18F97J60.asm
                    CCPR2   0x000fbb       data     extern C:\MCC18\src\traditional\proc\p18F97J60.asm
                   CCPR2H   0x000fbc       data     extern C:\MCC18\src\traditional\proc\p18F97J60.asm
                   CCPR2L   0x000fbb       data     extern C:\MCC18\src\traditional\proc\p18F97J60.asm
                    CCPR3   0x000fb8       data     extern C:\MCC18\src\traditional\proc\p18F97J60.asm
                   CCPR3H   0x000fb9       data     extern C:\MCC18\src\traditional\proc\p18F97J60.asm
                   CCPR3L   0x000fb8       data     extern C:\MCC18\src\traditional\proc\p18F97J60.asm
                    CCPR4   0x000f74       data     extern C:\MCC18\src\traditional\proc\p18F97J60.asm
                   CCPR4H   0x000f75       data     extern C:\MCC18\src\traditional\proc\p18F97J60.asm
                   CCPR4L   0x000f74       data     extern C:\MCC18\src\traditional\proc\p18F97J60.asm
                    CCPR5   0x000f71       data     extern C:\MCC18\src\traditional\proc\p18F97J60.asm
                   CCPR5H   0x000f72       data     extern C:\MCC18\src\traditional\proc\p18F97J60.asm
                   CCPR5L   0x000f71       data     extern C:\MCC18\src\traditional\proc\p18F97J60.asm
                    CMCON   0x000fb4       data     extern C:\MCC18\src\traditional\proc\p18F97J60.asm
                CMCONbits   0x000fb4       data     extern C:\MCC18\src\traditional\proc\p18F97J60.asm
                   CVRCON   0x000fb5       data     extern C:\MCC18\src\traditional\proc\p18F97J60.asm
               CVRCONbits   0x000fb5       data     extern C:\MCC18\src\traditional\proc\p18F97J60.asm
                    Cache   0x000e6c       data     static C:\Documents and Settings\Treintje\Bureaublad\fiddleyard-siebwalde\Microchip\TCPIP Stack\ARP.c
                      Cmd   0x0000ca       data     static C:\Documents and Settings\Treintje\Bureaublad\fiddleyard-siebwalde\Command_Machine.c
          Cmd_Read_Switch   0x0000a9       data     static C:\Documents and Settings\Treintje\Bureaublad\fiddleyard-siebwalde\Command_Machine.c
                Comm_List   0x000e48       data     static C:\Documents and Settings\Treintje\Bureaublad\fiddleyard-siebwalde\Diagnostic_ret.c
    CurrentPacketLocation   0x0000b2       data     static C:\Documents and Settings\Treintje\Bureaublad\fiddleyard-siebwalde\Microchip\TCPIP Stack\ETH97J60.c
                     DDRA   0x000f92       data     extern C:\MCC18\src\traditional\proc\p18F97J60.asm
                 DDRAbits   0x000f92       data     extern C:\MCC18\src\traditional\proc\p18F97J60.asm
                     DDRB   0x000f93       data     extern C:\MCC18\src\traditional\proc\p18F97J60.asm
                 DDRBbits   0x000f93       data     extern C:\MCC18\src\traditional\proc\p18F97J60.asm
                     DDRC   0x000f94       data     extern C:\MCC18\src\traditional\proc\p18F97J60.asm
                 DDRCbits   0x000f94       data     extern C:\MCC18\src\traditional\proc\p18F97J60.asm
                     DDRD   0x000f95       data     extern C:\MCC18\src\traditional\proc\p18F97J60.asm
                 DDRDbits   0x000f95       data     extern C:\MCC18\src\traditional\proc\p18F97J60.asm
                     DDRE   0x000f96       data     extern C:\MCC18\src\traditional\proc\p18F97J60.asm
                 DDREbits   0x000f96       data     extern C:\MCC18\src\traditional\proc\p18F97J60.asm
                     DDRF   0x000f97       data     extern C:\MCC18\src\traditional\proc\p18F97J60.asm
                 DDRFbits   0x000f97       data     extern C:\MCC18\src\traditional\proc\p18F97J60.asm
                     DDRG   0x000f98       data     extern C:\MCC18\src\traditional\proc\p18F97J60.asm
                 DDRGbits   0x000f98       data     extern C:\MCC18\src\traditional\proc\p18F97J60.asm
                     DDRH   0x000f99       data     extern C:\MCC18\src\traditional\proc\p18F97J60.asm
                 DDRHbits   0x000f99       data     extern C:\MCC18\src\traditional\proc\p18F97J60.asm
                     DDRJ   0x000f9a       data     extern C:\MCC18\src\traditional\proc\p18F97J60.asm
                 DDRJbits   0x000f9a       data     extern C:\MCC18\src\traditional\proc\p18F97J60.asm
               DHCPClient   0x00008c       data     static C:\Documents and Settings\Treintje\Bureaublad\fiddleyard-siebwalde\Microchip\TCPIP Stack\DHCP.c
DHCPClientInitializedOnce   0x0000e2       data     extern C:\Documents and Settings\Treintje\Bureaublad\fiddleyard-siebwalde\Microchip\TCPIP Stack\DHCP.c
                    Delay   0x0001ee       data     extern C:\Documents and Settings\Treintje\Bureaublad\fiddleyard-siebwalde\Fiddle Yard.c
                Diag_Comm   0x0000b8       data     static C:\Documents and Settings\Treintje\Bureaublad\fiddleyard-siebwalde\Diagnostic_ret.c
               Diag_Comm2   0x0000b9       data     static C:\Documents and Settings\Treintje\Bureaublad\fiddleyard-siebwalde\Diagnostic_ret.c
              DiscoverySM   0x0000e3       data     static C:\Documents and Settings\Treintje\Bureaublad\fiddleyard-siebwalde\Microchip\TCPIP Stack\Announce.c
                  ECCP1AS   0x000fb6       data     extern C:\MCC18\src\traditional\proc\p18F97J60.asm
              ECCP1ASbits   0x000fb6       data     extern C:\MCC18\src\traditional\proc\p18F97J60.asm
                 ECCP1CON   0x000fbd       data     extern C:\MCC18\src\traditional\proc\p18F97J60.asm
             ECCP1CONbits   0x000fbd       data     extern C:\MCC18\src\traditional\proc\p18F97J60.asm
                 ECCP1DEL   0x000f79       data     extern C:\MCC18\src\traditional\proc\p18F97J60.asm
             ECCP1DELbits   0x000f79       data     extern C:\MCC18\src\traditional\proc\p18F97J60.asm
                  ECCP2AS   0x000f68       data     extern C:\MCC18\src\traditional\proc\p18F97J60.asm
              ECCP2ASbits   0x000f68       data     extern C:\MCC18\src\traditional\proc\p18F97J60.asm
                 ECCP2CON   0x000fba       data     extern C:\MCC18\src\traditional\proc\p18F97J60.asm
             ECCP2CONbits   0x000fba       data     extern C:\MCC18\src\traditional\proc\p18F97J60.asm
                 ECCP2DEL   0x000f67       data     extern C:\MCC18\src\traditional\proc\p18F97J60.asm
             ECCP2DELbits   0x000f67       data     extern C:\MCC18\src\traditional\proc\p18F97J60.asm
                  ECCP3AS   0x000f6a       data     extern C:\MCC18\src\traditional\proc\p18F97J60.asm
              ECCP3ASbits   0x000f6a       data     extern C:\MCC18\src\traditional\proc\p18F97J60.asm
                 ECCP3CON   0x000fb7       data     extern C:\MCC18\src\traditional\proc\p18F97J60.asm
             ECCP3CONbits   0x000fb7       data     extern C:\MCC18\src\traditional\proc\p18F97J60.asm
                 ECCP3DEL   0x000f69       data     extern C:\MCC18\src\traditional\proc\p18F97J60.asm
             ECCP3DELbits   0x000f69       data     extern C:\MCC18\src\traditional\proc\p18F97J60.asm
                    ECON1   0x000fd2       data     extern C:\MCC18\src\traditional\proc\p18F97J60.asm
                ECON1bits   0x000fd2       data     extern C:\MCC18\src\traditional\proc\p18F97J60.asm
                    ECON2   0x000efe       data     extern C:\MCC18\src\traditional\proc\p18F97J60.asm
                ECON2bits   0x000efe       data     extern C:\MCC18\src\traditional\proc\p18F97J60.asm
                    EDATA   0x000f61       data     extern C:\MCC18\src\traditional\proc\p18F97J60.asm
                EDATAbits   0x000f61       data     extern C:\MCC18\src\traditional\proc\p18F97J60.asm
                   EDMACS   0x000ef6       data     extern C:\MCC18\src\traditional\proc\p18F97J60.asm
                  EDMACSH   0x000ef7       data     extern C:\MCC18\src\traditional\proc\p18F97J60.asm
                  EDMACSL   0x000ef6       data     extern C:\MCC18\src\traditional\proc\p18F97J60.asm
                  EDMADST   0x000ef4       data     extern C:\MCC18\src\traditional\proc\p18F97J60.asm
                 EDMADSTH   0x000ef5       data     extern C:\MCC18\src\traditional\proc\p18F97J60.asm
                 EDMADSTL   0x000ef4       data     extern C:\MCC18\src\traditional\proc\p18F97J60.asm
                   EDMAND   0x000ef2       data     extern C:\MCC18\src\traditional\proc\p18F97J60.asm
                  EDMANDH   0x000ef3       data     extern C:\MCC18\src\traditional\proc\p18F97J60.asm
                  EDMANDL   0x000ef2       data     extern C:\MCC18\src\traditional\proc\p18F97J60.asm
                   EDMAST   0x000ef0       data     extern C:\MCC18\src\traditional\proc\p18F97J60.asm
                  EDMASTH   0x000ef1       data     extern C:\MCC18\src\traditional\proc\p18F97J60.asm
                  EDMASTL   0x000ef0       data     extern C:\MCC18\src\traditional\proc\p18F97J60.asm
                   EECON1   0x000fa6       data     extern C:\MCC18\src\traditional\proc\p18F97J60.asm
               EECON1bits   0x000fa6       data     extern C:\MCC18\src\traditional\proc\p18F97J60.asm
                   EECON2   0x000fa7       data     extern C:\MCC18\src\traditional\proc\p18F97J60.asm
                  EFLOCON   0x000e97       data     extern C:\MCC18\src\traditional\proc\p18F97J60.asm
              EFLOCONbits   0x000e97       data     extern C:\MCC18\src\traditional\proc\p18F97J60.asm
                     EHT0   0x000ec0       data     extern C:\MCC18\src\traditional\proc\p18F97J60.asm
                     EHT1   0x000ec1       data     extern C:\MCC18\src\traditional\proc\p18F97J60.asm
                     EHT2   0x000ec2       data     extern C:\MCC18\src\traditional\proc\p18F97J60.asm
                     EHT3   0x000ec3       data     extern C:\MCC18\src\traditional\proc\p18F97J60.asm
                     EHT4   0x000ec4       data     extern C:\MCC18\src\traditional\proc\p18F97J60.asm
                     EHT5   0x000ec5       data     extern C:\MCC18\src\traditional\proc\p18F97J60.asm
                     EHT6   0x000ec6       data     extern C:\MCC18\src\traditional\proc\p18F97J60.asm
                     EHT7   0x000ec7       data     extern C:\MCC18\src\traditional\proc\p18F97J60.asm
                      EIE   0x000efb       data     extern C:\MCC18\src\traditional\proc\p18F97J60.asm
                  EIEbits   0x000efb       data     extern C:\MCC18\src\traditional\proc\p18F97J60.asm
                      EIR   0x000f60       data     extern C:\MCC18\src\traditional\proc\p18F97J60.asm
                  EIRbits   0x000f60       data     extern C:\MCC18\src\traditional\proc\p18F97J60.asm
                    EPAUS   0x000e98       data     extern C:\MCC18\src\traditional\proc\p18F97J60.asm
                   EPAUSH   0x000e99       data     extern C:\MCC18\src\traditional\proc\p18F97J60.asm
                   EPAUSL   0x000e98       data     extern C:\MCC18\src\traditional\proc\p18F97J60.asm
                  EPKTCNT   0x000ed9       data     extern C:\MCC18\src\traditional\proc\p18F97J60.asm
                    EPMCS   0x000ed0       data     extern C:\MCC18\src\traditional\proc\p18F97J60.asm
                   EPMCSH   0x000ed1       data     extern C:\MCC18\src\traditional\proc\p18F97J60.asm
                   EPMCSL   0x000ed0       data     extern C:\MCC18\src\traditional\proc\p18F97J60.asm
                    EPMM0   0x000ec8       data     extern C:\MCC18\src\traditional\proc\p18F97J60.asm
                    EPMM1   0x000ec9       data     extern C:\MCC18\src\traditional\proc\p18F97J60.asm
                    EPMM2   0x000eca       data     extern C:\MCC18\src\traditional\proc\p18F97J60.asm
                    EPMM3   0x000ecb       data     extern C:\MCC18\src\traditional\proc\p18F97J60.asm
                    EPMM4   0x000ecc       data     extern C:\MCC18\src\traditional\proc\p18F97J60.asm
                    EPMM5   0x000ecd       data     extern C:\MCC18\src\traditional\proc\p18F97J60.asm
                    EPMM6   0x000ece       data     extern C:\MCC18\src\traditional\proc\p18F97J60.asm
                    EPMM7   0x000ecf       data     extern C:\MCC18\src\traditional\proc\p18F97J60.asm
                     EPMO   0x000ed4       data     extern C:\MCC18\src\traditional\proc\p18F97J60.asm
                    EPMOH   0x000ed5       data     extern C:\MCC18\src\traditional\proc\p18F97J60.asm
                    EPMOL   0x000ed4       data     extern C:\MCC18\src\traditional\proc\p18F97J60.asm
                    ERDPT   0x000f7a       data     extern C:\MCC18\src\traditional\proc\p18F97J60.asm
                   ERDPTH   0x000f7b       data     extern C:\MCC18\src\traditional\proc\p18F97J60.asm
                   ERDPTL   0x000f7a       data     extern C:\MCC18\src\traditional\proc\p18F97J60.asm
                  ERXFCON   0x000ed8       data     extern C:\MCC18\src\traditional\proc\p18F97J60.asm
              ERXFCONbits   0x000ed8       data     extern C:\MCC18\src\traditional\proc\p18F97J60.asm
                    ERXND   0x000eea       data     extern C:\MCC18\src\traditional\proc\p18F97J60.asm
                   ERXNDH   0x000eeb       data     extern C:\MCC18\src\traditional\proc\p18F97J60.asm
                   ERXNDL   0x000eea       data     extern C:\MCC18\src\traditional\proc\p18F97J60.asm
                  ERXRDPT   0x000eec       data     extern C:\MCC18\src\traditional\proc\p18F97J60.asm
                 ERXRDPTH   0x000eed       data     extern C:\MCC18\src\traditional\proc\p18F97J60.asm
                 ERXRDPTL   0x000eec       data     extern C:\MCC18\src\traditional\proc\p18F97J60.asm
[...]
                    TRISD   0x000f95       data     extern C:\MCC18\src\traditional\proc\p18F97J60.asm
                 DDRDbits   0x000f95       data     extern C:\MCC18\src\traditional\proc\p18F97J60.asm
                     DDRD   0x000f95       data     extern C:\MCC18\src\traditional\proc\p18F97J60.asm
                TRISEbits   0x000f96       data     extern C:\MCC18\src\traditional\proc\p18F97J60.asm
                     DDRE   0x000f96       data     extern C:\MCC18\src\traditional\proc\p18F97J60.asm
                    TRISE   0x000f96       data     extern C:\MCC18\src\traditional\proc\p18F97J60.asm
                 DDREbits   0x000f96       data     extern C:\MCC18\src\traditional\proc\p18F97J60.asm
                TRISFbits   0x000f97       data     extern C:\MCC18\src\traditional\proc\p18F97J60.asm
                     DDRF   0x000f97       data     extern C:\MCC18\src\traditional\proc\p18F97J60.asm
                    TRISF   0x000f97       data     extern C:\MCC18\src\traditional\proc\p18F97J60.asm
                 DDRFbits   0x000f97       data     extern C:\MCC18\src\traditional\proc\p18F97J60.asm
                 DDRGbits   0x000f98       data     extern C:\MCC18\src\traditional\proc\p18F97J60.asm
                     DDRG   0x000f98       data     extern C:\MCC18\src\traditional\proc\p18F97J60.asm
                    TRISG   0x000f98       data     extern C:\MCC18\src\traditional\proc\p18F97J60.asm
                TRISGbits   0x000f98       data     extern C:\MCC18\src\traditional\proc\p18F97J60.asm
                 DDRHbits   0x000f99       data     extern C:\MCC18\src\traditional\proc\p18F97J60.asm
                     DDRH   0x000f99       data     extern C:\MCC18\src\traditional\proc\p18F97J60.asm
                    TRISH   0x000f99       data     extern C:\MCC18\src\traditional\proc\p18F97J60.asm
                TRISHbits   0x000f99       data     extern C:\MCC18\src\traditional\proc\p18F97J60.asm
                     DDRJ   0x000f9a       data     extern C:\MCC18\src\traditional\proc\p18F97J60.asm
                 DDRJbits   0x000f9a       data     extern C:\MCC18\src\traditional\proc\p18F97J60.asm
                    TRISJ   0x000f9a       data     extern C:\MCC18\src\traditional\proc\p18F97J60.asm
                TRISJbits   0x000f9a       data     extern C:\MCC18\src\traditional\proc\p18F97J60.asm
                  OSCTUNE   0x000f9b       data     extern C:\MCC18\src\traditional\proc\p18F97J60.asm
              OSCTUNEbits   0x000f9b       data     extern C:\MCC18\src\traditional\proc\p18F97J60.asm
                   MEMCON   0x000f9c       data     extern C:\MCC18\src\traditional\proc\p18F97J60.asm
               MEMCONbits   0x000f9c       data     extern C:\MCC18\src\traditional\proc\p18F97J60.asm
                     PIE1   0x000f9d       data     extern C:\MCC18\src\traditional\proc\p18F97J60.asm
                 PIE1bits   0x000f9d       data     extern C:\MCC18\src\traditional\proc\p18F97J60.asm
                     PIR1   0x000f9e       data     extern C:\MCC18\src\traditional\proc\p18F97J60.asm
                 PIR1bits   0x000f9e       data     extern C:\MCC18\src\traditional\proc\p18F97J60.asm
                 IPR1bits   0x000f9f       data     extern C:\MCC18\src\traditional\proc\p18F97J60.asm
                     IPR1   0x000f9f       data     extern C:\MCC18\src\traditional\proc\p18F97J60.asm
                     PIE2   0x000fa0       data     extern C:\MCC18\src\traditional\proc\p18F97J60.asm
                 PIE2bits   0x000fa0       data     extern C:\MCC18\src\traditional\proc\p18F97J60.asm
                     PIR2   0x000fa1       data     extern C:\MCC18\src\traditional\proc\p18F97J60.asm
                 PIR2bits   0x000fa1       data     extern C:\MCC18\src\traditional\proc\p18F97J60.asm
                 IPR2bits   0x000fa2       data     extern C:\MCC18\src\traditional\proc\p18F97J60.asm
                     IPR2   0x000fa2       data     extern C:\MCC18\src\traditional\proc\p18F97J60.asm
                 PIE3bits   0x000fa3       data     extern C:\MCC18\src\traditional\proc\p18F97J60.asm
                     PIE3   0x000fa3       data     extern C:\MCC18\src\traditional\proc\p18F97J60.asm
                     PIR3   0x000fa4       data     extern C:\MCC18\src\traditional\proc\p18F97J60.asm
                 PIR3bits   0x000fa4       data     extern C:\MCC18\src\traditional\proc\p18F97J60.asm
                 IPR3bits   0x000fa5       data     extern C:\MCC18\src\traditional\proc\p18F97J60.asm
                     IPR3   0x000fa5       data     extern C:\MCC18\src\traditional\proc\p18F97J60.asm
               EECON1bits   0x000fa6       data     extern C:\MCC18\src\traditional\proc\p18F97J60.asm
                   EECON1   0x000fa6       data     extern C:\MCC18\src\traditional\proc\p18F97J60.asm
                   EECON2   0x000fa7       data     extern C:\MCC18\src\traditional\proc\p18F97J60.asm
               RCSTA1bits   0x000fab       data     extern C:\MCC18\src\traditional\proc\p18F97J60.asm
                   RCSTA1   0x000fab       data     extern C:\MCC18\src\traditional\proc\p18F97J60.asm
                    RCSTA   0x000fab       data     extern C:\MCC18\src\traditional\proc\p18F97J60.asm
                RCSTAbits   0x000fab       data     extern C:\MCC18\src\traditional\proc\p18F97J60.asm
                TXSTAbits   0x000fac       data     extern C:\MCC18\src\traditional\proc\p18F97J60.asm
               TXSTA1bits   0x000fac       data     extern C:\MCC18\src\traditional\proc\p18F97J60.asm
                   TXSTA1   0x000fac       data     extern C:\MCC18\src\traditional\proc\p18F97J60.asm
                    TXSTA   0x000fac       data     extern C:\MCC18\src\traditional\proc\p18F97J60.asm
                   TXREG1   0x000fad       data     extern C:\MCC18\src\traditional\proc\p18F97J60.asm
                    TXREG   0x000fad       data     extern C:\MCC18\src\traditional\proc\p18F97J60.asm
                   RCREG1   0x000fae       data     extern C:\MCC18\src\traditional\proc\p18F97J60.asm
                    RCREG   0x000fae       data     extern C:\MCC18\src\traditional\proc\p18F97J60.asm
                   SPBRG1   0x000faf       data     extern C:\MCC18\src\traditional\proc\p18F97J60.asm
                    SPBRG   0x000faf       data     extern C:\MCC18\src\traditional\proc\p18F97J60.asm
               PSPCONbits   0x000fb0       data     extern C:\MCC18\src\traditional\proc\p18F97J60.asm
                   PSPCON   0x000fb0       data     extern C:\MCC18\src\traditional\proc\p18F97J60.asm
                    T3CON   0x000fb1       data     extern C:\MCC18\src\traditional\proc\p18F97J60.asm
                T3CONbits   0x000fb1       data     extern C:\MCC18\src\traditional\proc\p18F97J60.asm
                    TMR3L   0x000fb2       data     extern C:\MCC18\src\traditional\proc\p18F97J60.asm
                    TMR3H   0x000fb3       data     extern C:\MCC18\src\traditional\proc\p18F97J60.asm
                    CMCON   0x000fb4       data     extern C:\MCC18\src\traditional\proc\p18F97J60.asm
                CMCONbits   0x000fb4       data     extern C:\MCC18\src\traditional\proc\p18F97J60.asm
                   CVRCON   0x000fb5       data     extern C:\MCC18\src\traditional\proc\p18F97J60.asm
               CVRCONbits   0x000fb5       data     extern C:\MCC18\src\traditional\proc\p18F97J60.asm
              ECCP1ASbits   0x000fb6       data     extern C:\MCC18\src\traditional\proc\p18F97J60.asm
                  ECCP1AS   0x000fb6       data     extern C:\MCC18\src\traditional\proc\p18F97J60.asm
             ECCP3CONbits   0x000fb7       data     extern C:\MCC18\src\traditional\proc\p18F97J60.asm
                 ECCP3CON   0x000fb7       data     extern C:\MCC18\src\traditional\proc\p18F97J60.asm
                  CCP3CON   0x000fb7       data     extern C:\MCC18\src\traditional\proc\p18F97J60.asm
              CCP3CONbits   0x000fb7       data     extern C:\MCC18\src\traditional\proc\p18F97J60.asm
                   CCPR3L   0x000fb8       data     extern C:\MCC18\src\traditional\proc\p18F97J60.asm
                    CCPR3   0x000fb8       data     extern C:\MCC18\src\traditional\proc\p18F97J60.asm
                   CCPR3H   0x000fb9       data     extern C:\MCC18\src\traditional\proc\p18F97J60.asm
             ECCP2CONbits   0x000fba       data     extern C:\MCC18\src\traditional\proc\p18F97J60.asm
                 ECCP2CON   0x000fba       data     extern C:\MCC18\src\traditional\proc\p18F97J60.asm
              CCP2CONbits   0x000fba       data     extern C:\MCC18\src\traditional\proc\p18F97J60.asm
                  CCP2CON   0x000fba       data     extern C:\MCC18\src\traditional\proc\p18F97J60.asm
                   CCPR2L   0x000fbb       data     extern C:\MCC18\src\traditional\proc\p18F97J60.asm
                    CCPR2   0x000fbb       data     extern C:\MCC18\src\traditional\proc\p18F97J60.asm
                   CCPR2H   0x000fbc       data     extern C:\MCC18\src\traditional\proc\p18F97J60.asm
                  CCP1CON   0x000fbd       data     extern C:\MCC18\src\traditional\proc\p18F97J60.asm
              CCP1CONbits   0x000fbd       data     extern C:\MCC18\src\traditional\proc\p18F97J60.asm
                 ECCP1CON   0x000fbd       data     extern C:\MCC18\src\traditional\proc\p18F97J60.asm
             ECCP1CONbits   0x000fbd       data     extern C:\MCC18\src\traditional\proc\p18F97J60.asm
                   CCPR1L   0x000fbe       data     extern C:\MCC18\src\traditional\proc\p18F97J60.asm
                    CCPR1   0x000fbe       data     extern C:\MCC18\src\traditional\proc\p18F97J60.asm
                   CCPR1H   0x000fbf       data     extern C:\MCC18\src\traditional\proc\p18F97J60.asm
                   ADCON2   0x000fc0       data     extern C:\MCC18\src\traditional\proc\p18F97J60.asm
               ADCON2bits   0x000fc0       data     extern C:\MCC18\src\traditional\proc\p18F97J60.asm
                   ADCON1   0x000fc1       data     extern C:\MCC18\src\traditional\proc\p18F97J60.asm
               ADCON1bits   0x000fc1       data     extern C:\MCC18\src\traditional\proc\p18F97J60.asm
               ADCON0bits   0x000fc2       data     extern C:\MCC18\src\traditional\proc\p18F97J60.asm
                   ADCON0   0x000fc2       data     extern C:\MCC18\src\traditional\proc\p18F97J60.asm
                    ADRES   0x000fc3       data     extern C:\MCC18\src\traditional\proc\p18F97J60.asm
                   ADRESL   0x000fc3       data     extern C:\MCC18\src\traditional\proc\p18F97J60.asm
                   ADRESH   0x000fc4       data     extern C:\MCC18\src\traditional\proc\p18F97J60.asm
              SSPCON2bits   0x000fc5       data     extern C:\MCC18\src\traditional\proc\p18F97J60.asm
                  SSPCON2   0x000fc5       data     extern C:\MCC18\src\traditional\proc\p18F97J60.asm
                 SSP1CON2   0x000fc5       data     extern C:\MCC18\src\traditional\proc\p18F97J60.asm
             SSP1CON2bits   0x000fc5       data     extern C:\MCC18\src\traditional\proc\p18F97J60.asm
                 SSP1CON1   0x000fc6       data     extern C:\MCC18\src\traditional\proc\p18F97J60.asm
             SSP1CON1bits   0x000fc6       data     extern C:\MCC18\src\traditional\proc\p18F97J60.asm
                  SSPCON1   0x000fc6       data     extern C:\MCC18\src\traditional\proc\p18F97J60.asm
              SSPCON1bits   0x000fc6       data     extern C:\MCC18\src\traditional\proc\p18F97J60.asm
                 SSP1STAT   0x000fc7       data     extern C:\MCC18\src\traditional\proc\p18F97J60.asm
             SSP1STATbits   0x000fc7       data     extern C:\MCC18\src\traditional\proc\p18F97J60.asm
                  SSPSTAT   0x000fc7       data     extern C:\MCC18\src\traditional\proc\p18F97J60.asm
              SSPSTATbits   0x000fc7       data     extern C:\MCC18\src\traditional\proc\p18F97J60.asm
                   SSPADD   0x000fc8       data     extern C:\MCC18\src\traditional\proc\p18F97J60.asm
                  SSP1ADD   0x000fc8       data     extern C:\MCC18\src\traditional\proc\p18F97J60.asm
                   SSPBUF   0x000fc9       data     extern C:\MCC18\src\traditional\proc\p18F97J60.asm
                  SSP1BUF   0x000fc9       data     extern C:\MCC18\src\traditional\proc\p18F97J60.asm
                T2CONbits   0x000fca       data     extern C:\MCC18\src\traditional\proc\p18F97J60.asm
                    T2CON   0x000fca       data     extern C:\MCC18\src\traditional\proc\p18F97J60.asm
                      PR2   0x000fcb       data     extern C:\MCC18\src\traditional\proc\p18F97J60.asm
                     TMR2   0x000fcc       data     extern C:\MCC18\src\traditional\proc\p18F97J60.asm
                    T1CON   0x000fcd       data     extern C:\MCC18\src\traditional\proc\p18F97J60.asm
                T1CONbits   0x000fcd       data     extern C:\MCC18\src\traditional\proc\p18F97J60.asm
                    TMR1L   0x000fce       data     extern C:\MCC18\src\traditional\proc\p18F97J60.asm
                    TMR1H   0x000fcf       data     extern C:\MCC18\src\traditional\proc\p18F97J60.asm
                 RCONbits   0x000fd0       data     extern C:\MCC18\src\traditional\proc\p18F97J60.asm
                     RCON   0x000fd0       data     extern C:\MCC18\src\traditional\proc\p18F97J60.asm
               WDTCONbits   0x000fd1       data     extern C:\MCC18\src\traditional\proc\p18F97J60.asm
                   WDTCON   0x000fd1       data     extern C:\MCC18\src\traditional\proc\p18F97J60.asm
                    ECON1   0x000fd2       data     extern C:\MCC18\src\traditional\proc\p18F97J60.asm
                ECON1bits   0x000fd2       data     extern C:\MCC18\src\traditional\proc\p18F97J60.asm
               OSCCONbits   0x000fd3       data     extern C:\MCC18\src\traditional\proc\p18F97J60.asm
                   OSCCON   0x000fd3       data     extern C:\MCC18\src\traditional\proc\p18F97J60.asm
                    T0CON   0x000fd5       data     extern C:\MCC18\src\traditional\proc\p18F97J60.asm
                T0CONbits   0x000fd5       data     extern C:\MCC18\src\traditional\proc\p18F97J60.asm
                    TMR0L   0x000fd6       data     extern C:\MCC18\src\traditional\proc\p18F97J60.asm
                    TMR0H   0x000fd7       data     extern C:\MCC18\src\traditional\proc\p18F97J60.asm
                   STATUS   0x000fd8       data     extern C:\MCC18\src\traditional\proc\p18F97J60.asm
               STATUSbits   0x000fd8       data     extern C:\MCC18\src\traditional\proc\p18F97J60.asm
                    FSR2L   0x000fd9       data     extern C:\MCC18\src\traditional\proc\p18F97J60.asm
                     FSR2   0x000fd9       data     extern C:\MCC18\src\traditional\proc\p18F97J60.asm
                    FSR2H   0x000fda       data     extern C:\MCC18\src\traditional\proc\p18F97J60.asm
                   PLUSW2   0x000fdb       data     extern C:\MCC18\src\traditional\proc\p18F97J60.asm
                  PREINC2   0x000fdc       data     extern C:\MCC18\src\traditional\proc\p18F97J60.asm
                 POSTDEC2   0x000fdd       data     extern C:\MCC18\src\traditional\proc\p18F97J60.asm
                 POSTINC2   0x000fde       data     extern C:\MCC18\src\traditional\proc\p18F97J60.asm
                    INDF2   0x000fdf       data     extern C:\MCC18\src\traditional\proc\p18F97J60.asm
                      BSR   0x000fe0       data     extern C:\MCC18\src\traditional\proc\p18F97J60.asm
                    FSR1L   0x000fe1       data     extern C:\MCC18\src\traditional\proc\p18F97J60.asm
                     FSR1   0x000fe1       data     extern C:\MCC18\src\traditional\proc\p18F97J60.asm
                    FSR1H   0x000fe2       data     extern C:\MCC18\src\traditional\proc\p18F97J60.asm
                   PLUSW1   0x000fe3       data     extern C:\MCC18\src\traditional\proc\p18F97J60.asm
                  PREINC1   0x000fe4       data     extern C:\MCC18\src\traditional\proc\p18F97J60.asm
                 POSTDEC1   0x000fe5       data     extern C:\MCC18\src\traditional\proc\p18F97J60.asm
                 POSTINC1   0x000fe6       data     extern C:\MCC18\src\traditional\proc\p18F97J60.asm
                    INDF1   0x000fe7       data     extern C:\MCC18\src\traditional\proc\p18F97J60.asm
                     WREG   0x000fe8       data     extern C:\MCC18\src\traditional\proc\p18F97J60.asm
                    FSR0L   0x000fe9       data     extern C:\MCC18\src\traditional\proc\p18F97J60.asm
                     FSR0   0x000fe9       data     extern C:\MCC18\src\traditional\proc\p18F97J60.asm
                    FSR0H   0x000fea       data     extern C:\MCC18\src\traditional\proc\p18F97J60.asm
                   PLUSW0   0x000feb       data     extern C:\MCC18\src\traditional\proc\p18F97J60.asm
                  PREINC0   0x000fec       data     extern C:\MCC18\src\traditional\proc\p18F97J60.asm
                 POSTDEC0   0x000fed       data     extern C:\MCC18\src\traditional\proc\p18F97J60.asm
                 POSTINC0   0x000fee       data     extern C:\MCC18\src\traditional\proc\p18F97J60.asm
                    INDF0   0x000fef       data     extern C:\MCC18\src\traditional\proc\p18F97J60.asm
                  INTCON3   0x000ff0       data     extern C:\MCC18\src\traditional\proc\p18F97J60.asm
              INTCON3bits   0x000ff0       data     extern C:\MCC18\src\traditional\proc\p18F97J60.asm
                  INTCON2   0x000ff1       data     extern C:\MCC18\src\traditional\proc\p18F97J60.asm
              INTCON2bits   0x000ff1       data     extern C:\MCC18\src\traditional\proc\p18F97J60.asm
               INTCONbits   0x000ff2       data     extern C:\MCC18\src\traditional\proc\p18F97J60.asm
                   INTCON   0x000ff2       data     extern C:\MCC18\src\traditional\proc\p18F97J60.asm
                     PROD   0x000ff3       data     extern C:\MCC18\src\traditional\proc\p18F97J60.asm
                    PRODL   0x000ff3       data     extern C:\MCC18\src\traditional\proc\p18F97J60.asm
                    PRODH   0x000ff4       data     extern C:\MCC18\src\traditional\proc\p18F97J60.asm
                   TABLAT   0x000ff5       data     extern C:\MCC18\src\traditional\proc\p18F97J60.asm
                  TBLPTRL   0x000ff6       data     extern C:\MCC18\src\traditional\proc\p18F97J60.asm
                   TBLPTR   0x000ff6       data     extern C:\MCC18\src\traditional\proc\p18F97J60.asm
                  TBLPTRH   0x000ff7       data     extern C:\MCC18\src\traditional\proc\p18F97J60.asm
                  TBLPTRU   0x000ff8       data     extern C:\MCC18\src\traditional\proc\p18F97J60.asm
                      PCL   0x000ff9       data     extern C:\MCC18\src\traditional\proc\p18F97J60.asm
                       PC   0x000ff9       data     extern C:\MCC18\src\traditional\proc\p18F97J60.asm
                   PCLATH   0x000ffa       data     extern C:\MCC18\src\traditional\proc\p18F97J60.asm
                   PCLATU   0x000ffb       data     extern C:\MCC18\src\traditional\proc\p18F97J60.asm
                   STKPTR   0x000ffc       data     extern C:\MCC18\src\traditional\proc\p18F97J60.asm
               STKPTRbits   0x000ffc       data     extern C:\MCC18\src\traditional\proc\p18F97J60.asm
                      TOS   0x000ffd       data     extern C:\MCC18\src\traditional\proc\p18F97J60.asm
                     TOSL   0x000ffd       data     extern C:\MCC18\src\traditional\proc\p18F97J60.asm
                     TOSH   0x000ffe       data     extern C:\MCC18\src\traditional\proc\p18F97J60.asm
                     TOSU   0x000fff       data     extern C:\MCC18\src\traditional\proc\p18F97J60.asm


