Microchip MPLAB XC8 Compiler V2.46

Linker command line:

-W-3 \
  --edf=C:\Program Files\Microchip\xc8\v2.46\pic\dat\20240104201356_en.msgs \
  -cn -h+dist/default/production\TrackControllerPic18.X.production.sym \
  --cmf=dist/default/production\TrackControllerPic18.X.production.cmf -z \
  -Q18F97J60 -oC:\Users\JANSIE~1\AppData\Local\Temp\xcAsdtc.\driver_tmp_3.o \
  --defsym=__MPLAB_BUILD=1 --fixupoverflow=error \
  -Mdist/default/production/TrackControllerPic18.X.production.map \
  --md=C:\Users\JANSIE~1\AppData\Local\Temp\xcAsdtc.\driver_tmp_0.dat -E1 \
  -ver=XC8 Compiler --acfsm=1493 -ACODE=00h-01FFF7h -ACONST=00h-01FFF7h \
  -ASMALLCONST=01000h-010FFhx495,01FF00h-01FFF7h \
  -AMEDIUMCONST=01000h-0FFFFh,011000h-01FFF7h -ACOMRAM=01h-05Fh \
  -AABS1=00h-0E7Fh,0F00h-0F5Fh -ABIGRAM=01h-0E7Fh,0F00h-0F5Fh \
  -ARAM=060h-0FFh,0100h-01FFhx13,0E00h-0E7Fh,0F00h-0F5Fh -ABANK0=060h-0FFh \
  -ABANK1=0100h-01FFh -ABANK2=0200h-02FFh -ABANK3=0300h-03FFh \
  -ABANK4=0400h-04FFh -ABANK5=0500h-05FFh -ABANK6=0600h-06FFh \
  -ABANK7=0700h-07FFh -ABANK8=0800h-08FFh -ABANK9=0900h-09FFh \
  -ABANK10=0A00h-0AFFh -ABANK11=0B00h-0BFFh -ABANK12=0C00h-0CFFh \
  -ABANK13=0D00h-0DFFh -ABANK14=0E00h-0E7Fh -ABANK15=0F00h-0F5Fh \
  -ASFR=0E80h-0EFFh,0F60h-0FFFh -ABIGSFR=0E80h-0EFFh,0F60h-0FFFh \
  -ACONFIG=01FFF8h-01FFFDh \
  -preset_vec=00h,intcode=8h,intcodelo,powerup,init -pramtop=01000h \
  -psmallconst=SMALLCONST -pmediumconst=MEDIUMCONST -pconst=CONST \
  -AFARRAM=00h-00h -pjflash_buffer=01F800h \
  -prdata=COMRAM,nvrram=COMRAM,nvbit=COMRAM,rbss=COMRAM,rbit=COMRAM \
  -pfarbss=FARRAM,fardata=FARRAM,nvFARRAM=FARRAM \
  -pintsave_regs=BIGRAM,bigbss=BIGRAM,bigdata=BIGRAM -pbss=RAM \
  -pidata=CODE,irdata=CODE,ibigdata=CODE,ifardata=CODE -prparam=COMRAM \
  C:\Users\JANSIE~1\AppData\Local\Temp\xcAsdtc.\driver_tmp_14.o \
  dist/default/production\TrackControllerPic18.X.production.o 

Object code version is 3.11

Machine type is 18F97J60



                Name                               Link     Load   Length Selector   Space Scale
C:\Users\JANSIE~1\AppData\Local\Temp\xcAsdtc.\driver_tmp_14.o
                config                            1FFF8    1FFF8        6        0       4
                init                                 36       36        4        4       0
                reset_vec                             0        0        4        0       0
dist/default/production\TrackControllerPic18.X.production.o
                intcode                               8        8       2E        4       0
                config                            1FFF8    1FFF8        6        0       4
                temp                                 5B       5B        1        1       1
                mediumconst                        FD8A     FD8A      276     7EC5       0
                text146                           182C2    182C2       10     8000       0
                text145                           183C6    183C6        2     C199       0
                text144                           17F7A    17F7A       2E     8000       0
                text143                           183B6    183B6        6     C199       0
                text142                           183C4    183C4        2     C199       0
                text141                           183C2    183C2        2     C199       0
                text140                           17F1C    17F1C       30     8000       0
                text139                           181D0    181D0       1C     8000       0
                text138                           17EBA    17EBA       32     8000       0
                text136                           14EEA    14EEA      1CE     8000       0
                text135                           182A0    182A0       12     8000       0
                text134                           150B8    150B8      1BE     8000       0
                text133                           1828E    1828E       12     8000       0
                text132                           165C0    165C0       EA     8000       0
                text131                           178C2    178C2       56     8000       0
                text130                           1744A    1744A       6A     8000       0
                text129                           17E88    17E88       32     8000       0
                text128                           1827C    1827C       12     8000       0
                text127                           155B6    155B6      188     8000       0
                text126                           18318    18318        E     8000       0
                text125                           1830A    1830A        E     8000       0
                text124                           1813A    1813A       22     8000       0
                text123                           18238    18238       18     8000       0
                text122                           18266    18266       16     8000       0
                text121                           17A9A    17A9A       4A     8000       0
                text120                           183A0    183A0        A     C199       0
                text119                           181B4    181B4       1C     8000       0
                text118                           17A04    17A04       4C     8000       0
                text117                           179B8    179B8       4C     8000       0
                text116                           17FD4    17FD4       2C     8000       0
                text115                           17F4C    17F4C       2E     8000       0
                text114                           17646    17646       60     8000       0
                text113                           1802A    1802A       2A     8000       0
                text112                           169CC    169CC       C0     8000       0
                text111                           173DA    173DA       70     8000       0
                text110                           180F2    180F2       26     8000       0
                text109                           158C2    158C2      178     8000       0
                text108                           17762    17762       5C     8000       0
                text107                           18396    18396        A     C199       0
                text106                           17918    17918       54     8000       0
                text105                           16E94    16E94       9E     8000       0
                text104                           183B0    183B0        6     C199       0
                text103                           17DDE    17DDE       3A     8000       0
                text102                           15276    15276      1A6     8000       0
                text101                           14AFE    14AFE      204     8000       0
                text100                           17D68    17D68       3C     8000       0
                text99                            11068    11068      622     8000       0
                text98                            17BB8    17BB8       42     8000       0
                text97                            16908    16908       C4     8000       0
                text96                            16F32    16F32       98     8000       0
                text95                            17DA4    17DA4       3A     8000       0
                text94                            16BFA    16BFA       AE     8000       0
                text93                            17D2C    17D2C       3C     8000       0
                text92                            1838C    1838C        A     C199       0
                text91                            17704    17704       5E     8000       0
                text90                            172F0    172F0       78     8000       0
                text89                            171F6    171F6       82     8000       0
                text88                            1786C    1786C       56     8000       0
                text87                            14D02    14D02      1E8     8000       0
                text86                            182FC    182FC        E     8000       0
                text85                            18206    18206       1A     8000       0
                text84                            18382    18382        A     C199       0
                text83                            148C4    148C4      23A     8000       0
                text82                            15BA2    15BA2      15A     8000       0
                text81                            16776    16776       CA     8000       0
                text80                            16B46    16B46       B4     8000       0
                text79                            18378    18378        A     C199       0
                text78                            1836E    1836E        A     C199       0
                text77                            163D8    163D8       FA     8000       0
                text76                            182EE    182EE        E     8000       0
                text75                            1751A    1751A       66     8000       0
                text74                            1796C    1796C       4C     8000       0
                text73                            17CF0    17CF0       3C     8000       0
                text72                            18364    18364        A     C199       0
                text71                            17EEC    17EEC       30     8000       0
                text70                            1541C    1541C      19A     8000       0
                text69                            1835A    1835A        A     C199       0
                text68                            18350    18350        A     C199       0
                text67                            180CC    180CC       26     8000       0
                text66                            18346    18346        A     C199       0
                text65                            17CB4    17CB4       3C     8000       0
                text64                            166AA    166AA       CC     8000       0
                text63                            16CA8    16CA8       AC     8000       0
                text62                            180A4    180A4       28     8000       0
                text61                            183C0    183C0        2     C199       0
                text60                            16DF4    16DF4       A0     8000       0
                text59                            17E50    17E50       38     8000       0
                text58                            17278    17278       78     8000       0
                text57                            15A3A    15A3A      168     8000       0
                text56                            16D54    16D54       A0     8000       0
                text55                            15E3C    15E3C      140     8000       0
                text54                            17174    17174       82     8000       0
                text53                            174B4    174B4       66     8000       0
                text52                            162D0    162D0      108     8000       0
                text51                            161B6    161B6      11A     8000       0
                text50                            132CC    132CC      428     8000       0
                text49                            17C3A    17C3A       3E     8000       0
                text48                            17B72    17B72       46     8000       0
                text47                            1168A    1168A      554     8000       0
                text46                            182E0    182E0        E     8000       0
                text45                            1609A    1609A      11C     8000       0
                text44                            17816    17816       56     8000       0
                text43                            17368    17368       72     8000       0
                text42                            18250    18250       16     8000       0
                text41                            16A8C    16A8C       BA     8000       0
                text40                            177BE    177BE       58     8000       0
                text39                            15CFC    15CFC      140     8000       0
                text38                            17FA8    17FA8       2C     8000       0
                text37                            183BC    183BC        4     C199       0
                text36                            176A6    176A6       5E     8000       0
                text35                            1807C    1807C       28     8000       0
                text34                            1833C    1833C        A     C199       0
                text33                            18054    18054       28     8000       0
                text32                            1573E    1573E      184     8000       0
                text31                            170EA    170EA       8A     8000       0
                text30                            183AA    183AA        6     C199       0
                text29                            1817A    1817A       1E     8000       0
                text28                            16FCA    16FCA       94     8000       0
                text27                            182B2    182B2       10     8000       0
                text26                            182D2    182D2        E     8000       0
                text25                            18118    18118       22     8000       0
                text24                            18198    18198       1C     8000       0
                text23                            1815C    1815C       1E     8000       0
                text22                            18332    18332        A     C199       0
                text21                            17AE4    17AE4       48     8000       0
                text20                            17C78    17C78       3C     8000       0
                text19                            18000    18000       2A     8000       0
                text18                            181EC    181EC       1A     8000       0
                text17                            18220    18220       18     8000       0
                text16                            17A50    17A50       4A     8000       0
                text15                            17BFA    17BFA       40     8000       0
                text14                            16840    16840       C8     8000       0
                text13                            17580    17580       64     8000       0
                text12                            12086    12086      4A6     8000       0
                text11                            13EEC    13EEC      380     8000       0
                text10                            10914    10914      754     8000       0
                text9                             145BA    145BA      30A     8000       0
                text8                             129BE    129BE      48E     8000       0
                text7                             12E4C    12E4C      480     8000       0
                text6                             1426C    1426C      34E     8000       0
                text5                             13B14    13B14      3D8     8000       0
                text4                             11BDE    11BDE      4A8     8000       0
                text3                             10000    10000      914     8000       0
                text2                             136F4    136F4      420     8000       0
                text1                             17E18    17E18       38     8000       0
                text0                             1252C    1252C      492     8000       0
                cstackCOMRAM                          1        1       56        1       1
                cstackBANK0                          60       60       96       60       1
                cstackBANK1                         192      192       62      100       1
                bssBANK8                            800      800       50      800       1
                bssBANK7                            700      700       B8      700       1
                bssBANK6                            600      600       C8      600       1
                dataBANK5                           500      500       8C      500       1
                bssBANK5                            58C      58C       68      500       1
                dataBANK4                           400      400       EE      400       1
                bssBANK4                            4EE      4EE        A      400       1
                dataBANK3                           398      398       62      300       1
                bssBANK3                            300      300       98      300       1
                dataBANK2                           2AD      2AD       46      200       1
                bssBANK2                            200      200       AD      200       1
                dataBANK1                           1F4      1F4        B      100       1
                bssBANK1                            100      100       92      100       1
                bssBANK0                             F6       F6        7       60       1
                bssCOMRAM                            57       57        4        1       1
                cinit                             15F7C    15F7C      11E     8000       0
                nvBANK2                             2F3      2F3        6      200       1
                idataBANK5                        1705E    1705E       8C     8000       0
                idataBANK4                        164D2    164D2       EE     8000       0
                idataBANK3                        175E4    175E4       62     8000       0
                idataBANK2                        17B2C    17B2C       46     8000       0
                idataBANK1                        18326    18326        B     8000       0

TOTAL           Name                               Link     Load   Length     Space
        CLASS   CODE           
                intcode                               8        8       2E         0
                init                                 36       36        4         0
                reset_vec                             0        0        4         0
                text146                           182C2    182C2       10         0
                text145                           183C6    183C6        2         0
                text144                           17F7A    17F7A       2E         0
                text143                           183B6    183B6        6         0
                text142                           183C4    183C4        2         0
                text141                           183C2    183C2        2         0
                text140                           17F1C    17F1C       30         0
                text139                           181D0    181D0       1C         0
                text138                           17EBA    17EBA       32         0
                text136                           14EEA    14EEA      1CE         0
                text135                           182A0    182A0       12         0
                text134                           150B8    150B8      1BE         0
                text133                           1828E    1828E       12         0
                text132                           165C0    165C0       EA         0
                text131                           178C2    178C2       56         0
                text130                           1744A    1744A       6A         0
                text129                           17E88    17E88       32         0
                text128                           1827C    1827C       12         0
                text127                           155B6    155B6      188         0
                text126                           18318    18318        E         0
                text125                           1830A    1830A        E         0
                text124                           1813A    1813A       22         0
                text123                           18238    18238       18         0
                text122                           18266    18266       16         0
                text121                           17A9A    17A9A       4A         0
                text120                           183A0    183A0        A         0
                text119                           181B4    181B4       1C         0
                text118                           17A04    17A04       4C         0
                text117                           179B8    179B8       4C         0
                text116                           17FD4    17FD4       2C         0
                text115                           17F4C    17F4C       2E         0
                text114                           17646    17646       60         0
                text113                           1802A    1802A       2A         0
                text112                           169CC    169CC       C0         0
                text111                           173DA    173DA       70         0
                text110                           180F2    180F2       26         0
                text109                           158C2    158C2      178         0
                text108                           17762    17762       5C         0
                text107                           18396    18396        A         0
                text106                           17918    17918       54         0
                text105                           16E94    16E94       9E         0
                text104                           183B0    183B0        6         0
                text103                           17DDE    17DDE       3A         0
                text102                           15276    15276      1A6         0
                text101                           14AFE    14AFE      204         0
                text100                           17D68    17D68       3C         0
                text99                            11068    11068      622         0
                text98                            17BB8    17BB8       42         0
                text97                            16908    16908       C4         0
                text96                            16F32    16F32       98         0
                text95                            17DA4    17DA4       3A         0
                text94                            16BFA    16BFA       AE         0
                text93                            17D2C    17D2C       3C         0
                text92                            1838C    1838C        A         0
                text91                            17704    17704       5E         0
                text90                            172F0    172F0       78         0
                text89                            171F6    171F6       82         0
                text88                            1786C    1786C       56         0
                text87                            14D02    14D02      1E8         0
                text86                            182FC    182FC        E         0
                text85                            18206    18206       1A         0
                text84                            18382    18382        A         0
                text83                            148C4    148C4      23A         0
                text82                            15BA2    15BA2      15A         0
                text81                            16776    16776       CA         0
                text80                            16B46    16B46       B4         0
                text79                            18378    18378        A         0
                text78                            1836E    1836E        A         0
                text77                            163D8    163D8       FA         0
                text76                            182EE    182EE        E         0
                text75                            1751A    1751A       66         0
                text74                            1796C    1796C       4C         0
                text73                            17CF0    17CF0       3C         0
                text72                            18364    18364        A         0
                text71                            17EEC    17EEC       30         0
                text70                            1541C    1541C      19A         0
                text69                            1835A    1835A        A         0
                text68                            18350    18350        A         0
                text67                            180CC    180CC       26         0
                text66                            18346    18346        A         0
                text65                            17CB4    17CB4       3C         0
                text64                            166AA    166AA       CC         0
                text63                            16CA8    16CA8       AC         0
                text62                            180A4    180A4       28         0
                text61                            183C0    183C0        2         0
                text60                            16DF4    16DF4       A0         0
                text59                            17E50    17E50       38         0
                text58                            17278    17278       78         0
                text57                            15A3A    15A3A      168         0
                text56                            16D54    16D54       A0         0
                text55                            15E3C    15E3C      140         0
                text54                            17174    17174       82         0
                text53                            174B4    174B4       66         0
                text52                            162D0    162D0      108         0
                text51                            161B6    161B6      11A         0
                text50                            132CC    132CC      428         0
                text49                            17C3A    17C3A       3E         0
                text48                            17B72    17B72       46         0
                text47                            1168A    1168A      554         0
                text46                            182E0    182E0        E         0
                text45                            1609A    1609A      11C         0
                text44                            17816    17816       56         0
                text43                            17368    17368       72         0
                text42                            18250    18250       16         0
                text41                            16A8C    16A8C       BA         0
                text40                            177BE    177BE       58         0
                text39                            15CFC    15CFC      140         0
                text38                            17FA8    17FA8       2C         0
                text37                            183BC    183BC        4         0
                text36                            176A6    176A6       5E         0
                text35                            1807C    1807C       28         0
                text34                            1833C    1833C        A         0
                text33                            18054    18054       28         0
                text32                            1573E    1573E      184         0
                text31                            170EA    170EA       8A         0
                text30                            183AA    183AA        6         0
                text29                            1817A    1817A       1E         0
                text28                            16FCA    16FCA       94         0
                text27                            182B2    182B2       10         0
                text26                            182D2    182D2        E         0
                text25                            18118    18118       22         0
                text24                            18198    18198       1C         0
                text23                            1815C    1815C       1E         0
                text22                            18332    18332        A         0
                text21                            17AE4    17AE4       48         0
                text20                            17C78    17C78       3C         0
                text19                            18000    18000       2A         0
                text18                            181EC    181EC       1A         0
                text17                            18220    18220       18         0
                text16                            17A50    17A50       4A         0
                text15                            17BFA    17BFA       40         0
                text14                            16840    16840       C8         0
                text13                            17580    17580       64         0
                text12                            12086    12086      4A6         0
                text11                            13EEC    13EEC      380         0
                text10                            10914    10914      754         0
                text9                             145BA    145BA      30A         0
                text8                             129BE    129BE      48E         0
                text7                             12E4C    12E4C      480         0
                text6                             1426C    1426C      34E         0
                text5                             13B14    13B14      3D8         0
                text4                             11BDE    11BDE      4A8         0
                text3                             10000    10000      914         0
                text2                             136F4    136F4      420         0
                text1                             17E18    17E18       38         0
                text0                             1252C    1252C      492         0
                cinit                             15F7C    15F7C      11E         0
                idataBANK5                        1705E    1705E       8C         0
                idataBANK4                        164D2    164D2       EE         0
                idataBANK3                        175E4    175E4       62         0
                idataBANK2                        17B2C    17B2C       46         0
                idataBANK1                        18326    18326        B         0

        CLASS   CONST          

        CLASS   SMALLCONST     

        CLASS   MEDIUMCONST    
                mediumconst                        FD8A     FD8A      276         0

        CLASS   COMRAM         
                temp                                 5B       5B        1         1
                cstackCOMRAM                          1        1       56         1
                bssCOMRAM                            57       57        4         1

        CLASS   ABS1           
                abs_s1                              E7E      E7E        2         1

        CLASS   BIGRAM         

        CLASS   RAM            

        CLASS   BANK0          
                cstackBANK0                          60       60       96         1
                bssBANK0                             F6       F6        7         1

        CLASS   BANK1          
                cstackBANK1                         192      192       62         1
                dataBANK1                           1F4      1F4        B         1
                bssBANK1                            100      100       92         1

        CLASS   BANK2          
                dataBANK2                           2AD      2AD       46         1
                bssBANK2                            200      200       AD         1
                nvBANK2                             2F3      2F3        6         1

        CLASS   BANK3          
                dataBANK3                           398      398       62         1
                bssBANK3                            300      300       98         1

        CLASS   BANK4          
                dataBANK4                           400      400       EE         1
                bssBANK4                            4EE      4EE        A         1

        CLASS   BANK5          
                dataBANK5                           500      500       8C         1
                bssBANK5                            58C      58C       68         1

        CLASS   BANK6          
                bssBANK6                            600      600       C8         1

        CLASS   BANK7          
                bssBANK7                            700      700       B8         1

        CLASS   BANK8          
                bssBANK8                            800      800       50         1

        CLASS   BANK9          

        CLASS   BANK10         

        CLASS   BANK11         

        CLASS   BANK12         

        CLASS   BANK13         

        CLASS   BANK14         

        CLASS   BANK15         

        CLASS   SFR            

        CLASS   BIGSFR         

        CLASS   CONFIG         
                config                            1FFF8    1FFF8        6         4

        CLASS   FARRAM         

        CLASS   HEAP           

        CLASS   STACK          

        CLASS   IDLOC          



SEGMENTS        Name                           Load    Length   Top    Selector   Space  Class

                reset_vec                      000000  000004  000004         0       0  CODE    
                cstackCOMRAM                   000001  00005B  00005C         1       1  COMRAM  
                intcode                        000008  000032  00003A         4       0  CODE    
                cstackBANK0                    000060  00009D  0000FD        60       1  BANK0   
                bssBANK1                       000100  0000FF  0001FF       100       1  BANK1   
                bssBANK2                       000200  0000F9  0002F9       200       1  BANK2   
                bssBANK3                       000300  0000FA  0003FA       300       1  BANK3   
                dataBANK4                      000400  0000F8  0004F8       400       1  BANK4   
                dataBANK5                      000500  0000F4  0005F4       500       1  BANK5   
                bssBANK6                       000600  0000C8  0006C8       600       1  BANK6   
                bssBANK7                       000700  0000B8  0007B8       700       1  BANK7   
                bssBANK8                       000800  000050  000850       800       1  BANK8   
                mediumconst                    00FD8A  000276  010000      7EC5       0  MEDIUMCO
                text3                          010000  008331  018331      8000       0  CODE    
                text22                         018332  000096  0183C8      C199       0  CODE    


UNUSED ADDRESS RANGES

        Name                Unused          Largest block    Delta
        BANK0            000FD-000FF               3
        BANK1            001FF-001FF               1
        BANK10           00A00-00AFF             100
        BANK11           00B00-00BFF             100
        BANK12           00C00-00CFF             100
        BANK13           00D00-00DFF             100
        BANK14           00E00-00E7D              7E
        BANK15           00F00-00F5F              60
        BANK2            002F9-002FF               7
        BANK3            003FA-003FF               6
        BANK4            004F8-004FF               8
        BANK5            005F4-005FF               C
        BANK6            006C8-006FF              38
        BANK7            007B8-007FF              48
        BANK8            00850-008FF              B0
        BANK9            00900-009FF             100
        BIGRAM           0005C-0005F               4
                         000FD-000FF               3
                         001FF-001FF               1
                         002F9-002FF               7
                         003FA-003FF               6
                         004F8-004FF               8
                         005F4-005FF               C
                         006C8-006FF              38
                         007B8-007FF              48
                         00850-00E7D             62E
                         00F00-00F5F              60
        BIGSFR           00E80-00EFF              80
                         00F60-00FFF              A0
        CODE             00004-00007               4
                         0003A-0FD89            FD50
                         18331-18331               1
                         183C8-1FFF7            7C30
        COMRAM           0005C-0005F               4
        CONST            00004-00007               4
                         0003A-0FD89            FD50
                         18331-18331               1
                         183C8-1FFF7            7C30
        MEDIUMCONST      01000-0FD89            ED8A
                         18331-18331               1
                         183C8-1FFF7            7C30
        RAM              000FD-000FF               3
                         001FF-001FF               1
                         002F9-002FF               7
                         003FA-003FF               6
                         004F8-004FF               8
                         005F4-005FF               C
                         006C8-006FF              38
                         007B8-007FF              48
                         00850-00E7D             100
                         00F00-00F5F              60
        SFR              00E80-00EFF              80
                         00F60-00FFF              A0
        SMALLCONST       01000-0FD89             100
                         18331-18331               1
                         183C8-1FFF7             100

                                  Symbol Table

?_ARPV4_Lookup                                  cstackCOMRAM  00005
?_ETH_ComputeChecksum                           cstackCOMRAM  00005
?_ETH_GetByteCount                              cstackCOMRAM  00005
?_ETH_GetReadPtr                                cstackCOMRAM  00005
?_ETH_GetRxByteCount                            cstackCOMRAM  00005
?_ETH_NewPacket                                 cstackCOMRAM  00005
?_ETH_Read16                                    cstackCOMRAM  00005
?_ETH_ReadBlock                                 cstackCOMRAM  00005
?_ETH_RxComputeChecksum                         cstackCOMRAM  00013
?_ETH_TxComputeChecksum                         cstackCOMRAM  00013
?_GETxDATAxFROMxRECEIVExMAILxBOX                cstackCOMRAM  00005
?_GETxMILLIS                                    cstackCOMRAM  00005
?_GETxRANDOMxNUMBER                             cstackCOMRAM  00017
?_GetDataFromSendMailBox                        cstackCOMRAM  00005
?_IPV4_GetDatagramLength                        cstackCOMRAM  00005
?_IPV4_PseudoHeaderChecksum                     cstackCOMRAM  00005
?_MAC_getAddress                                cstackCOMRAM  00005
?_Network_GetStartPosition                      cstackCOMRAM  00005
?_PHY_Read                                      cstackCOMRAM  00007
?___aldiv                                       cstackCOMRAM  00005
?___almod                                       cstackCOMRAM  00005
?___lldiv                                       cstackCOMRAM  00005
?___llmod                                       cstackCOMRAM  00005
?___lmul                                        cstackCOMRAM  00005
?___wmul                                        cstackCOMRAM  00005
?_abs                                           cstackCOMRAM  0000F
?_printf                                        cstackCOMRAM  00048
?_rand                                          cstackCOMRAM  00011
?_read_prec_or_width                            cstackCOMRAM  0000B
?_sprintf                                       cstackCOMRAM  00048
?_time                                          cstackCOMRAM  00005
?_udp_table_getIterator                         cstackCOMRAM  00005
?_udp_table_nextEntry                           cstackCOMRAM  00005
?_vfprintf                                      cstackCOMRAM  00041
ARPV4_Init@x                                    cstackCOMRAM  00007
ARPV4_Lookup@entry_pointer                      cstackCOMRAM  0000D
ARPV4_Lookup@ip_address                         cstackCOMRAM  00005
ARPV4_Lookup@x                                  cstackCOMRAM  0000F
ARPV4_Packet@arpPtr                             cstackBANK0   00064
ARPV4_Packet@entryPointer                       cstackBANK0   00068
ARPV4_Packet@header                             cstackBANK0   0006A
ARPV4_Packet@length                             cstackBANK0   00060
ARPV4_Packet@mergeFlag                          cstackBANK0   00062
ARPV4_Packet@ret                                cstackBANK0   00063
ARPV4_Packet@x                                  cstackBANK0   00066
ARPV4_Packet@x_6263                             cstackBANK0   00067
ARPV4_Request@destAddress                       cstackCOMRAM  0001F
ARPV4_Request@header                            cstackCOMRAM  0003A
ARPV4_Request@ret                               cstackCOMRAM  00039
ARPV4_Update@entryPointer                       cstackCOMRAM  00005
ARPV4_Update@x                                  cstackCOMRAM  00007
CREATExTASKxSTATUSxMESSAGE@StatusMessage        cstackCOMRAM  00018
CREATExTASKxSTATUSxMESSAGE@i                    cstackCOMRAM  00017
CREATExTASKxSTATUSxMESSAGE@task_command         cstackCOMRAM  00012
CREATExTASKxSTATUSxMESSAGE@task_id              cstackCOMRAM  00016
CREATExTASKxSTATUSxMESSAGE@task_messages        cstackCOMRAM  00014
CREATExTASKxSTATUSxMESSAGE@task_state           cstackCOMRAM  00013
DEBOUNCExIO@instance                            cstackCOMRAM  00005
DEBOUNCExIO@millisPtr                           cstackCOMRAM  00007
DebounceIO@millis                               cstackCOMRAM  0001B
DebounceIO@trackio                              cstackCOMRAM  0001A
ETH_CheckLinkUp@value                           cstackCOMRAM  00010
ETH_ComputeChecksum@cksm                        cstackCOMRAM  0000F
ETH_ComputeChecksum@len                         cstackCOMRAM  00005
ETH_ComputeChecksum@seed                        cstackCOMRAM  00007
ETH_ComputeChecksum@v                           cstackCOMRAM  0000D
ETH_Copy@len                                    cstackCOMRAM  0000B
ETH_Copy@timer                                  cstackCOMRAM  0000D
ETH_Copy@tmp_len                                cstackCOMRAM  0000F
ETH_Dump@length                                 cstackCOMRAM  00005
ETH_GetMAC@mac                                  cstackCOMRAM  00005
ETH_Init@mac                                    cstackCOMRAM  00014
ETH_Insert@current_tx_ptr                       cstackCOMRAM  0000C
ETH_Insert@data                                 cstackCOMRAM  00005
ETH_Insert@len                                  cstackCOMRAM  00006
ETH_Insert@offset                               cstackCOMRAM  00008
ETH_NewPacket@index                             cstackCOMRAM  00009
ETH_PacketListReset@index                       cstackCOMRAM  00007
ETH_PacketListReset@ptr                         cstackCOMRAM  00005
ETH_Read16@ret                                  cstackCOMRAM  00007
ETH_Read8@ret                                   cstackCOMRAM  00005
ETH_ReadBlock@buffer                            cstackCOMRAM  00005
ETH_ReadBlock@len                               cstackCOMRAM  00009
ETH_ReadBlock@length                            cstackCOMRAM  00007
ETH_ReadBlock@p                                 cstackCOMRAM  0000B
ETH_RemovePacket@pPacket                        cstackCOMRAM  00005
ETH_RxComputeChecksum@cksm                      cstackCOMRAM  00024
ETH_RxComputeChecksum@len                       cstackCOMRAM  00013
ETH_RxComputeChecksum@rxptr                     cstackCOMRAM  00022
ETH_RxComputeChecksum@seed                      cstackCOMRAM  00015
ETH_Send@packetEnd                              cstackCOMRAM  0000D
ETH_SetReadPtr@rdptr                            cstackCOMRAM  00007
ETH_SetRxByteCount@count                        cstackCOMRAM  00007
ETH_Shift_Tx_Packets@len                        cstackCOMRAM  00013
ETH_Shift_Tx_Packets@pElem                      cstackCOMRAM  00015
ETH_Shift_Tx_Packets@shiftOffset                cstackCOMRAM  0000F
ETH_Shift_Tx_Packets@timer                      cstackCOMRAM  00011
ETH_TxComputeChecksum@cksm                      cstackCOMRAM  0001F
ETH_TxComputeChecksum@len                       cstackCOMRAM  00015
ETH_TxComputeChecksum@position                  cstackCOMRAM  00013
ETH_TxComputeChecksum@rxptr                     cstackCOMRAM  0001D
ETH_TxComputeChecksum@seed                      cstackCOMRAM  00017
ETH_Write16@data                                cstackCOMRAM  00005
ETH_Write32@data                                cstackCOMRAM  00005
ETH_Write8@data                                 cstackCOMRAM  00005
ETH_WriteBlock@buffer                           cstackCOMRAM  00005
ETH_WriteBlock@length                           cstackCOMRAM  00007
ETH_WriteBlock@p                                cstackCOMRAM  00009
ETH_WriteStart@dest_mac                         cstackCOMRAM  00017
ETH_WriteStart@ethPacket                        cstackCOMRAM  0001D
ETH_WriteStart@type                             cstackCOMRAM  00019
GETxDATAxFROMxRECEIVExMAILxBOX@data             cstackCOMRAM  00009
GetDataFromSendMailBox@data                     cstackCOMRAM  00009
ICMP_EchoReply@cksm                             cstackBANK0   00080
ICMP_EchoReply@icmp_cksm_start                  cstackBANK0   0007E
ICMP_EchoReply@identifier                       cstackBANK0   0007A
ICMP_EchoReply@ipv4Hdr                          cstackBANK0   00074
ICMP_EchoReply@ipv4PayloadLength                cstackBANK0   00082
ICMP_EchoReply@ret                              cstackBANK0   00084
ICMP_EchoReply@sequence                         cstackBANK0   0007C
ICMP_PortUnreachable@cksm                       cstackBANK0   0007E
ICMP_PortUnreachable@destIPAddress              cstackBANK0   00078
ICMP_PortUnreachable@length                     cstackBANK0   0007C
ICMP_PortUnreachable@ret                        cstackBANK0   00080
ICMP_PortUnreachable@srcIPAddress               cstackBANK0   00074
ICMP_Receive@icmpHdr                            cstackBANK0   0008D
ICMP_Receive@ipv4Hdr                            cstackBANK0   00085
INITxPATHWAYxMNTSTATION@refwaldberg             cstackCOMRAM  00007
INITxPATHWAYxMNTSTATION@refwaldsee              cstackCOMRAM  00005
INITxPATHWAYxSTATION@refbot                     cstackCOMRAM  00007
INITxPATHWAYxSTATION@reftop                     cstackCOMRAM  00005
IPV4_Packet@cksm                                cstackBANK0   000DC
IPV4_Packet@hdrLen                              cstackBANK0   000DB
IPV4_Packet@length                              cstackBANK0   000D9
IPV4_Packet@msg                                 cstackBANK0   000B1
IPV4_PseudoHeaderChecksum@cksm                  cstackCOMRAM  0000D
IPV4_PseudoHeaderChecksum@len                   cstackCOMRAM  0000C
IPV4_PseudoHeaderChecksum@payloadLen            cstackCOMRAM  00005
IPV4_PseudoHeaderChecksum@tmp                   cstackCOMRAM  00011
IPV4_PseudoHeaderChecksum@v                     cstackCOMRAM  0000B
IPV4_Send@cksm                                  cstackCOMRAM  00028
IPV4_Send@payloadLength                         cstackCOMRAM  00021
IPV4_Send@ret                                   cstackCOMRAM  00027
IPV4_Send@totalLength                           cstackCOMRAM  0002A
IPv4_Start@destAddress                          cstackBANK0   00060
IPv4_Start@destMacAddress                       cstackBANK0   00071
IPv4_Start@protocol                             cstackBANK0   00064
IPv4_Start@ret                                  cstackBANK0   00073
IPv4_Start@targetAddress                        cstackBANK0   0006D
LOG_Init@t                                      cstackCOMRAM  00051
LOG_Init@x                                      cstackCOMRAM  00055
MAINxSTATIONxINBOUND@self                       cstackCOMRAM  0002F
MAINxSTATIONxOUTBOUND@self                      cstackCOMRAM  00031
MAINxSTATIONxPASSING@self                       cstackCOMRAM  00031
MOUNTAINxSTATIONxINBOUND@self                   cstackCOMRAM  0002B
MOUNTAINxSTATIONxOUTBOUND@self                  cstackCOMRAM  0002B
Network_Manage@now                              cstackBANK0   000E2
Network_Manage@nowPv                            bssBANK2      00210
Network_Read@debug_str                          cstackBANK1   00192
Network_Read@header                             cstackBANK1   001E6
Network_Read@t                                  cstackBANK1   001E2
PHY_Read@reg                                    cstackCOMRAM  0000B
PHY_Read@ret                                    cstackCOMRAM  0000C
PHY_WaitForBusy@ret                             cstackCOMRAM  00005
PHY_WaitForBusy@timeout                         cstackCOMRAM  00006
PHY_Write@GIESave                               cstackCOMRAM  0000A
PHY_Write@data                                  cstackCOMRAM  00007
PHY_Write@reg                                   cstackCOMRAM  00009
PROCESSxETHxDATA@udpSend                        cstackBANK0   000E8
PUTxDATAxINxSENDxMAILxBOX@data                  cstackCOMRAM  00005
PutDataInReceiveMailBox@data                    cstackCOMRAM  00005
SETxMILLISECONDxUPDATExHANDLER@InterruptHandler cstackCOMRAM  00005
SETxMNTSTATIONxPATHWAY@path                     cstackCOMRAM  00024
SETxMNTSTATIONxPATHWAY@pin1                     cstackCOMRAM  0002A
SETxMNTSTATIONxPATHWAY@self                     cstackCOMRAM  00022
SETxOCC@self                                    cstackCOMRAM  00005
SETxOCC@value                                   cstackCOMRAM  00007
SETxSIGNAL@path                                 cstackCOMRAM  00024
SETxSIGNAL@pin1                                 cstackCOMRAM  0002B
SETxSIGNAL@pin2                                 cstackCOMRAM  0002C
SETxSIGNAL@pin3                                 cstackCOMRAM  0002D
SETxSIGNAL@pin4                                 cstackCOMRAM  0002E
SETxSIGNAL@pin5                                 cstackCOMRAM  0002F
SETxSIGNAL@pin6                                 cstackCOMRAM  00030
SETxSIGNAL@self                                 cstackCOMRAM  00022
SETxSIGNAL@signal                               cstackCOMRAM  00025
SETxSTATIONxPATHWAY@dir                         cstackCOMRAM  00025
SETxSTATIONxPATHWAY@path                        cstackCOMRAM  00024
SETxSTATIONxPATHWAY@pin1                        cstackCOMRAM  0002B
SETxSTATIONxPATHWAY@pin2                        cstackCOMRAM  0002C
SETxSTATIONxPATHWAY@pin3                        cstackCOMRAM  0002D
SETxSTATIONxPATHWAY@pin4                        cstackCOMRAM  0002E
SETxSTATIONxPATHWAY@self                        cstackCOMRAM  00022
TMR0_SetInterruptHandler@InterruptHandler       cstackCOMRAM  00005
TMR1_SetInterruptHandler@InterruptHandler       cstackCOMRAM  00005
TMR1_WriteTimer@timerVal                        cstackCOMRAM  00001
UDP_Receive@hptr                                cstackBANK0   00088
UDP_Receive@ret                                 cstackBANK0   00087
UDP_Receive@udpcksm                             cstackBANK0   00081
UDP_Send@cksm                                   cstackCOMRAM  00030
UDP_Send@udpLength                              cstackCOMRAM  00032
UDP_Start@destIP                                cstackBANK0   00074
UDP_Start@dstPort                               cstackBANK0   0007A
UDP_Start@ret                                   cstackCOMRAM  00056
UDP_Start@srcPort                               cstackBANK0   00078
UDPxDATAxRECV@length                            cstackCOMRAM  00011
UPDATExMOUNTAINxSTATION@self                    cstackCOMRAM  00039
UPDATExMOUNTAINxTRAINxWAIT@millis               cstackCOMRAM  00030
UPDATExMOUNTAINxTRAINxWAIT@self                 cstackCOMRAM  00022
UPDATExSTATION@self                             cstackCOMRAM  0003F
UPDATExSTATIONxTRAINxWAIT@millis                cstackCOMRAM  00030
UPDATExSTATIONxTRAINxWAIT@self                  cstackCOMRAM  00022
_ADCON1bits                                     (abs)         00FC1
_ARPV4_Init                                     text35        1807C
_ARPV4_Lookup                                   text88        1786C
_ARPV4_Packet                                   text99        11068
_ARPV4_Request                                  text87        14D02
_ARPV4_Update                                   text116       17FD4
_CHECKxDATAxINxRECEIVExMAILxBOX                 text123       18238
_CREATExTASKxSTATUSxMESSAGE                     text15        17BFA
_CTRL_OFF                                       dataBANK4     00438
_CheckDataInSendMailBox                         text122       18266
_DEBOUNCExIO                                    text136       14EEA
_DataMessage                                    bssBANK2      00293
_DataRxHandler                                  bssBANK2      0021C
_DebounceIO                                     text134       150B8
_ECON1                                          (abs)         00FD2
_ECON1bits                                      (abs)         00FD2
_ECON2                                          (abs)         00EFE
_EDMADST                                        (abs)         00EF4
_EDMAND                                         (abs)         00EF2
_EDMAST                                         (abs)         00EF0
_EIE                                            (abs)         00EFB
_EIEbits                                        (abs)         00EFB
_EIRbits                                        (abs)         00F60
_ERDPT                                          (abs)         00F7A
_ERXFCON                                        (abs)         00ED8
_ERXND                                          (abs)         00EEA
_ERXRDPT                                        (abs)         00EEC
_ERXST                                          (abs)         00EE8
_ESTATbits                                      (abs)         00EFD
_ETH_CheckLinkUp                                text113       1802A
_ETH_ComputeChecksum                            text97        16908
_ETH_Copy                                       text94        16BFA
_ETH_Dump                                       text95        17DA4
_ETH_EdataRead                                  text107       18396
_ETH_EdataWrite                                 text104       183B0
_ETH_EventHandler                               text108       17762
_ETH_Flush                                      text75        1751A
_ETH_GetByteCount                               text42        18250
_ETH_GetMAC                                     text36        176A6
_ETH_GetReadPtr                                 text69        1835A
_ETH_GetRxByteCount                             text68        18350
_ETH_Init                                       text32        1573E
_ETH_Insert                                     text91        17704
_ETH_NewPacket                                  text102       15276
_ETH_NextPacketUpdate                           text98        17BB8
_ETH_PacketListReset                            text121       17A9A
_ETH_Read16                                     text93        17D2C
_ETH_Read8                                      text67        180CC
_ETH_ReadBlock                                  text106       17918
_ETH_RemovePacket                               text112       169CC
_ETH_ResetByteCount                             text120       183A0
_ETH_RxComputeChecksum                          text96        16F32
_ETH_SaveRDPT                                   text92        1838C
_ETH_Send                                       text105       16E94
_ETH_SendQueued                                 text111       173DA
_ETH_SetReadPtr                                 text79        18378
_ETH_SetRxByteCount                             text66        18346
_ETH_Shift_Tx_Packets                           text109       158C2
_ETH_TxComputeChecksum                          text90        172F0
_ETH_TxReset                                    text119       181B4
_ETH_Write16                                    text86        182FC
_ETH_Write32                                    text85        18206
_ETH_Write8                                     text84        18382
_ETH_WriteBlock                                 text103       17DDE
_ETH_WriteStart                                 text101       14AFE
_ETXND                                          (abs)         00EE6
_ETXST                                          (abs)         00EE4
_EWRPT                                          (abs)         00EE2
_GETxDATAxFROMxRECEIVExMAILxBOX                 text118       17A04
_GETxMILLIS                                     text135       182A0
_GETxRANDOMxNUMBER                              text17        18220
_GIE                                            (abs)         07F97
_GetDataFromSendMailBox                         text117       179B8
_HALL_BLK_13                                    dataBANK2     002BB
_HALL_BLK_21A                                   dataBANK3     003EC
_HALL_BLK_4A                                    dataBANK3     00398
_HALL_BLK_9B                                    dataBANK3     003A6
_HALL_BLK_T1                                    dataBANK3     003C2
_HALL_BLK_T2                                    dataBANK3     003B4
_HALL_BLK_T4                                    dataBANK3     003DE
_HALL_BLK_T5                                    dataBANK3     003D0
_HALL_BLK_T7                                    dataBANK4     004E0
_HALL_BLK_T8                                    dataBANK4     004D2
_ICMP_EchoReply                                 text82        15BA2
_ICMP_PortUnreachable                           text77        163D8
_ICMP_Receive                                   text81        16776
_INITxMOUNTAINxSTATION                          text132       165C0
_INITxPATHWAYxMNTSTATION                        text133       1828E
_INITxPATHWAYxSTATION                           text128       1827C
_INITxRANDxNUMBER                               text129       17E88
_INITxSTATION                                   text127       155B6
_INTCON                                         (abs)         00FF2
_INTCONbits                                     (abs)         00FF2
_INTERRUPT_Initialize                           text37        183BC
_INTERRUPT_InterruptManager                     intcode       00008
_IPV4_GetDatagramLength                         text76        182EE
_IPV4_Init                                      text30        183AA
_IPV4_Packet                                    text47        1168A
_IPV4_PseudoHeaderChecksum                      text80        16B46
_IPV4_Send                                      text89        171F6
_IPv4_Start                                     text83        148C4
_LATA                                           (abs)         00F89
_LATAbits                                       (abs)         00F89
_LATB                                           (abs)         00F8A
_LATBbits                                       (abs)         00F8A
_LATC                                           (abs)         00F8B
_LATCbits                                       (abs)         00F8B
_LATD                                           (abs)         00F8C
_LATDbits                                       (abs)         00F8C
_LATE                                           (abs)         00F8D
_LATEbits                                       (abs)         00F8D
_LATF                                           (abs)         00F8E
_LATG                                           (abs)         00F8F
_LATH                                           (abs)         00F90
_LATJ                                           (abs)         00F91
_LATJbits                                       (abs)         00F91
_LOG_Init                                       text28        16FCA
_MAADR1                                         (abs)         00E84
_MAADR2                                         (abs)         00E85
_MAADR3                                         (abs)         00E82
_MAADR4                                         (abs)         00E83
_MAADR5                                         (abs)         00E80
_MAADR6                                         (abs)         00E81
_MABBIPG                                        (abs)         00EA4
_MACON1                                         (abs)         00EA0
_MACON3                                         (abs)         00EA2
_MACON4                                         (abs)         00EA3
_MAC_getAddress                                 text34        1833C
_MAINxSTATIONxINBOUND                           text7         12E4C
_MAINxSTATIONxOUTBOUND                          text5         13B14
_MAINxSTATIONxPASSING                           text4         11BDE
_MAIPG                                          (abs)         00EA6
_MAMXFL                                         (abs)         00EAA
_MICMD                                          (abs)         00EB2
_MICMDbits                                      (abs)         00EB2
_MILLIESxINIT                                   text124       1813A
_MILLISECOND_HANDLER                            text140       17F1C
_MIRD                                           (abs)         00EB8
_MIREGADR                                       (abs)         00EB4
_MISTATbits                                     (abs)         00E8A
_MIWR                                           (abs)         00EB6
_MOUNTAINxSTATIONxINBOUND                       text12        12086
_MOUNTAINxSTATIONxOUTBOUND                      text11        13EEC
_M_Box_Eth_Recv_Ptr                             bssBANK1      00153
_M_Box_Eth_Recv_Ptr_prev                        bssBANK1      00151
_M_Box_Eth_Send_Ptr                             bssBANK1      0014F
_M_Box_Eth_Send_Ptr_prev                        bssBANK1      0014D
_Millisecond_DefaultUpdateHandler               text142       183C4
_Millisecond_Update_Handler                     bssBANK1      00138
_Millisecond_Update_Handler2                    bssBANK1      00135
_Millisecond_Update_Handler3                    bssBANK1      00132
_Network_GetStartPosition                       text78        1836E
_Network_Init                                   text23        1815C
_Network_Manage                                 text43        17368
_Network_Read                                   text45        1609A
_Network_SaveStartPosition                      text46        182E0
_Network_WaitForLink                            text27        182B2
_OCC_FR_21B                                     dataBANK4     00400
_OCC_FR_22B                                     dataBANK4     0041C
_OCC_FR_23B                                     dataBANK4     0042A
_OCC_FR_9B                                      dataBANK4     0040E
_OCC_FR_BLK13                                   dataBANK4     004C4
_OCC_FR_BLK4                                    dataBANK4     004B6
_OCC_FR_STN_1                                   dataBANK4     004A8
_OCC_FR_STN_10                                  dataBANK4     0047E
_OCC_FR_STN_11                                  dataBANK4     00470
_OCC_FR_STN_12                                  dataBANK4     00462
_OCC_FR_STN_2                                   dataBANK4     0049A
_OCC_FR_STN_3                                   dataBANK4     0048C
_OCC_FR_T3                                      dataBANK4     00446
_OCC_FR_T6                                      dataBANK4     00454
_OCC_TO_21B                                     dataBANK2     002F0
_OCC_TO_9B                                      dataBANK2     002ED
_OCC_TO_STN_1                                   dataBANK2     002EA
_OCC_TO_STN_10                                  dataBANK2     002E1
_OCC_TO_STN_11                                  dataBANK2     002DE
_OCC_TO_STN_12                                  dataBANK2     002DB
_OCC_TO_STN_2                                   dataBANK2     002E7
_OCC_TO_STN_3                                   dataBANK2     002E4
_OCC_TO_T3                                      dataBANK2     002D5
_OCC_TO_T6                                      dataBANK2     002D8
_OSCCON                                         (abs)         00FD3
_OSCILLATOR_Initialize                          text22        18332
_OSCTUNE                                        (abs)         00F9B
_PHY_Read                                       text114       17646
_PHY_WaitForBusy                                text115       17F4C
_PHY_Write                                      text33        18054
_PIE1bits                                       (abs)         00F9D
_PIN_MANAGER_Initialize                         text21        17AE4
_PIR1bits                                       (abs)         00F9E
_PIR2bits                                       (abs)         00FA1
_PORTE                                          (abs)         00F84
_PORTEbits                                      (abs)         00F84
_PORTF                                          (abs)         00F85
_PORTG                                          (abs)         00F86
_PORTGbits                                      (abs)         00F86
_PORTH                                          (abs)         00F87
_PROCESSxETHxDATA                               text39        15CFC
_PROCESSxETHxDATAxINIT                          text38        17FA8
_PUTxDATAxINxSENDxMAILxBOX                      text16        17A50
_PutDataInReceiveMailBox                        text74        1796C
_RCONbits                                       (abs)         00FD0
_REL_T4                                         dataBANK2     002D2
_REL_T5                                         dataBANK2     002CF
_RandomNumber                                   bssBANK1      0013F
_SETxMILLISECONDxUPDATExHANDLER                 text126       18318
_SETxMNTSTATIONxPATHWAY                         text14        16840
_SETxOCC                                        text13        17580
_SETxSIGNAL                                     text6         1426C
_SETxSTATIONxPATHWAY                            text8         129BE
_SIG_BOT                                        dataBANK5     00520
_SIG_TOP                                        dataBANK5     00532
_SYSTEM_Initialize                              text18        181EC
_StatusMessage                                  bssBANK2      0029D
_T0CON                                          (abs)         00FD5
_T0CONbits                                      (abs)         00FD5
_T1CON                                          (abs)         00FCD
_T1CONbits                                      (abs)         00FCD
_TMR0H                                          (abs)         00FD7
_TMR0L                                          (abs)         00FD6
_TMR0_DefaultInterruptHandler                   text145       183C6
_TMR0_ISR                                       text144       17F7A
_TMR0_Initialize                                text20        17C78
_TMR0_InterruptHandler                          nvBANK2       002F6
_TMR0_SetInterruptHandler                       text26        182D2
_TMR1                                           (abs)         00FCE
_TMR1H                                          (abs)         00FCF
_TMR1L                                          (abs)         00FCE
_TMR1_DefaultInterruptHandler                   text141       183C2
_TMR1_ISR                                       text138       17EBA
_TMR1_Initialize                                text19        18000
_TMR1_InterruptHandler                          nvBANK2       002F3
_TMR1_SetInterruptHandler                       text125       1830A
_TMR1_WriteTimer                                text139       181D0
_TRISA                                          (abs)         00F92
_TRISB                                          (abs)         00F93
_TRISC                                          (abs)         00F94
_TRISD                                          (abs)         00F95
_TRISE                                          (abs)         00F96
_TRISF                                          (abs)         00F97
_TRISG                                          (abs)         00F98
_TRISH                                          (abs)         00F99
_TRISJ                                          (abs)         00F9A
_UDP_CallBackTable                              mediumconst   0FE0B
_UDP_Receive                                    text70        1541C
_UDP_Send                                       text41        16A8C
_UDP_Start                                      text40        177BE
_UDPxDATAxRECV                                  text73        17CF0
_UPDATExMOUNTAINxSTATION                        text10        10914
_UPDATExMOUNTAINxTRAINxWAIT                     text9         145BA
_UPDATExSTATION                                 text3         10000
_UPDATExSTATIONxTRAINxWAIT                      text2         136F4
_UpdateTick                                     text143       183B6
_VOLTDETECT                                     dataBANK2     002AD
_WS_BOT                                         dataBANK5     00568
_WS_TOP                                         dataBANK5     0057A
_WS_WALDBERG                                    dataBANK5     00544
_WS_WALDSEE                                     dataBANK5     00556
__HRAM                                          (abs)         00000
__H__absolute__                                 __absolute__  00000
__Habs1                                         abs1          00000
__Hbank0                                        bank0         00000
__Hbank1                                        bank1         00000
__Hbank10                                       bank10        00000
__Hbank11                                       bank11        00000
__Hbank12                                       bank12        00000
__Hbank13                                       bank13        00000
__Hbank14                                       bank14        00000
__Hbank15                                       bank15        00000
__Hbank2                                        bank2         00000
__Hbank3                                        bank3         00000
__Hbank4                                        bank4         00000
__Hbank5                                        bank5         00000
__Hbank6                                        bank6         00000
__Hbank7                                        bank7         00000
__Hbank8                                        bank8         00000
__Hbank9                                        bank9         00000
__Hbigbss                                       bigbss        00000
__Hbigdata                                      bigdata       00000
__Hbigram                                       bigram        00000
__Hbigsfr                                       bigsfr        00000
__Hbss                                          bss           00000
__HbssBANK0                                     bssBANK0      00000
__HbssBANK1                                     bssBANK1      00000
__HbssBANK2                                     bssBANK2      00000
__HbssBANK3                                     bssBANK3      00000
__HbssBANK4                                     bssBANK4      00000
__HbssBANK5                                     bssBANK5      00000
__HbssBANK6                                     bssBANK6      00000
__HbssBANK7                                     bssBANK7      00000
__HbssBANK8                                     bssBANK8      00000
__HbssCOMRAM                                    bssCOMRAM     00000
__Hcinit                                        cinit         00000
__Hclrtext                                      clrtext       00000
__Hcomram                                       comram        00000
__Hconfig                                       config        1FFFE
__Hconst                                        const         00000
__HcstackBANK0                                  cstackBANK0   00000
__HcstackBANK1                                  cstackBANK1   00000
__HcstackCOMRAM                                 cstackCOMRAM  00000
__Hdata                                         data          00000
__HdataBANK1                                    dataBANK1     00000
__HdataBANK2                                    dataBANK2     00000
__HdataBANK3                                    dataBANK3     00000
__HdataBANK4                                    dataBANK4     00000
__HdataBANK5                                    dataBANK5     00000
__Hfarbss                                       farbss        00000
__Hfardata                                      fardata       00000
__Hheap                                         heap          00000
__Hibigdata                                     ibigdata      00000
__Hidata                                        idata         00000
__HidataBANK1                                   idataBANK1    00000
__HidataBANK2                                   idataBANK2    00000
__HidataBANK3                                   idataBANK3    00000
__HidataBANK4                                   idataBANK4    00000
__HidataBANK5                                   idataBANK5    00000
__Hidloc                                        idloc         00000
__Hifardata                                     ifardata      00000
__Hinit                                         init          0003A
__Hintcode                                      intcode       00036
__Hintcode_body                                 intcode_body  00000
__Hintcodelo                                    intcodelo     00036
__Hintentry                                     intentry      00000
__Hintret                                       intret        00000
__Hintsave_regs                                 intsave_regs  00000
__Hirdata                                       irdata        00000
__Hjflash_buffer                                jflash_buffer 1F800
__Hmediumconst                                  mediumconst   10000
__HnvBANK2                                      nvBANK2       00000
__HnvFARRAM                                     nvFARRAM      00000
__Hnvbit                                        nvbit         00000
__Hnvrram                                       nvrram        00000
__Hparam                                        rparam        00000
__Hpowerup                                      powerup       00036
__Hram                                          ram           00000
__Hramtop                                       ramtop        01000
__Hrbit                                         rbit          00000
__Hrbss                                         rbss          00000
__Hrdata                                        rdata         00000
__Hreset_vec                                    reset_vec     00004
__Hrparam                                       rparam        00000
__Hsfr                                          sfr           00000
__Hsivt_hi                                      sivt_hi       00000
__Hsivt_lo                                      sivt_lo       00000
__Hsmallconst                                   smallconst    00000
__Hspace_0                                      (abs)         1F800
__Hspace_1                                      (abs)         00850
__Hspace_2                                      (abs)         00000
__Hspace_4                                      (abs)         3FFF6
__Hstack                                        stack         00000
__Hstruct                                       struct        00000
__Htemp                                         temp          0005C
__Htext                                         text          00000
__Htext0                                        text0         00000
__Htext1                                        text1         00000
__Htext10                                       text10        00000
__Htext100                                      text100       00000
__Htext101                                      text101       00000
__Htext102                                      text102       00000
__Htext103                                      text103       00000
__Htext104                                      text104       00000
__Htext105                                      text105       00000
__Htext106                                      text106       00000
__Htext107                                      text107       00000
__Htext108                                      text108       00000
__Htext109                                      text109       00000
__Htext11                                       text11        00000
__Htext110                                      text110       00000
__Htext111                                      text111       00000
__Htext112                                      text112       00000
__Htext113                                      text113       00000
__Htext114                                      text114       00000
__Htext115                                      text115       00000
__Htext116                                      text116       00000
__Htext117                                      text117       00000
__Htext118                                      text118       00000
__Htext119                                      text119       00000
__Htext12                                       text12        00000
__Htext120                                      text120       00000
__Htext121                                      text121       00000
__Htext122                                      text122       00000
__Htext123                                      text123       00000
__Htext124                                      text124       00000
__Htext125                                      text125       00000
__Htext126                                      text126       00000
__Htext127                                      text127       00000
__Htext128                                      text128       00000
__Htext129                                      text129       00000
__Htext13                                       text13        00000
[...]
dtoa@d                                          cstackCOMRAM  00020
dtoa@fp                                         cstackCOMRAM  0001E
dtoa@i                                          cstackCOMRAM  0002B
dtoa@p                                          cstackCOMRAM  00026
dtoa@s                                          cstackCOMRAM  0002A
dtoa@w                                          cstackCOMRAM  00028
end_of_initialization                           cinit         16090
fputc@c                                         cstackCOMRAM  00005
fputc@fp                                        cstackCOMRAM  00007
fputs@c                                         cstackCOMRAM  00012
fputs@fp                                        cstackCOMRAM  00010
fputs@i                                         cstackCOMRAM  00013
fputs@s                                         cstackCOMRAM  0000E
getHeaderLen@header_len                         cstackCOMRAM  0000B
getHeaderLen@rxptr                              cstackCOMRAM  00009
gmtime@tm                                       bssBANK5      005C3
int$flags                                       temp          0005B
intlevel0                                       text          00000
intlevel1                                       text          00000
intlevel2                                       text          00000
intlevel3                                       text          00000
ipdb_init@x                                     cstackCOMRAM  00005
isa$std                                         (abs)         00001
isa$xinst                                       (abs)         00000
main@i                                          cstackBANK0   000F4
main@millis                                     cstackBANK0   000EE
main@udpReceived                                cstackBANK0   000F2
makeIpv4AddresstoStr@ip_str                     bssBANK5      005DB
memcpy@d                                        cstackCOMRAM  0000D
memcpy@d1                                       cstackCOMRAM  00005
memcpy@n                                        cstackCOMRAM  00008
memcpy@s                                        cstackCOMRAM  0000B
memcpy@s1                                       cstackCOMRAM  00006
memcpy@tmp                                      cstackCOMRAM  0000A
pad@buf                                         cstackCOMRAM  00017
pad@fp                                          cstackCOMRAM  00015
pad@i                                           cstackCOMRAM  0001C
pad@p                                           cstackCOMRAM  00019
printf@ap                                       cstackCOMRAM  0004E
printf@fmt                                      cstackCOMRAM  00048
read_prec_or_width@ap                           cstackCOMRAM  0000C
read_prec_or_width@c                            cstackCOMRAM  0000D
read_prec_or_width@fmt                          cstackCOMRAM  0000B
read_prec_or_width@n                            cstackCOMRAM  0000E
sprintf@ap                                      cstackBANK0   00060
sprintf@f                                       cstackBANK0   00061
sprintf@fmt                                     cstackCOMRAM  0004A
sprintf@s                                       cstackCOMRAM  00048
stackhi                                         (abs)         00000
stacklo                                         (abs)         00000
start                                           init          00036
start_initialization                            cinit         15F7C
stoa@cp                                         cstackCOMRAM  00018
stoa@fp                                         cstackCOMRAM  0000E
stoa@l                                          cstackCOMRAM  0001A
stoa@p                                          cstackCOMRAM  00014
stoa@s                                          cstackCOMRAM  00010
stoa@w                                          cstackCOMRAM  00016
strtok@p                                        bssBANK2      0021F
time@gie_val                                    cstackCOMRAM  00009
time@t                                          cstackCOMRAM  00005
time@the_time                                   cstackCOMRAM  0000A
ttemp5                                          temp          0005C
ttemp6                                          temp          0005F
ttemp7                                          temp          00063
udp_table_nextEntry@i                           cstackCOMRAM  00005
utoa@d                                          cstackCOMRAM  00020
utoa@fp                                         cstackCOMRAM  0001E
utoa@i                                          cstackCOMRAM  00028
utoa@p                                          cstackCOMRAM  00024
utoa@w                                          cstackCOMRAM  00026
vfpfcnvrt@ap                                    cstackCOMRAM  00036
vfpfcnvrt@c                                     cstackCOMRAM  0003E
vfpfcnvrt@convarg                               cstackCOMRAM  0003A
vfpfcnvrt@cp                                    cstackCOMRAM  0003F
vfpfcnvrt@done                                  cstackCOMRAM  00039
vfpfcnvrt@fmt                                   cstackCOMRAM  00035
vfpfcnvrt@fp                                    cstackCOMRAM  00033
vfprintf@ap                                     cstackCOMRAM  00045
vfprintf@cfmt                                   cstackCOMRAM  00046
vfprintf@fmt                                    cstackCOMRAM  00043
vfprintf@fp                                     cstackCOMRAM  00041
wtemp8                                          temp          0005C
xtoa@a                                          cstackCOMRAM  00029
xtoa@c                                          cstackCOMRAM  00030
xtoa@d                                          cstackCOMRAM  00020
xtoa@fp                                         cstackCOMRAM  0001E
xtoa@i                                          cstackCOMRAM  00031
xtoa@p                                          cstackCOMRAM  0002C
xtoa@w                                          cstackCOMRAM  0002E
xtoa@x                                          cstackCOMRAM  00024


MODULE INFORMATION

Module		Function		Class		Link	Load	Size
mcc_generated_files/TCPIPLibrary/ETHxxJ6x_driver.c
		_ETH_EdataRead 		CODE           	18396	0000	10
		_ETH_NewPacket 		CODE           	15276	0000	422
		_PHY_Read      		CODE           	17646	0000	96
		_ETH_TxReset   		CODE           	181B4	0000	28
		_ETH_ComputeChecksum		CODE           	16908	0000	196
		_ETH_EdataWrite		CODE           	183B0	0000	6
		_ETH_CheckLinkUp		CODE           	1802A	0000	42
		_ETH_Write8    		CODE           	18382	0000	10
		_ETH_Write32   		CODE           	18206	0000	26
		_ETH_Write16   		CODE           	182FC	0000	14
		_ETH_Shift_Tx_Packets		CODE           	158C2	0000	376
		_ETH_Insert    		CODE           	17704	0000	94
		_ETH_Read8     		CODE           	180CC	0000	38
		_ETH_Read16    		CODE           	17D2C	0000	60
		_ETH_GetRxByteCount		CODE           	18350	0000	10
		_ETH_Init      		CODE           	1573E	0000	388
		_ETH_RxComputeChecksum		CODE           	16F32	0000	152
		_ETH_SetRxByteCount		CODE           	18346	0000	10
		_ETH_NextPacketUpdate		CODE           	17BB8	0000	66
		_ETH_Flush     		CODE           	1751A	0000	102
		_ETH_PacketListReset		CODE           	17A9A	0000	74
		_ETH_WriteBlock		CODE           	17DDE	0000	58
		_ETH_Send      		CODE           	16E94	0000	158
		_ETH_WriteStart		CODE           	14AFE	0000	516
		_ETH_ReadBlock 		CODE           	17918	0000	84
		_ETH_Copy      		CODE           	16BFA	0000	174
		_ETH_GetMAC    		CODE           	176A6	0000	94
		_PHY_WaitForBusy		CODE           	17F4C	0000	46
		_ETH_ResetByteCount		CODE           	183A0	0000	10
		_ETH_SaveRDPT  		CODE           	1838C	0000	10
		_ETH_Dump      		CODE           	17DA4	0000	58
		_ETH_GetByteCount		CODE           	18250	0000	22
		_ETH_SendQueued		CODE           	173DA	0000	112
		_ETH_TxComputeChecksum		CODE           	172F0	0000	120
		_ETH_RemovePacket		CODE           	169CC	0000	192
		_PHY_Write     		CODE           	18054	0000	40
		_ETH_GetReadPtr		CODE           	1835A	0000	10
		_ETH_EventHandler		CODE           	17762	0000	92
		_ETH_SetReadPtr		CODE           	18378	0000	10

mcc_generated_files/TCPIPLibrary/ETHxxJ6x_driver.c estimated size: 4026

C:\Program Files\Microchip\xc8\v2.46\pic\sources\c99\common\printf.c
		_printf        		CODE           	1817A	0000	30

C:\Program Files\Microchip\xc8\v2.46\pic\sources\c99\common\printf.c estimated size: 30

C:\Program Files\Microchip\xc8\v2.46\pic\sources\c99\common\nf_fputc.c
		_fputc         		CODE           	16DF4	0000	160

C:\Program Files\Microchip\xc8\v2.46\pic\sources\c99\common\nf_fputc.c estimated size: 160

mcc_generated_files/TCPIPLibrary/udpv4.c
		_UDP_Receive   		CODE           	1541C	0000	410
		_UDP_Send      		CODE           	16A8C	0000	186
		_UDP_Start     		CODE           	177BE	0000	88

mcc_generated_files/TCPIPLibrary/udpv4.c estimated size: 684

C:\Program Files\Microchip\xc8\v2.46\pic\sources\c99\common\rand.c
		_rand          		CODE           	1744A	0000	106

C:\Program Files\Microchip\xc8\v2.46\pic\sources\c99\common\rand.c estimated size: 106

mcc_generated_files/TCPIPLibrary/udpv4_port_handler_table.c
		_udp_table_nextEntry		CODE           	17EEC	0000	48
		_udp_table_getIterator		CODE           	18364	0000	10

mcc_generated_files/TCPIPLibrary/udpv4_port_handler_table.c estimated size: 58

mcc_generated_files/interrupt_manager.c
		_INTERRUPT_Initialize		CODE           	183BC	0000	4
		_INTERRUPT_InterruptManager		CODE           	0008	0000	46

mcc_generated_files/interrupt_manager.c estimated size: 50

mcc_generated_files/tmr0.c
		_TMR0_SetInterruptHandler		CODE           	182D2	0000	14
		_TMR0_DefaultInterruptHandler		CODE           	183C6	0000	2
		_TMR0_ISR      		CODE           	17F7A	0000	46
		_TMR0_Initialize		CODE           	17C78	0000	60

mcc_generated_files/tmr0.c estimated size: 122

C:\Program Files\Microchip\xc8\v2.46\pic\sources\c99\common\aldiv.c
		___aldiv       		CODE           	166AA	0000	204

C:\Program Files\Microchip\xc8\v2.46\pic\sources\c99\common\aldiv.c estimated size: 204

pathway.c
		_SETxMNTSTATIONxPATHWAY		CODE           	16840	0000	200
		_INITxPATHWAYxSTATION		CODE           	1827C	0000	18
		_SETxSTATIONxPATHWAY		CODE           	129BE	0000	1166
		_INITxPATHWAYxMNTSTATION		CODE           	1828E	0000	18

pathway.c estimated size: 1402

mcc_generated_files/pin_manager.c
		_PIN_MANAGER_Initialize		CODE           	17AE4	0000	72

mcc_generated_files/pin_manager.c estimated size: 72

mainstation.c
		_UPDATExSTATION		CODE           	10000	0000	2324
		_UPDATExSTATIONxTRAINxWAIT		CODE           	136F4	0000	1056
		_INITxSTATION  		CODE           	155B6	0000	392

mainstation.c estimated size: 3772

mcc_generated_files/TCPIPLibrary/ip_database.c
		_ipdb_init     		CODE           	170EA	0000	138

mcc_generated_files/TCPIPLibrary/ip_database.c estimated size: 138

milisecond_counter.c
		_SETxMILLISECONDxUPDATExHANDLER		CODE           	18318	0000	14
		_MILLISECOND_HANDLER		CODE           	17F1C	0000	48
		_Millisecond_DefaultUpdateHandler		CODE           	183C4	0000	2
		_MILLIESxINIT  		CODE           	1813A	0000	34
		_GETxMILLIS    		CODE           	182A0	0000	18

milisecond_counter.c estimated size: 116

mcc_generated_files/TCPIPLibrary/icmp.c
		_ICMP_PortUnreachable		CODE           	163D8	0000	250
		_ICMP_Receive  		CODE           	16776	0000	202
		_ICMP_EchoReply		CODE           	15BA2	0000	346

mcc_generated_files/TCPIPLibrary/icmp.c estimated size: 798

mcc_generated_files/TCPIPLibrary/log.c
		_LOG_Init      		CODE           	16FCA	0000	148

mcc_generated_files/TCPIPLibrary/log.c estimated size: 148

mainStationPassing.c
		_MAINxSTATIONxPASSING		CODE           	11BDE	0000	1192

mainStationPassing.c estimated size: 1192

mcc_generated_files/TCPIPLibrary/network.c
		_Network_GetStartPosition		CODE           	1836E	0000	10
		_Network_SaveStartPosition		CODE           	182E0	0000	14
		_Network_Read  		CODE           	1609A	0000	284
		_Network_Init  		CODE           	1815C	0000	30
		_Network_WaitForLink		CODE           	182B2	0000	16
		_timersInit    		CODE           	18198	0000	28
		_Network_Manage		CODE           	17368	0000	114

mcc_generated_files/TCPIPLibrary/network.c estimated size: 496

rand.c
		_GETxRANDOMxNUMBER		CODE           	18220	0000	24
		_INITxRANDxNUMBER		CODE           	17E88	0000	50

rand.c estimated size: 74

mountainStationInbound.c
		_MOUNTAINxSTATIONxINBOUND		CODE           	12086	0000	1190

mountainStationInbound.c estimated size: 1190

mcc_generated_files/TCPIPLibrary/arpv4.c
		_ARPV4_Packet  		CODE           	11068	0000	1570
		_ARPV4_Init    		CODE           	1807C	0000	40
		_ARPV4_Lookup  		CODE           	1786C	0000	86
		_ARPV4_Update  		CODE           	17FD4	0000	44
		_ARPV4_Request 		CODE           	14D02	0000	488

mcc_generated_files/TCPIPLibrary/arpv4.c estimated size: 2228

mcc_generated_files/TCPIPLibrary/mac_address.c
		_MAC_getAddress		CODE           	1833C	0000	10

mcc_generated_files/TCPIPLibrary/mac_address.c estimated size: 10

mcc_generated_files/TCPIPLibrary/ipv4.c
		_IPV4_Send     		CODE           	171F6	0000	130
		_getHeaderLen  		CODE           	17CB4	0000	60
		_IPV4_Packet   		CODE           	1168A	0000	1364
		_IPV4_GetDatagramLength		CODE           	182EE	0000	14
		_IPV4_PseudoHeaderChecksum		CODE           	16B46	0000	180
		_IPv4_Start    		CODE           	148C4	0000	570
		_IPV4_Init     		CODE           	183AA	0000	6

mcc_generated_files/TCPIPLibrary/ipv4.c estimated size: 2324

C:\Program Files\Microchip\xc8\v2.46\pic\sources\c99\common\doprnt.c
		_read_prec_or_width		CODE           	16D54	0000	160
		_vfpfcnvrt     		CODE           	132CC	0000	1064
		_pad           		CODE           	17278	0000	120
		_dtoa          		CODE           	15A3A	0000	360
		_vfprintf      		CODE           	17C3A	0000	62
		_stoa          		CODE           	15E3C	0000	320
		_utoa          		CODE           	162D0	0000	264
		_xtoa          		CODE           	161B6	0000	282

C:\Program Files\Microchip\xc8\v2.46\pic\sources\c99\common\doprnt.c estimated size: 2632

C:\Program Files\Microchip\xc8\v2.46\pic\sources\c99\common\nf_sprintf.c
		_sprintf       		CODE           	17B72	0000	70

C:\Program Files\Microchip\xc8\v2.46\pic\sources\c99\common\nf_sprintf.c estimated size: 70

mcc_generated_files/TCPIPLibrary/rtcc.c
		_rtcc_handler  		CODE           	182C2	0000	16
		_rtcc_init     		CODE           	18118	0000	34
		_time          		CODE           	17816	0000	86

mcc_generated_files/TCPIPLibrary/rtcc.c estimated size: 136

shared
		_tBlkOutDebounceTime		MEDIUMCONST    	0000	0000	0
		_tFactorSec    		MEDIUMCONST    	0000	0000	0
		_tMountainRandomShift		MEDIUMCONST    	0000	0000	0
		_tRandomShift  		MEDIUMCONST    	0000	0000	0
		_tMountainTrainWaitTime		MEDIUMCONST    	0000	0000	0
		_tIoSignalDebounceTime		MEDIUMCONST    	0000	0000	0
		___secs_to_tm@days_in_month		MEDIUMCONST    	FDCD	0000	12
		_tTrainWaitTime		MEDIUMCONST    	0000	0000	0
		_UDP_CallBackTable		MEDIUMCONST    	FE0B	0000	5
		_tInOutboundStopWaitTime		MEDIUMCONST    	0000	0000	0
		_udpTrans_t_length		MEDIUMCONST    	0000	0000	0
		__initialization		CODE           	15F7C	0000	276
		_tSwitchPointWaitTime		MEDIUMCONST    	0000	0000	0
		_xorSequences  		MEDIUMCONST    	0000	0000	0
		_sizeOfMntStationStruct		MEDIUMCONST    	FE02	0000	1
		_broadcastMAC  		MEDIUMCONST    	FE05	0000	6
		_severityThresholdTable		MEDIUMCONST    	FD8B	0000	48
		_tOutboundWaitTime		MEDIUMCONST    	0000	0000	0
		_tHallSignalDebounceTime		MEDIUMCONST    	0000	0000	0
		_tReadIoSignalWaitTime		MEDIUMCONST    	0000	0000	0
		_tFreightTrainWaitTime		MEDIUMCONST    	0000	0000	0
		_udpTrans_t_data_length		MEDIUMCONST    	0000	0000	0

shared estimated size: 348

C:\Program Files\Microchip\xc8\v2.46\pic\sources\c99\common\__lldiv.c
		___lldiv       		CODE           	17174	0000	130

C:\Program Files\Microchip\xc8\v2.46\pic\sources\c99\common\__lldiv.c estimated size: 130

C:\Program Files\Microchip\xc8\v2.46\pic\sources\c99\common\putch.c
		_putch         		CODE           	183C0	0000	2

C:\Program Files\Microchip\xc8\v2.46\pic\sources\c99\common\putch.c estimated size: 2

C:\Program Files\Microchip\xc8\v2.46\pic\sources\c99\common\Umul16.c
		___wmul        		CODE           	180F2	0000	38

C:\Program Files\Microchip\xc8\v2.46\pic\sources\c99\common\Umul16.c estimated size: 38

mcc_generated_files/mcc.c
		_OSCILLATOR_Initialize		CODE           	18332	0000	10
		_SYSTEM_Initialize		CODE           	181EC	0000	26

mcc_generated_files/mcc.c estimated size: 36

C:\Program Files\Microchip\xc8\v2.46\pic\sources\c99\common\nf_fputs.c
		_fputs         		CODE           	17E50	0000	56

C:\Program Files\Microchip\xc8\v2.46\pic\sources\c99\common\nf_fputs.c estimated size: 56

mountaintrack.c
		_UPDATExMOUNTAINxSTATION		CODE           	10914	0000	1876
		_INITxMOUNTAINxSTATION		CODE           	165C0	0000	234
		_UPDATExMOUNTAINxTRAINxWAIT		CODE           	145BA	0000	778

mountaintrack.c estimated size: 2888

mcc_generated_files/tmr1.c
		_TMR1_Initialize		CODE           	18000	0000	42
		_TMR1_SetInterruptHandler		CODE           	1830A	0000	14
		_TMR1_DefaultInterruptHandler		CODE           	183C2	0000	2
		_TMR1_WriteTimer		CODE           	181D0	0000	28
		_TMR1_ISR      		CODE           	17EBA	0000	50

mcc_generated_files/tmr1.c estimated size: 136

mountainStationOutbound.c
		_MOUNTAINxSTATIONxOUTBOUND		CODE           	13EEC	0000	896

mountainStationOutbound.c estimated size: 896

mainStationInbound.c
		_MAINxSTATIONxINBOUND		CODE           	12E4C	0000	1152

mainStationInbound.c estimated size: 1152

C:\Program Files\Microchip\xc8\v2.46\pic\sources\c99\common\memcpy.c
		_memcpy        		CODE           	17D68	0000	60

C:\Program Files\Microchip\xc8\v2.46\pic\sources\c99\common\memcpy.c estimated size: 60

C:\Program Files\Microchip\xc8\v2.46\pic\sources\c99\common\abs.c
		_abs           		CODE           	180A4	0000	40

C:\Program Files\Microchip\xc8\v2.46\pic\sources\c99\common\abs.c estimated size: 40

debounce.c
		_DEBOUNCExIO   		CODE           	14EEA	0000	462

debounce.c estimated size: 462

tracksignal.c
		_SETxSIGNAL    		CODE           	1426C	0000	846

tracksignal.c estimated size: 846

setocc.c
		_SETxOCC       		CODE           	17580	0000	100

setocc.c estimated size: 100

C:\Program Files\Microchip\xc8\v2.46\pic\sources\c99\common\llmod.c
		___llmod       		CODE           	174B4	0000	102

C:\Program Files\Microchip\xc8\v2.46\pic\sources\c99\common\llmod.c estimated size: 102

main.c
		_main          		CODE           	1252C	0000	1170
		_compareDataToSend		CODE           	17E18	0000	56
		_UpdateTick    		CODE           	183B6	0000	6
		_DebounceIO    		CODE           	150B8	0000	446

main.c estimated size: 1678

C:\Program Files\Microchip\xc8\v2.46\pic\sources\c99\common\almod.c
		___almod       		CODE           	16CA8	0000	172

C:\Program Files\Microchip\xc8\v2.46\pic\sources\c99\common\almod.c estimated size: 172

C:\Program Files\Microchip\xc8\v2.46\pic\sources\c99\common\Umul32.c
		___lmul        		CODE           	178C2	0000	86

C:\Program Files\Microchip\xc8\v2.46\pic\sources\c99\common\Umul32.c estimated size: 86

communication.c
		_GETxDATAxFROMxRECEIVExMAILxBOX		CODE           	17A04	0000	76
		_PROCESSxETHxDATAxINIT		CODE           	17FA8	0000	44
		_PUTxDATAxINxSENDxMAILxBOX		CODE           	17A50	0000	74
		_GetDataFromSendMailBox		CODE           	179B8	0000	76
		_PROCESSxETHxDATA		CODE           	15CFC	0000	320
		_UDPxDATAxRECV 		CODE           	17CF0	0000	60
		_CheckDataInSendMailBox		CODE           	18266	0000	22
		_PutDataInReceiveMailBox		CODE           	1796C	0000	76
		_CREATExTASKxSTATUSxMESSAGE		CODE           	17BFA	0000	64
		_CHECKxDATAxINxRECEIVExMAILxBOX		CODE           	18238	0000	24

communication.c estimated size: 836

mainStationOutbound.c
		_MAINxSTATIONxOUTBOUND		CODE           	13B14	0000	984

mainStationOutbound.c estimated size: 984

