MPLINK 4.35, Linker
Linker Map File - Created Sat Oct 10 17:51:35 2015

                                 Section Info
                  Section       Type    Address   Location Size(Bytes)
                ---------  ---------  ---------  ---------  ---------
               _entry_scn       code   0x000000    program   0x000006
           .code___init.o       code   0x000006    program   0x000002
              high_vector       code   0x000008    program   0x000006
   .romdata_Fiddle Yard.o    romdata   0x00000e    program   0x000006
         .code_i2c2strt.o       code   0x000014    program   0x000004
               low_vector       code   0x000018    program   0x000006
                   .cinit    romdata   0x00001e    program   0x00013a
 .code_Fiddle_Move_Ctrl.o       code   0x000158    program   0x006066
          .code_Var_Out.o       code   0x0061be    program   0x001c0a
   .code_Drive_Train_IO.o       code   0x007dc8    program   0x00198a
          .code_Helpers.o       code   0x009752    program   0x000fa2
    .code_State_Machine.o       code   0x00a6f4    program   0x000f30
              .code_UDP.o       code   0x00b624    program   0x000db2
         .code_ETH97J60.o       code   0x00c3d6    program   0x000da0
             .code_DHCP.o       code   0x00d176    program   0x000c68
   .code_Shift_Register.o       code   0x00ddde    program   0x000948
   .code_Diagnostic_ret.o       code   0x00e726    program   0x00083c
  .code_Train_Detection.o       code   0x00ef62    program   0x0006a6
  .code_Command_Machine.o       code   0x00f608    program   0x000652
      .code_IO_Expander.o       code   0x00fc5a    program   0x0005f8
             .code_NBNS.o       code   0x010252    program   0x0005c2
              .code_ARP.o       code   0x010814    program   0x0005c2
  .code_Track_Move_Ctrl.o       code   0x010dd6    program   0x000544
               .code_IP.o       code   0x01131a    program   0x0003fa
      .code_Fiddle_Init.o       code   0x011714    program   0x000368
      .code_Fiddle Yard.o       code   0x011a7c    program   0x0002be
         .code_Announce.o       code   0x011d3a    program   0x0002ac
         .code_StackTsk.o       code   0x011fe6    program   0x000274
                   STRING       code   0x01225a    program   0x0001b2
             .code_ICMP.o       code   0x01240c    program   0x000146
             .code_Tick.o       code   0x012552    program   0x000140
         .code_i2c2gets.o       code   0x012692    program   0x00013e
         .code_i2c2puts.o       code   0x0127d0    program   0x00010a
         .code_i2c2writ.o       code   0x0128da    program   0x0000e2
               _cinit_scn       code   0x0129bc    program   0x00009e
         .code_i2c2read.o       code   0x012a5a    program   0x000062
         .code_pw3setdc.o       code   0x012abc    program   0x00005e
         .code_pw1setdc.o       code   0x012b1a    program   0x00005e
         .code_fxd3232u.o       code   0x012b78    program   0x000048
                     PROG       code   0x012bc0    program   0x00003c
         .code_fxd1616u.o       code   0x012bfc    program   0x00002c
                    .code       code   0x012c28    program   0x00002c
         .code_i2c2open.o       code   0x012c54    program   0x00002a
             .stringtable    romdata   0x012c7e    program   0x000027
       .romdata_i2c2ack.o    romdata   0x012ca5    program   0x000000
      .romdata_i2c2rstr.o    romdata   0x012ca5    program   0x000000
      .idata_i2c2rstr.o_i    romdata   0x012ca5    program   0x000000
      .romdata_i2c2writ.o    romdata   0x012ca5    program   0x000000
.romdata_Fiddle_Move_Ctrl.o    romdata   0x012ca5    program   0x000000
      .romdata_i2c2clos.o    romdata   0x012ca5    program   0x000000
      .romdata_i2c2strt.o    romdata   0x012ca5    program   0x000000
      .romdata_i2c2read.o    romdata   0x012ca5    program   0x000000
      .romdata_i2c2dtrd.o    romdata   0x012ca5    program   0x000000
      .idata_i2c2strt.o_i    romdata   0x012ca5    program   0x000000
      .idata_i2c2stop.o_i    romdata   0x012ca5    program   0x000000
      .romdata_i2c2gets.o    romdata   0x012ca5    program   0x000000
      .idata_i2c2idle.o_i    romdata   0x012ca5    program   0x000001
      .romdata_i2c2idle.o    romdata   0x012ca5    program   0x000000
      .idata_i2c2nack.o_i    romdata   0x012ca5    program   0x000000
      .romdata_i2c2nack.o    romdata   0x012ca5    program   0x000000
      .idata_i2c2open.o_i    romdata   0x012ca5    program   0x000000
      .romdata_i2c2open.o    romdata   0x012ca5    program   0x000000
      .romdata_i2c2stop.o    romdata   0x012ca5    program   0x000000
      .romdata_i2c2puts.o    romdata   0x012ca5    program   0x000000
         .romdata_c018i.o    romdata   0x012ca5    program   0x000000
      .romdata_Announce.o    romdata   0x012ca5    program   0x000000
        .romdata___init.o    romdata   0x012ca5    program   0x000000
      .romdata_StackTsk.o    romdata   0x012ca5    program   0x000000
          .romdata_Tick.o    romdata   0x012ca5    program   0x000000
      .romdata_pw3setdc.o    romdata   0x012ca5    program   0x000000
            .romdata_IP.o    romdata   0x012ca5    program   0x000000
      .idata_pw3setdc.o_i    romdata   0x012ca5    program   0x000000
           .romdata_ARP.o    romdata   0x012ca5    program   0x000000
          .romdata_DHCP.o    romdata   0x012ca5    program   0x000000
      .romdata_pw1setdc.o    romdata   0x012ca5    program   0x000000
      .romdata_ETH97J60.o    romdata   0x012ca5    program   0x000000
      .idata_pw1setdc.o_i    romdata   0x012ca5    program   0x000000
          .romdata_ICMP.o    romdata   0x012ca5    program   0x000000
           .romdata_UDP.o    romdata   0x012ca5    program   0x000000
 .romdata_State_Machine.o    romdata   0x012ca5    program   0x000000
.romdata_Track_Move_Ctrl.o    romdata   0x012ca5    program   0x000000
.romdata_Shift_Register.o    romdata   0x012ca5    program   0x000000
.romdata_Diagnostic_ret.o    romdata   0x012ca5    program   0x000000
.romdata_Train_Detection.o    romdata   0x012ca5    program   0x000000
.romdata_Command_Machine.o    romdata   0x012ca5    program   0x000000
       .romdata_Var_Out.o    romdata   0x012ca5    program   0x000000
.romdata_Drive_Train_IO.o    romdata   0x012ca5    program   0x000000
   .romdata_Fiddle_Init.o    romdata   0x012ca5    program   0x000000
      .romdata_fxd1616u.o    romdata   0x012ca5    program   0x000000
          .romdata_NBNS.o    romdata   0x012ca5    program   0x000000
      .romdata_fxd3232u.o    romdata   0x012ca5    program   0x000000
       .romdata_Helpers.o    romdata   0x012ca5    program   0x000000
         .code_i2c2idle.o       code   0x012ca6    program   0x000024
              D1KTCYXCODE       code   0x012cca    program   0x000020
             _startup_scn       code   0x012cea    program   0x00001c
   .romdata_IO_Expander.o    romdata   0x012d06    program   0x000010
         .code_i2c2dtrd.o       code   0x012d16    program   0x000010
         .code_i2c2nack.o       code   0x012d26    program   0x000006
          .code_i2c2ack.o       code   0x012d2c    program   0x000006
         .code_i2c2stop.o       code   0x012d32    program   0x000004
         .code_i2c2rstr.o       code   0x012d36    program   0x000004
         .code_i2c2clos.o       code   0x012d3a    program   0x000004
      .idata_i2c2writ.o_i    romdata   0x012d3e    program   0x000002
      .idata_i2c2read.o_i    romdata   0x012d40    program   0x000002
      .idata_i2c2puts.o_i    romdata   0x012d42    program   0x000002
      .idata_i2c2gets.o_i    romdata   0x012d44    program   0x000002
         .idata_c018i.o_i    romdata   0x012d46    program   0x000000
        .idata___init.o_i    romdata   0x012d46    program   0x000000
      .idata_fxd3232u.o_i    romdata   0x012d46    program   0x000000
      .idata_fxd1616u.o_i    romdata   0x012d46    program   0x000000
       .idata_Var_Out.o_i    romdata   0x012d46    program   0x000030
      .idata_i2c2dtrd.o_i    romdata   0x012d46    program   0x000000
      .idata_i2c2clos.o_i    romdata   0x012d46    program   0x000000
       .idata_i2c2ack.o_i    romdata   0x012d46    program   0x000000
           .idata_UDP.o_i    romdata   0x012d76    program   0x000002
.idata_Train_Detection.o_i    romdata   0x012d78    program   0x000022
.idata_Track_Move_Ctrl.o_i    romdata   0x012d9a    program   0x00000a
          .idata_Tick.o_i    romdata   0x012da4    program   0x000004
 .idata_State_Machine.o_i    romdata   0x012da8    program   0x00001c
      .idata_StackTsk.o_i    romdata   0x012dc4    program   0x000001
.idata_Shift_Register.o_i    romdata   0x012dc5    program   0x00002c
          .idata_NBNS.o_i    romdata   0x012df1    program   0x000001
            .idata_IP.o_i    romdata   0x012df2    program   0x000002
   .idata_IO_Expander.o_i    romdata   0x012df4    program   0x00001c
       .idata_Helpers.o_i    romdata   0x012e10    program   0x000004
          .idata_ICMP.o_i    romdata   0x012e10    program   0x000000
.idata_Fiddle_Move_Ctrl.o_i    romdata   0x012e14    program   0x00007a
   .idata_Fiddle_Init.o_i    romdata   0x012e8e    program   0x000004
   .idata_Fiddle Yard.o_i    romdata   0x012e92    program   0x000005
.idata_Drive_Train_IO.o_i    romdata   0x012e97    program   0x00003c
      .idata_ETH97J60.o_i    romdata   0x012e97    program   0x000000
.idata_Diagnostic_ret.o_i    romdata   0x012ed3    program   0x000007
          .idata_DHCP.o_i    romdata   0x012eda    program   0x000001
.idata_Command_Machine.o_i    romdata   0x012edb    program   0x000015
      .idata_Announce.o_i    romdata   0x012ef0    program   0x000001
           .idata_ARP.o_i    romdata   0x012ef1    program   0x000001
            .code_c018i.o       code   0x012ef2    program   0x000000
.config_1fff8_Fiddle Yard.o    romdata   0x01fff8    program   0x000001
.config_1fff9_Fiddle Yard.o    romdata   0x01fff9    program   0x000001
.config_1fffa_Fiddle Yard.o    romdata   0x01fffa    program   0x000001
.config_1fffb_Fiddle Yard.o    romdata   0x01fffb    program   0x000001
.config_1fffc_Fiddle Yard.o    romdata   0x01fffc    program   0x000001
.config_1fffd_Fiddle Yard.o    romdata   0x01fffd    program   0x000001
                MATH_DATA      udata   0x000000       data   0x000014
                 .tmpdata      udata   0x000014       data   0x00000e
                DELAYDAT1      udata   0x000022       data   0x000001
     .udata_Fiddle Yard.o      udata   0x000060       data   0x00003e
  .idata_Drive_Train_IO.o      idata   0x00009e       data   0x00003c
 .idata_Train_Detection.o      idata   0x0000da       data   0x000022
         .udata_Helpers.o      udata   0x0000fc       data   0x000004
         .idata_Var_Out.o      idata   0x000100       data   0x000030
  .udata_Diagnostic_ret.o      udata   0x000130       data   0x00002e
  .idata_Shift_Register.o      idata   0x00015e       data   0x00002c
            .udata_DHCP.o      udata   0x00018a       data   0x00001c
   .idata_State_Machine.o      idata   0x0001a6       data   0x00001c
     .idata_IO_Expander.o      idata   0x0001c2       data   0x00001c
 .idata_Command_Machine.o      idata   0x0001de       data   0x000015
        .udata_StackTsk.o      udata   0x0001f3       data   0x00000b
        .idata_i2c2writ.o      idata   0x0001fe       data   0x000002
             .udata_ARP.o      udata   0x000200       data   0x000014
 .idata_Track_Move_Ctrl.o      idata   0x000214       data   0x00000a
        .udata_ETH97J60.o      udata   0x00021e       data   0x000007
  .idata_Diagnostic_ret.o      idata   0x000225       data   0x000007
   .udata_State_Machine.o      udata   0x00022c       data   0x000006
     .idata_Fiddle Yard.o      idata   0x000232       data   0x000005
         .idata_Helpers.o      idata   0x000237       data   0x000004
     .idata_Fiddle_Init.o      idata   0x00023b       data   0x000004
         .udata_Var_Out.o      udata   0x00023f       data   0x000003
     .udata_IO_Expander.o      udata   0x000242       data   0x000003
 .udata_Command_Machine.o      udata   0x000245       data   0x000003
        .idata_i2c2read.o      idata   0x000248       data   0x000002
        .idata_i2c2puts.o      idata   0x00024a       data   0x000002
        .idata_i2c2gets.o      idata   0x00024c       data   0x000002
             .idata_UDP.o      idata   0x00024e       data   0x000002
              .idata_IP.o      idata   0x000250       data   0x000002
        .udata_i2c2writ.o      udata   0x000252       data   0x000001
        .udata_i2c2puts.o      udata   0x000253       data   0x000001
        .udata_i2c2gets.o      udata   0x000254       data   0x000001
            .udata_NBNS.o      udata   0x000255       data   0x000001
              .udata_IP.o      udata   0x000256       data   0x000001
        .udata_Announce.o      udata   0x000257       data   0x000001
        .idata_i2c2idle.o      idata   0x000258       data   0x000001
        .idata_StackTsk.o      idata   0x000259       data   0x000001
            .idata_NBNS.o      idata   0x00025a       data   0x000001
            .idata_DHCP.o      idata   0x00025b       data   0x000001
        .idata_Announce.o      idata   0x00025c       data   0x000001
             .idata_ARP.o      idata   0x00025d       data   0x000001
        .udata_i2c2strt.o      udata   0x00025e       data   0x000000
        .idata_i2c2strt.o      idata   0x00025e       data   0x000000
        .udata_fxd3232u.o      udata   0x00025e       data   0x000000
        .idata_fxd3232u.o      idata   0x00025e       data   0x000000
          .idata___init.o      idata   0x00025e       data   0x000000
        .udata_pw1setdc.o      udata   0x00025e       data   0x000000
        .idata_pw1setdc.o      idata   0x00025e       data   0x000000
.udata_Fiddle_Move_Ctrl.o      udata   0x00025e       data   0x000000
 .udata_Track_Move_Ctrl.o      udata   0x00025e       data   0x000000
          .udata___init.o      udata   0x00025e       data   0x000000
 .udata_Train_Detection.o      udata   0x00025e       data   0x000000
        .idata_fxd1616u.o      idata   0x00025e       data   0x000000
        .udata_pw3setdc.o      udata   0x00025e       data   0x000000
        .udata_fxd1616u.o      udata   0x00025e       data   0x000000
  .udata_Drive_Train_IO.o      udata   0x00025e       data   0x000000
        .idata_pw3setdc.o      idata   0x00025e       data   0x000000
     .udata_Fiddle_Init.o      udata   0x00025e       data   0x000000
         .idata_i2c2ack.o      idata   0x00025e       data   0x000000
         .udata_i2c2ack.o      udata   0x00025e       data   0x000000
  .udata_Shift_Register.o      udata   0x00025e       data   0x000000
            .idata_ICMP.o      idata   0x00025e       data   0x000000
            .udata_ICMP.o      udata   0x00025e       data   0x000000
        .idata_ETH97J60.o      idata   0x00025e       data   0x000000
           .idata_c018i.o      idata   0x00025e       data   0x000000
        .udata_i2c2clos.o      udata   0x00025e       data   0x000000
        .idata_i2c2clos.o      idata   0x00025e       data   0x000000
        .udata_i2c2dtrd.o      udata   0x00025e       data   0x000000
        .idata_i2c2dtrd.o      idata   0x00025e       data   0x000000
        .udata_i2c2idle.o      udata   0x00025e       data   0x000000
        .udata_i2c2nack.o      udata   0x00025e       data   0x000000
        .idata_i2c2nack.o      idata   0x00025e       data   0x000000
        .udata_i2c2open.o      udata   0x00025e       data   0x000000
        .idata_i2c2open.o      idata   0x00025e       data   0x000000
        .udata_i2c2read.o      udata   0x00025e       data   0x000000
        .udata_i2c2rstr.o      udata   0x00025e       data   0x000000
        .idata_i2c2rstr.o      idata   0x00025e       data   0x000000
        .udata_i2c2stop.o      udata   0x00025e       data   0x000000
        .idata_i2c2stop.o      idata   0x00025e       data   0x000000
                   .stack      udata   0x000d00       data   0x000100
.idata_Fiddle_Move_Ctrl.o      idata   0x000e00       data   0x00007a
            .udata_Tick.o      udata   0x000e7a       data   0x000006
              SFR_BANKED0      udata   0x000e80       data   0x000006
              SFR_BANKED1      udata   0x000e8a       data   0x000001
              SFR_BANKED2      udata   0x000e97       data   0x000003
              SFR_BANKED3      udata   0x000ea0       data   0x000001
              SFR_BANKED4      udata   0x000ea2       data   0x000003
              SFR_BANKED5      udata   0x000ea6       data   0x000002
              SFR_BANKED6      udata   0x000eaa       data   0x000002
              SFR_BANKED7      udata   0x000eb2       data   0x000001
              SFR_BANKED8      udata   0x000eb4       data   0x000001
              SFR_BANKED9      udata   0x000eb6       data   0x000004
             SFR_BANKED10      udata   0x000ec0       data   0x000012
             SFR_BANKED11      udata   0x000ed4       data   0x000002
             SFR_BANKED12      udata   0x000ed8       data   0x000002
             SFR_BANKED13      udata   0x000ee2       data   0x000016
             SFR_BANKED14      udata   0x000efb       data   0x000001
             SFR_BANKED15      udata   0x000efd       data   0x000002
             .udata_UDP.o      udata   0x000f00       data   0x000052
           .udata_c018i.o      udata   0x000f52       data   0x00000a
            .idata_Tick.o      idata   0x000f5c       data   0x000004
            SFR_UNBANKED0      udata   0x000f60       data   0x0000a0



                              Program Memory Usage 
                               Start         End      
                           ---------   ---------      
                            0x000000    0x012ef1      
                            0x01fff8    0x01fffd      
            77560 out of 131072 program addresses used, program memory utilization is 59%



                              Symbols - Sorted by Name
                     Name    Address   Location    Storage File                     
                ---------  ---------  ---------  --------- ---------                
                  ARPInit   0x01096e    program     extern C:\Documents and Settings\siebwalde\Bureaublad\Siebwalde-Source\trunk\Fiddle Yard\Microchip\TCPIP Stack\ARP.c
            ARPIsResolved   0x010c38    program     extern C:\Documents and Settings\siebwalde\Bureaublad\Siebwalde-Source\trunk\Fiddle Yard\Microchip\TCPIP Stack\ARP.c
               ARPProcess   0x010986    program     extern C:\Documents and Settings\siebwalde\Bureaublad\Siebwalde-Source\trunk\Fiddle Yard\Microchip\TCPIP Stack\ARP.c
                   ARPPut   0x010814    program     static C:\Documents and Settings\siebwalde\Bureaublad\Siebwalde-Source\trunk\Fiddle Yard\Microchip\TCPIP Stack\ARP.c
               ARPResolve   0x010b5e    program     extern C:\Documents and Settings\siebwalde\Bureaublad\Siebwalde-Source\trunk\Fiddle Yard\Microchip\TCPIP Stack\ARP.c
                  AckI2C2   0x012d2c    program     extern C:\Documents and Settings\siebwalde\Bureaublad\Siebwalde-Source\trunk\Fiddle Yard\I2c2\i2c2ack.c
               AnnounceIP   0x011d3a    program     extern C:\Documents and Settings\siebwalde\Bureaublad\Siebwalde-Source\trunk\Fiddle Yard\Microchip\TCPIP Stack\Announce.c
              Bezet_In_5B   0x00e656    program     extern C:\Documents and Settings\siebwalde\Bureaublad\Siebwalde-Source\trunk\Fiddle Yard\Shift_Register.c
       Bezet_In_5B_Status   0x00e526    program     extern C:\Documents and Settings\siebwalde\Bureaublad\Siebwalde-Source\trunk\Fiddle Yard\Shift_Register.c
               Bezet_In_6   0x00e68a    program     extern C:\Documents and Settings\siebwalde\Bureaublad\Siebwalde-Source\trunk\Fiddle Yard\Shift_Register.c
        Bezet_In_6_Status   0x00e558    program     extern C:\Documents and Settings\siebwalde\Bureaublad\Siebwalde-Source\trunk\Fiddle Yard\Shift_Register.c
               Bezet_In_7   0x00e6be    program     extern C:\Documents and Settings\siebwalde\Bureaublad\Siebwalde-Source\trunk\Fiddle Yard\Shift_Register.c
        Bezet_In_7_Status   0x00e58a    program     extern C:\Documents and Settings\siebwalde\Bureaublad\Siebwalde-Source\trunk\Fiddle Yard\Shift_Register.c
             Bezet_Uit_5B   0x00e3c8    program     extern C:\Documents and Settings\siebwalde\Bureaublad\Siebwalde-Source\trunk\Fiddle Yard\Shift_Register.c
              Bezet_Uit_6   0x00e3fa    program     extern C:\Documents and Settings\siebwalde\Bureaublad\Siebwalde-Source\trunk\Fiddle Yard\Shift_Register.c
              Bezet_Uit_7   0x00e42c    program     extern C:\Documents and Settings\siebwalde\Bureaublad\Siebwalde-Source\trunk\Fiddle Yard\Shift_Register.c
             Bezet_Uit_8A   0x00e45e    program     extern C:\Documents and Settings\siebwalde\Bureaublad\Siebwalde-Source\trunk\Fiddle Yard\Shift_Register.c
Bezet_Uit_Blok_6_AND_Sensor_F12_Send   0x007756    program     extern C:\Documents and Settings\siebwalde\Bureaublad\Siebwalde-Source\trunk\Fiddle Yard\Var_Out.c
    Bezet_Uit_Blok_6_Send   0x0076d2    program     extern C:\Documents and Settings\siebwalde\Bureaublad\Siebwalde-Source\trunk\Fiddle Yard\Var_Out.c
          Bezet_Weerstand   0x00e6f2    program     extern C:\Documents and Settings\siebwalde\Bureaublad\Siebwalde-Source\trunk\Fiddle Yard\Shift_Register.c
   Bezet_Weerstand_Status   0x00e5bc    program     extern C:\Documents and Settings\siebwalde\Bureaublad\Siebwalde-Source\trunk\Fiddle Yard\Shift_Register.c
BridgeMotorContact_10_Send   0x00781c    program     extern C:\Documents and Settings\siebwalde\Bureaublad\Siebwalde-Source\trunk\Fiddle Yard\Var_Out.c
BridgeMotorContact_11_Send   0x0078e2    program     extern C:\Documents and Settings\siebwalde\Bureaublad\Siebwalde-Source\trunk\Fiddle Yard\Var_Out.c
  Bridge_10L_Contact_Send   0x00785e    program     extern C:\Documents and Settings\siebwalde\Bureaublad\Siebwalde-Source\trunk\Fiddle Yard\Var_Out.c
  Bridge_10R_Contact_Send   0x0078a0    program     extern C:\Documents and Settings\siebwalde\Bureaublad\Siebwalde-Source\trunk\Fiddle Yard\Var_Out.c
          Bridge_Close_Ok   0x0071aa    program     extern C:\Documents and Settings\siebwalde\Bureaublad\Siebwalde-Source\trunk\Fiddle Yard\Var_Out.c
           Bridge_Closing   0x007480    program     extern C:\Documents and Settings\siebwalde\Bureaublad\Siebwalde-Source\trunk\Fiddle Yard\Var_Out.c
Bridge_Open_Close_Timeout_Expired_Send   0x0077da    program     extern C:\Documents and Settings\siebwalde\Bureaublad\Siebwalde-Source\trunk\Fiddle Yard\Var_Out.c
           Bridge_Open_Ok   0x007168    program     extern C:\Documents and Settings\siebwalde\Bureaublad\Siebwalde-Source\trunk\Fiddle Yard\Var_Out.c
           Bridge_Opening   0x00743e    program     extern C:\Documents and Settings\siebwalde\Bureaublad\Siebwalde-Source\trunk\Fiddle Yard\Var_Out.c
     Bridge_Opening_Msg_1   0x007af2    program     extern C:\Documents and Settings\siebwalde\Bureaublad\Siebwalde-Source\trunk\Fiddle Yard\Var_Out.c
    Bridge_Opening_Msg_11   0x007bfa    program     extern C:\Documents and Settings\siebwalde\Bureaublad\Siebwalde-Source\trunk\Fiddle Yard\Var_Out.c
    Bridge_Opening_Msg_12   0x007c3c    program     extern C:\Documents and Settings\siebwalde\Bureaublad\Siebwalde-Source\trunk\Fiddle Yard\Var_Out.c
    Bridge_Opening_Msg_13   0x007c7e    program     extern C:\Documents and Settings\siebwalde\Bureaublad\Siebwalde-Source\trunk\Fiddle Yard\Var_Out.c
    Bridge_Opening_Msg_14   0x007cc0    program     extern C:\Documents and Settings\siebwalde\Bureaublad\Siebwalde-Source\trunk\Fiddle Yard\Var_Out.c
     Bridge_Opening_Msg_2   0x007b34    program     extern C:\Documents and Settings\siebwalde\Bureaublad\Siebwalde-Source\trunk\Fiddle Yard\Var_Out.c
     Bridge_Opening_Msg_3   0x007b76    program     extern C:\Documents and Settings\siebwalde\Bureaublad\Siebwalde-Source\trunk\Fiddle Yard\Var_Out.c
     Bridge_Opening_Msg_4   0x007bb8    program     extern C:\Documents and Settings\siebwalde\Bureaublad\Siebwalde-Source\trunk\Fiddle Yard\Var_Out.c
                    CL_10   0x00e1da    program     extern C:\Documents and Settings\siebwalde\Bureaublad\Siebwalde-Source\trunk\Fiddle Yard\Shift_Register.c
              CL_10_Heart   0x00e206    program     extern C:\Documents and Settings\siebwalde\Bureaublad\Siebwalde-Source\trunk\Fiddle Yard\Shift_Register.c
  CL_10_Heart_Sensor_Send   0x007798    program     extern C:\Documents and Settings\siebwalde\Bureaublad\Siebwalde-Source\trunk\Fiddle Yard\Var_Out.c
     CalcIPBufferChecksum   0x00cadc    program     extern C:\Documents and Settings\siebwalde\Bureaublad\Siebwalde-Source\trunk\Fiddle Yard\Microchip\TCPIP Stack\ETH97J60.c
           CalcIPChecksum   0x00a400    program     extern C:\Documents and Settings\siebwalde\Bureaublad\Siebwalde-Source\trunk\Fiddle Yard\Microchip\TCPIP Stack\Helpers.c
            Calc_Track_Nr   0x00dfa2    program     static C:\Documents and Settings\siebwalde\Bureaublad\Siebwalde-Source\trunk\Fiddle Yard\Shift_Register.c
                CloseI2C2   0x012d3a    program     extern C:\Documents and Settings\siebwalde\Bureaublad\Siebwalde-Source\trunk\Fiddle Yard\I2c2\i2c2clos.c
 Collect_Finished_Fy_Full   0x007a2c    program     extern C:\Documents and Settings\siebwalde\Bureaublad\Siebwalde-Source\trunk\Fiddle Yard\Var_Out.c
              Collect_Off   0x007ab0    program     extern C:\Documents and Settings\siebwalde\Bureaublad\Siebwalde-Source\trunk\Fiddle Yard\Var_Out.c
               Collect_On   0x007a6e    program     extern C:\Documents and Settings\siebwalde\Bureaublad\Siebwalde-Source\trunk\Fiddle Yard\Var_Out.c
                  Command   0x00f674    program     extern C:\Documents and Settings\siebwalde\Bureaublad\Siebwalde-Source\trunk\Fiddle Yard\Command_Machine.c
              Command_Exe   0x00f79e    program     static C:\Documents and Settings\siebwalde\Bureaublad\Siebwalde-Source\trunk\Fiddle Yard\Command_Machine.c
                    D1K_1   0x012cd6    program     static C:\MCC18\src\traditional\delays\d1ktcyx.asm
                     D1Kx   0x012cd4    program     static C:\MCC18\src\traditional\delays\d1ktcyx.asm
              DHCPDisable   0x00d1c4    program     extern C:\Documents and Settings\siebwalde\Bureaublad\Siebwalde-Source\trunk\Fiddle Yard\Microchip\TCPIP Stack\DHCP.c
               DHCPEnable   0x00d1ec    program     extern C:\Documents and Settings\siebwalde\Bureaublad\Siebwalde-Source\trunk\Fiddle Yard\Microchip\TCPIP Stack\DHCP.c
                 DHCPInit   0x00d176    program     extern C:\Documents and Settings\siebwalde\Bureaublad\Siebwalde-Source\trunk\Fiddle Yard\Microchip\TCPIP Stack\DHCP.c
              DHCPIsBound   0x00d226    program     extern C:\Documents and Settings\siebwalde\Bureaublad\Siebwalde-Source\trunk\Fiddle Yard\Microchip\TCPIP Stack\DHCP.c
            DHCPIsEnabled   0x00d208    program     extern C:\Documents and Settings\siebwalde\Bureaublad\Siebwalde-Source\trunk\Fiddle Yard\Microchip\TCPIP Stack\DHCP.c
     DHCPIsServerDetected   0x00d25e    program     extern C:\Documents and Settings\siebwalde\Bureaublad\Siebwalde-Source\trunk\Fiddle Yard\Microchip\TCPIP Stack\DHCP.c
         DHCPStateChanged   0x00d23e    program     extern C:\Documents and Settings\siebwalde\Bureaublad\Siebwalde-Source\trunk\Fiddle Yard\Microchip\TCPIP Stack\DHCP.c
                 DHCPTask   0x00d27a    program     extern C:\Documents and Settings\siebwalde\Bureaublad\Siebwalde-Source\trunk\Fiddle Yard\Microchip\TCPIP Stack\DHCP.c
              DataRdyI2C2   0x012d16    program     extern C:\Documents and Settings\siebwalde\Bureaublad\Siebwalde-Source\trunk\Fiddle Yard\I2c2\i2c2dtrd.c
              Delay1KTCYx   0x012cca    program     extern C:\MCC18\src\traditional\delays\d1ktcyx.asm
               Diagnostic   0x00e726    program     extern C:\Documents and Settings\siebwalde\Bureaublad\Siebwalde-Source\trunk\Fiddle Yard\Diagnostic_ret.c
            DiscoveryTask   0x011e4e    program     extern C:\Documents and Settings\siebwalde\Bureaublad\Siebwalde-Source\trunk\Fiddle Yard\Microchip\TCPIP Stack\Announce.c
     Drive_Train_IO_Reset   0x007dc8    program     extern C:\Documents and Settings\siebwalde\Bureaublad\Siebwalde-Source\trunk\Fiddle Yard\Drive_Train_IO.c
                   EOS_10   0x00e29c    program     extern C:\Documents and Settings\siebwalde\Bureaublad\Siebwalde-Source\trunk\Fiddle Yard\Shift_Register.c
                   EOS_11   0x00e2ce    program     extern C:\Documents and Settings\siebwalde\Bureaublad\Siebwalde-Source\trunk\Fiddle Yard\Shift_Register.c
        ERROR_Code_Report   0x00b52a    program     extern C:\Documents and Settings\siebwalde\Bureaublad\Siebwalde-Source\trunk\Fiddle Yard\State_Machine.c
             Enable_Track   0x00e622    program     extern C:\Documents and Settings\siebwalde\Bureaublad\Siebwalde-Source\trunk\Fiddle Yard\Shift_Register.c
      Enable_Track_Status   0x00e4f4    program     extern C:\Documents and Settings\siebwalde\Bureaublad\Siebwalde-Source\trunk\Fiddle Yard\Shift_Register.c
     EndOffStroke_10_Send   0x0079a8    program     extern C:\Documents and Settings\siebwalde\Bureaublad\Siebwalde-Source\trunk\Fiddle Yard\Var_Out.c
     EndOffStroke_11_Send   0x007924    program     extern C:\Documents and Settings\siebwalde\Bureaublad\Siebwalde-Source\trunk\Fiddle Yard\Var_Out.c
                 Exe_Cmd_   0x00f608    program     extern C:\Documents and Settings\siebwalde\Bureaublad\Siebwalde-Source\trunk\Fiddle Yard\Command_Machine.c
           Exe_Cmd_Resume   0x00f650    program     extern C:\Documents and Settings\siebwalde\Bureaublad\Siebwalde-Source\trunk\Fiddle Yard\Command_Machine.c
              Exe_Cmd_Ret   0x00f62a    program     extern C:\Documents and Settings\siebwalde\Bureaublad\Siebwalde-Source\trunk\Fiddle Yard\Command_Machine.c
                      F10   0x00e364    program     extern C:\Documents and Settings\siebwalde\Bureaublad\Siebwalde-Source\trunk\Fiddle Yard\Shift_Register.c
                      F11   0x00e26a    program     extern C:\Documents and Settings\siebwalde\Bureaublad\Siebwalde-Source\trunk\Fiddle Yard\Shift_Register.c
                      F12   0x00e396    program     extern C:\Documents and Settings\siebwalde\Bureaublad\Siebwalde-Source\trunk\Fiddle Yard\Shift_Register.c
                      F13   0x00e332    program     extern C:\Documents and Settings\siebwalde\Bureaublad\Siebwalde-Source\trunk\Fiddle Yard\Shift_Register.c
                 FXD1616U   0x012bfc    program     extern C:\MCC18\src\traditional\math\fxd1616u.c
                 FXD3232U   0x012b78    program     extern C:\MCC18\src\traditional\math\fxd3232u.c
                 FXM1616U   0x012bc0    program     extern C:\MCC18\src\traditional\math\fxm1616u.asm
        Fiddle_Init_Reset   0x011714    program     extern C:\Documents and Settings\siebwalde\Bureaublad\Siebwalde-Source\trunk\Fiddle Yard\Fiddle_Init.c
   Fiddle_Move_Ctrl_Reset   0x000158    program     extern C:\Documents and Settings\siebwalde\Bureaublad\Siebwalde-Source\trunk\Fiddle Yard\Fiddle_Move_Ctrl.c
     Fiddle_Multiple_Left   0x0033dc    program     extern C:\Documents and Settings\siebwalde\Bureaublad\Siebwalde-Source\trunk\Fiddle Yard\Fiddle_Move_Ctrl.c
  Fiddle_Multiple_Left_Ok   0x007270    program     extern C:\Documents and Settings\siebwalde\Bureaublad\Siebwalde-Source\trunk\Fiddle Yard\Var_Out.c
    Fiddle_Multiple_Right   0x0005aa    program     extern C:\Documents and Settings\siebwalde\Bureaublad\Siebwalde-Source\trunk\Fiddle Yard\Fiddle_Move_Ctrl.c
 Fiddle_Multiple_Right_Ok   0x0072b2    program     extern C:\Documents and Settings\siebwalde\Bureaublad\Siebwalde-Source\trunk\Fiddle Yard\Var_Out.c
          Fiddle_One_Left   0x004a5c    program     extern C:\Documents and Settings\siebwalde\Bureaublad\Siebwalde-Source\trunk\Fiddle Yard\Fiddle_Move_Ctrl.c
       Fiddle_One_Left_Ok   0x0071ec    program     extern C:\Documents and Settings\siebwalde\Bureaublad\Siebwalde-Source\trunk\Fiddle Yard\Var_Out.c
         Fiddle_One_Right   0x001c9c    program     extern C:\Documents and Settings\siebwalde\Bureaublad\Siebwalde-Source\trunk\Fiddle Yard\Fiddle_Move_Ctrl.c
      Fiddle_One_Right_Ok   0x00722e    program     extern C:\Documents and Settings\siebwalde\Bureaublad\Siebwalde-Source\trunk\Fiddle Yard\Var_Out.c
         Fiddle_Yard_Full   0x008200    program     extern C:\Documents and Settings\siebwalde\Bureaublad\Siebwalde-Source\trunk\Fiddle Yard\Drive_Train_IO.c
        Fiddle_Yard_Reset   0x007690    program     extern C:\Documents and Settings\siebwalde\Bureaublad\Siebwalde-Source\trunk\Fiddle Yard\Var_Out.c
   Fiddle_Yard_Soft_Start   0x00760c    program     extern C:\Documents and Settings\siebwalde\Bureaublad\Siebwalde-Source\trunk\Fiddle Yard\Var_Out.c
      Fiddle_Yard_Stopped   0x00764e    program     extern C:\Documents and Settings\siebwalde\Bureaublad\Siebwalde-Source\trunk\Fiddle Yard\Var_Out.c
       FindMatchingSocket   0x00c1ea    program     static C:\Documents and Settings\siebwalde\Bureaublad\Siebwalde-Source\trunk\Fiddle Yard\Microchip\TCPIP Stack\UDP.c
        FormatNetBIOSName   0x00a5ea    program     extern C:\Documents and Settings\siebwalde\Bureaublad\Siebwalde-Source\trunk\Fiddle Yard\Microchip\TCPIP Stack\Helpers.c
                     GREG   0x012d06    program     extern C:\Documents and Settings\siebwalde\Bureaublad\Siebwalde-Source\trunk\Fiddle Yard\IO_Expander.c
      GenerateRandomDWORD   0x00989e    program     extern C:\Documents and Settings\siebwalde\Bureaublad\Siebwalde-Source\trunk\Fiddle Yard\Microchip\TCPIP Stack\Helpers.c
              GetTickCopy   0x012562    program     static C:\Documents and Settings\siebwalde\Bureaublad\Siebwalde-Source\trunk\Fiddle Yard\Microchip\TCPIP Stack\Tick.c
              ICMPProcess   0x01240c    program     extern C:\Documents and Settings\siebwalde\Bureaublad\Siebwalde-Source\trunk\Fiddle Yard\Microchip\TCPIP Stack\ICMP.c
                       IO   0x00ddde    program     extern C:\Documents and Settings\siebwalde\Bureaublad\Siebwalde-Source\trunk\Fiddle Yard\Shift_Register.c
               IOExpander   0x00fc70    program     extern C:\Documents and Settings\siebwalde\Bureaublad\Siebwalde-Source\trunk\Fiddle Yard\IO_Expander.c
        IOExpander_Update   0x00fc5a    program     extern C:\Documents and Settings\siebwalde\Bureaublad\Siebwalde-Source\trunk\Fiddle Yard\IO_Expander.c
              IPGetHeader   0x01131a    program     extern C:\Documents and Settings\siebwalde\Bureaublad\Siebwalde-Source\trunk\Fiddle Yard\Microchip\TCPIP Stack\IP.c
              IPPutHeader   0x01148e    program     extern C:\Documents and Settings\siebwalde\Bureaublad\Siebwalde-Source\trunk\Fiddle Yard\Microchip\TCPIP Stack\IP.c
            IPSetRxBuffer   0x0115f2    program     extern C:\Documents and Settings\siebwalde\Bureaublad\Siebwalde-Source\trunk\Fiddle Yard\Microchip\TCPIP Stack\IP.c
                 IdleI2C2   0x012ca6    program     extern C:\Documents and Settings\siebwalde\Bureaublad\Siebwalde-Source\trunk\Fiddle Yard\I2c2\i2c2idle.c
            InitAppConfig   0x011c78    program     static C:\Documents and Settings\siebwalde\Bureaublad\Siebwalde-Source\trunk\Fiddle Yard\Fiddle Yard.c
                  Init_Ad   0x011c50    program     static C:\Documents and Settings\siebwalde\Bureaublad\Siebwalde-Source\trunk\Fiddle Yard\Fiddle Yard.c
                Init_Done   0x0073fc    program     extern C:\Documents and Settings\siebwalde\Bureaublad\Siebwalde-Source\trunk\Fiddle Yard\Var_Out.c
         Init_Fiddle_Yard   0x011734    program     extern C:\Documents and Settings\siebwalde\Bureaublad\Siebwalde-Source\trunk\Fiddle Yard\Fiddle_Init.c
          Init_IOExpander   0x01002a    program     extern C:\Documents and Settings\siebwalde\Bureaublad\Siebwalde-Source\trunk\Fiddle Yard\IO_Expander.c
                 Init_Pwm   0x011c5a    program     static C:\Documents and Settings\siebwalde\Bureaublad\Siebwalde-Source\trunk\Fiddle Yard\Fiddle Yard.c
             Init_Started   0x0074c2    program     extern C:\Documents and Settings\siebwalde\Bureaublad\Siebwalde-Source\trunk\Fiddle Yard\Var_Out.c
              Init_Timers   0x011c20    program     static C:\Documents and Settings\siebwalde\Bureaublad\Siebwalde-Source\trunk\Fiddle Yard\Fiddle Yard.c
                 LFSRRand   0x00980a    program     extern C:\Documents and Settings\siebwalde\Bureaublad\Siebwalde-Source\trunk\Fiddle Yard\Microchip\TCPIP Stack\Helpers.c
             LFSRSeedRand   0x009752    program     extern C:\Documents and Settings\siebwalde\Bureaublad\Siebwalde-Source\trunk\Fiddle Yard\Microchip\TCPIP Stack\Helpers.c
       Laatste_Spoor_Send   0x007966    program     extern C:\Documents and Settings\siebwalde\Bureaublad\Siebwalde-Source\trunk\Fiddle Yard\Var_Out.c
                      M10   0x00e5ee    program     extern C:\Documents and Settings\siebwalde\Bureaublad\Siebwalde-Source\trunk\Fiddle Yard\Shift_Register.c
               M10_Status   0x00e4c2    program     extern C:\Documents and Settings\siebwalde\Bureaublad\Siebwalde-Source\trunk\Fiddle Yard\Shift_Register.c
        MACCalcRxChecksum   0x00ca1a    program     extern C:\Documents and Settings\siebwalde\Bureaublad\Siebwalde-Source\trunk\Fiddle Yard\Microchip\TCPIP Stack\ETH97J60.c
             MACDiscardRx   0x00c53c    program     extern C:\Documents and Settings\siebwalde\Bureaublad\Siebwalde-Source\trunk\Fiddle Yard\Microchip\TCPIP Stack\ETH97J60.c
                 MACFlush   0x00c8d8    program     extern C:\Documents and Settings\siebwalde\Bureaublad\Siebwalde-Source\trunk\Fiddle Yard\Microchip\TCPIP Stack\ETH97J60.c
                   MACGet   0x00cf5e    program     extern C:\Documents and Settings\siebwalde\Bureaublad\Siebwalde-Source\trunk\Fiddle Yard\Microchip\TCPIP Stack\ETH97J60.c
              MACGetArray   0x00cf64    program     extern C:\Documents and Settings\siebwalde\Bureaublad\Siebwalde-Source\trunk\Fiddle Yard\Microchip\TCPIP Stack\ETH97J60.c
         MACGetFreeRxSize   0x00c5cc    program     extern C:\Documents and Settings\siebwalde\Bureaublad\Siebwalde-Source\trunk\Fiddle Yard\Microchip\TCPIP Stack\ETH97J60.c
             MACGetHeader   0x00c6c4    program     extern C:\Documents and Settings\siebwalde\Bureaublad\Siebwalde-Source\trunk\Fiddle Yard\Microchip\TCPIP Stack\ETH97J60.c
                  MACInit   0x00c3d6    program     extern C:\Documents and Settings\siebwalde\Bureaublad\Siebwalde-Source\trunk\Fiddle Yard\Microchip\TCPIP Stack\ETH97J60.c
              MACIsLinked   0x00c4e2    program     extern C:\Documents and Settings\siebwalde\Bureaublad\Siebwalde-Source\trunk\Fiddle Yard\Microchip\TCPIP Stack\ETH97J60.c
         MACIsMemCopyDone   0x00cf50    program     extern C:\Documents and Settings\siebwalde\Bureaublad\Siebwalde-Source\trunk\Fiddle Yard\Microchip\TCPIP Stack\ETH97J60.c
             MACIsTxReady   0x00c502    program     extern C:\Documents and Settings\siebwalde\Bureaublad\Siebwalde-Source\trunk\Fiddle Yard\Microchip\TCPIP Stack\ETH97J60.c
          MACMemCopyAsync   0x00cce0    program     extern C:\Documents and Settings\siebwalde\Bureaublad\Siebwalde-Source\trunk\Fiddle Yard\Microchip\TCPIP Stack\ETH97J60.c
             MACPowerDown   0x00d156    program     extern C:\Documents and Settings\siebwalde\Bureaublad\Siebwalde-Source\trunk\Fiddle Yard\Microchip\TCPIP Stack\ETH97J60.c
               MACPowerUp   0x00d168    program     extern C:\Documents and Settings\siebwalde\Bureaublad\Siebwalde-Source\trunk\Fiddle Yard\Microchip\TCPIP Stack\ETH97J60.c
                   MACPut   0x00d004    program     extern C:\Documents and Settings\siebwalde\Bureaublad\Siebwalde-Source\trunk\Fiddle Yard\Microchip\TCPIP Stack\ETH97J60.c
              MACPutArray   0x00d01e    program     extern C:\Documents and Settings\siebwalde\Bureaublad\Siebwalde-Source\trunk\Fiddle Yard\Microchip\TCPIP Stack\ETH97J60.c
             MACPutHeader   0x00c850    program     extern C:\Documents and Settings\siebwalde\Bureaublad\Siebwalde-Source\trunk\Fiddle Yard\Microchip\TCPIP Stack\ETH97J60.c
           MACPutROMArray   0x00d062    program     extern C:\Documents and Settings\siebwalde\Bureaublad\Siebwalde-Source\trunk\Fiddle Yard\Microchip\TCPIP Stack\ETH97J60.c
            MACSetReadPtr   0x00c9d4    program     extern C:\Documents and Settings\siebwalde\Bureaublad\Siebwalde-Source\trunk\Fiddle Yard\Microchip\TCPIP Stack\ETH97J60.c
        MACSetReadPtrInRx   0x00c90e    program     extern C:\Documents and Settings\siebwalde\Bureaublad\Siebwalde-Source\trunk\Fiddle Yard\Microchip\TCPIP Stack\ETH97J60.c
           MACSetWritePtr   0x00c98e    program     extern C:\Documents and Settings\siebwalde\Bureaublad\Siebwalde-Source\trunk\Fiddle Yard\Microchip\TCPIP Stack\ETH97J60.c
              NBNSGetName   0x010700    program     static C:\Documents and Settings\siebwalde\Bureaublad\Siebwalde-Source\trunk\Fiddle Yard\Microchip\TCPIP Stack\NBNS.c
              NBNSPutName   0x01068c    program     static C:\Documents and Settings\siebwalde\Bureaublad\Siebwalde-Source\trunk\Fiddle Yard\Microchip\TCPIP Stack\NBNS.c
                 NBNSTask   0x010252    program     extern C:\Documents and Settings\siebwalde\Bureaublad\Siebwalde-Source\trunk\Fiddle Yard\Microchip\TCPIP Stack\NBNS.c
               NotAckI2C2   0x012d26    program     extern C:\Documents and Settings\siebwalde\Bureaublad\Siebwalde-Source\trunk\Fiddle Yard\I2c2\i2c2nack.c
    Old_Track2_When_Error   0x010e58    program     extern C:\Documents and Settings\siebwalde\Bureaublad\Siebwalde-Source\trunk\Fiddle Yard\Track_Move_Ctrl.c
Old_Track2_When_Error_Ret   0x010e8c    program     extern C:\Documents and Settings\siebwalde\Bureaublad\Siebwalde-Source\trunk\Fiddle Yard\Track_Move_Ctrl.c
                 OpenI2C2   0x012c54    program     extern C:\Documents and Settings\siebwalde\Bureaublad\Siebwalde-Source\trunk\Fiddle Yard\I2c2\i2c2open.c
               PWM_Update   0x00051a    program     extern C:\Documents and Settings\siebwalde\Bureaublad\Siebwalde-Source\trunk\Fiddle Yard\Fiddle_Move_Ctrl.c
                Pwm_Brake   0x000562    program     extern C:\Documents and Settings\siebwalde\Bureaublad\Siebwalde-Source\trunk\Fiddle Yard\Fiddle_Move_Ctrl.c
     ROMStringToIPAddress   0x009d1a    program     extern C:\Documents and Settings\siebwalde\Bureaublad\Siebwalde-Source\trunk\Fiddle Yard\Microchip\TCPIP Stack\Helpers.c
                 ReadI2C2   0x012a5a    program     extern C:\Documents and Settings\siebwalde\Bureaublad\Siebwalde-Source\trunk\Fiddle Yard\I2c2\i2c2read.c
               ReadPHYReg   0x00d0b8    program     extern C:\Documents and Settings\siebwalde\Bureaublad\Siebwalde-Source\trunk\Fiddle Yard\Microchip\TCPIP Stack\ETH97J60.c
                 ResetPic   0x00fc58    program     extern C:\Documents and Settings\siebwalde\Bureaublad\Siebwalde-Source\trunk\Fiddle Yard\Command_Machine.c
              RestartI2C2   0x012d36    program     extern C:\Documents and Settings\siebwalde\Bureaublad\Siebwalde-Source\trunk\Fiddle Yard\I2c2\i2c2rstr.c
                   SPARE2   0x00e238    program     extern C:\Documents and Settings\siebwalde\Bureaublad\Siebwalde-Source\trunk\Fiddle Yard\Shift_Register.c
                   SPARE3   0x00e300    program     extern C:\Documents and Settings\siebwalde\Bureaublad\Siebwalde-Source\trunk\Fiddle Yard\Shift_Register.c
           Send_Diag_Comm   0x00eac6    program     extern C:\Documents and Settings\siebwalde\Bureaublad\Siebwalde-Source\trunk\Fiddle Yard\Diagnostic_ret.c
          Sensor_F12_Send   0x007714    program     extern C:\Documents and Settings\siebwalde\Bureaublad\Siebwalde-Source\trunk\Fiddle Yard\Var_Out.c
Sent_Track_Power_Meassage   0x007d86    program     extern C:\Documents and Settings\siebwalde\Bureaublad\Siebwalde-Source\trunk\Fiddle Yard\Var_Out.c
     SerializedMACAddress   0x00000e    program     static C:\Documents and Settings\siebwalde\Bureaublad\Siebwalde-Source\trunk\Fiddle Yard\Fiddle Yard.c
                SetDCPWM1   0x012b1a    program     extern C:\MCC18\src\pmc_common\PWM\pw1setdc.c
                SetDCPWM3   0x012abc    program     extern C:\MCC18\src\pmc_common\PWM\pw3setdc.c
        StackApplications   0x012252    program     extern C:\Documents and Settings\siebwalde\Bureaublad\Siebwalde-Source\trunk\Fiddle Yard\Microchip\TCPIP Stack\StackTsk.c
                StackInit   0x011fe6    program     extern C:\Documents and Settings\siebwalde\Bureaublad\Siebwalde-Source\trunk\Fiddle Yard\Microchip\TCPIP Stack\StackTsk.c
                StackTask   0x012042    program     extern C:\Documents and Settings\siebwalde\Bureaublad\Siebwalde-Source\trunk\Fiddle Yard\Microchip\TCPIP Stack\StackTsk.c
                StartI2C2   0x000014    program     extern C:\Documents and Settings\siebwalde\Bureaublad\Siebwalde-Source\trunk\Fiddle Yard\I2c2\i2c2strt.c
     State_Machine_Update   0x00a6f4    program     extern C:\Documents and Settings\siebwalde\Bureaublad\Siebwalde-Source\trunk\Fiddle Yard\State_Machine.c
                 StopI2C2   0x012d32    program     extern C:\Documents and Settings\siebwalde\Bureaublad\Siebwalde-Source\trunk\Fiddle Yard\I2c2\i2c2stop.c
        StringToIPAddress   0x009ac6    program     extern C:\Documents and Settings\siebwalde\Bureaublad\Siebwalde-Source\trunk\Fiddle Yard\Microchip\TCPIP Stack\Helpers.c
            SwapARPPacket   0x010cfe    program     extern C:\Documents and Settings\siebwalde\Bureaublad\Siebwalde-Source\trunk\Fiddle Yard\Microchip\TCPIP Stack\ARP.c
             SwapIPHeader   0x01162c    program     static C:\Documents and Settings\siebwalde\Bureaublad\Siebwalde-Source\trunk\Fiddle Yard\Microchip\TCPIP Stack\IP.c
                  TR_MEAS   0x00e1b0    program     extern C:\Documents and Settings\siebwalde\Bureaublad\Siebwalde-Source\trunk\Fiddle Yard\Shift_Register.c
             Target_Ready   0x007d44    program     extern C:\Documents and Settings\siebwalde\Bureaublad\Siebwalde-Source\trunk\Fiddle Yard\Var_Out.c
TickConvertToMilliseconds   0x01263a    program     extern C:\Documents and Settings\siebwalde\Bureaublad\Siebwalde-Source\trunk\Fiddle Yard\Microchip\TCPIP Stack\Tick.c
                  TickGet   0x012588    program     extern C:\Documents and Settings\siebwalde\Bureaublad\Siebwalde-Source\trunk\Fiddle Yard\Microchip\TCPIP Stack\Tick.c
            TickGetDiv256   0x01259e    program     extern C:\Documents and Settings\siebwalde\Bureaublad\Siebwalde-Source\trunk\Fiddle Yard\Microchip\TCPIP Stack\Tick.c
            TickGetDiv64K   0x0125ec    program     extern C:\Documents and Settings\siebwalde\Bureaublad\Siebwalde-Source\trunk\Fiddle Yard\Microchip\TCPIP Stack\Tick.c
                 TickInit   0x012552    program     extern C:\Documents and Settings\siebwalde\Bureaublad\Siebwalde-Source\trunk\Fiddle Yard\Microchip\TCPIP Stack\Tick.c
               TickUpdate   0x01267e    program     extern C:\Documents and Settings\siebwalde\Bureaublad\Siebwalde-Source\trunk\Fiddle Yard\Microchip\TCPIP Stack\Tick.c
    Track_Move_Ctrl_Reset   0x010dd6    program     extern C:\Documents and Settings\siebwalde\Bureaublad\Siebwalde-Source\trunk\Fiddle Yard\Track_Move_Ctrl.c
              Track_Mover   0x010ebe    program     extern C:\Documents and Settings\siebwalde\Bureaublad\Siebwalde-Source\trunk\Fiddle Yard\Track_Move_Ctrl.c
                 Track_Nr   0x00e490    program     extern C:\Documents and Settings\siebwalde\Bureaublad\Siebwalde-Source\trunk\Fiddle Yard\Shift_Register.c
          Train_Detection   0x00f17e    program     extern C:\Documents and Settings\siebwalde\Bureaublad\Siebwalde-Source\trunk\Fiddle Yard\Train_Detection.c
 Train_Detection_Finished   0x0072f4    program     extern C:\Documents and Settings\siebwalde\Bureaublad\Siebwalde-Source\trunk\Fiddle Yard\Var_Out.c
    Train_Detection_Reset   0x00ef62    program     extern C:\Documents and Settings\siebwalde\Bureaublad\Siebwalde-Source\trunk\Fiddle Yard\Train_Detection.c
           Train_Drive_In   0x008802    program     extern C:\Documents and Settings\siebwalde\Bureaublad\Siebwalde-Source\trunk\Fiddle Yard\Drive_Train_IO.c
Train_Drive_In_Failed_F12   0x0073ba    program     extern C:\Documents and Settings\siebwalde\Bureaublad\Siebwalde-Source\trunk\Fiddle Yard\Var_Out.c
  Train_Drive_In_Finished   0x007378    program     extern C:\Documents and Settings\siebwalde\Bureaublad\Siebwalde-Source\trunk\Fiddle Yard\Var_Out.c
     Train_Drive_In_Start   0x007546    program     extern C:\Documents and Settings\siebwalde\Bureaublad\Siebwalde-Source\trunk\Fiddle Yard\Var_Out.c
          Train_Drive_Out   0x00921a    program     extern C:\Documents and Settings\siebwalde\Bureaublad\Siebwalde-Source\trunk\Fiddle Yard\Drive_Train_IO.c
Train_Drive_Out_Cancelled   0x007d02    program     extern C:\Documents and Settings\siebwalde\Bureaublad\Siebwalde-Source\trunk\Fiddle Yard\Var_Out.c
 Train_Drive_Out_Finished   0x007336    program     extern C:\Documents and Settings\siebwalde\Bureaublad\Siebwalde-Source\trunk\Fiddle Yard\Var_Out.c
    Train_Drive_Out_Start   0x0075ca    program     extern C:\Documents and Settings\siebwalde\Bureaublad\Siebwalde-Source\trunk\Fiddle Yard\Var_Out.c
Train_In_Track_Out_Count_Repeater_Ret   0x0080b0    program     extern C:\Documents and Settings\siebwalde\Bureaublad\Siebwalde-Source\trunk\Fiddle Yard\Drive_Train_IO.c
Train_In_Track_Out_Count_Set   0x0080f0    program     extern C:\Documents and Settings\siebwalde\Bureaublad\Siebwalde-Source\trunk\Fiddle Yard\Drive_Train_IO.c
    Train_In_Track_actual   0x00812a    program     extern C:\Documents and Settings\siebwalde\Bureaublad\Siebwalde-Source\trunk\Fiddle Yard\Drive_Train_IO.c
              Train_On_5B   0x007504    program     extern C:\Documents and Settings\siebwalde\Bureaublad\Siebwalde-Source\trunk\Fiddle Yard\Var_Out.c
              Train_On_8A   0x007588    program     extern C:\Documents and Settings\siebwalde\Bureaublad\Siebwalde-Source\trunk\Fiddle Yard\Var_Out.c
    Trains_On_Fiddle_Yard   0x0081c0    program     extern C:\Documents and Settings\siebwalde\Bureaublad\Siebwalde-Source\trunk\Fiddle Yard\Drive_Train_IO.c
                 UDPClose   0x00b7fc    program     extern C:\Documents and Settings\siebwalde\Bureaublad\Siebwalde-Source\trunk\Fiddle Yard\Microchip\TCPIP Stack\UDP.c
               UDPDiscard   0x00bfa0    program     extern C:\Documents and Settings\siebwalde\Bureaublad\Siebwalde-Source\trunk\Fiddle Yard\Microchip\TCPIP Stack\UDP.c
                 UDPFlush   0x00bcd8    program     extern C:\Documents and Settings\siebwalde\Bureaublad\Siebwalde-Source\trunk\Fiddle Yard\Microchip\TCPIP Stack\UDP.c
                   UDPGet   0x00be76    program     extern C:\Documents and Settings\siebwalde\Bureaublad\Siebwalde-Source\trunk\Fiddle Yard\Microchip\TCPIP Stack\UDP.c
              UDPGetArray   0x00bec2    program     extern C:\Documents and Settings\siebwalde\Bureaublad\Siebwalde-Source\trunk\Fiddle Yard\Microchip\TCPIP Stack\UDP.c
                  UDPInit   0x00b624    program     extern C:\Documents and Settings\siebwalde\Bureaublad\Siebwalde-Source\trunk\Fiddle Yard\Microchip\TCPIP Stack\UDP.c
            UDPIsGetReady   0x00be26    program     extern C:\Documents and Settings\siebwalde\Bureaublad\Siebwalde-Source\trunk\Fiddle Yard\Microchip\TCPIP Stack\UDP.c
            UDPIsPutReady   0x00b910    program     extern C:\Documents and Settings\siebwalde\Bureaublad\Siebwalde-Source\trunk\Fiddle Yard\Microchip\TCPIP Stack\UDP.c
                  UDPOpen   0x00b656    program     extern C:\Documents and Settings\siebwalde\Bureaublad\Siebwalde-Source\trunk\Fiddle Yard\Microchip\TCPIP Stack\UDP.c
               UDPProcess   0x00bfba    program     extern C:\Documents and Settings\siebwalde\Bureaublad\Siebwalde-Source\trunk\Fiddle Yard\Microchip\TCPIP Stack\UDP.c
                   UDPPut   0x00b990    program     extern C:\Documents and Settings\siebwalde\Bureaublad\Siebwalde-Source\trunk\Fiddle Yard\Microchip\TCPIP Stack\UDP.c
              UDPPutArray   0x00b9ec    program     extern C:\Documents and Settings\siebwalde\Bureaublad\Siebwalde-Source\trunk\Fiddle Yard\Microchip\TCPIP Stack\UDP.c
           UDPPutROMArray   0x00bad8    program     extern C:\Documents and Settings\siebwalde\Bureaublad\Siebwalde-Source\trunk\Fiddle Yard\Microchip\TCPIP Stack\UDP.c
          UDPPutROMString   0x00bc4a    program     extern C:\Documents and Settings\siebwalde\Bureaublad\Siebwalde-Source\trunk\Fiddle Yard\Microchip\TCPIP Stack\UDP.c
             UDPPutString   0x00bbca    program     extern C:\Documents and Settings\siebwalde\Bureaublad\Siebwalde-Source\trunk\Fiddle Yard\Microchip\TCPIP Stack\UDP.c
           UDPSetRxBuffer   0x00b8cc    program     extern C:\Documents and Settings\siebwalde\Bureaublad\Siebwalde-Source\trunk\Fiddle Yard\Microchip\TCPIP Stack\UDP.c
           UDPSetTxBuffer   0x00b85e    program     extern C:\Documents and Settings\siebwalde\Bureaublad\Siebwalde-Source\trunk\Fiddle Yard\Microchip\TCPIP Stack\UDP.c
                  UDPTask   0x00b650    program     extern C:\Documents and Settings\siebwalde\Bureaublad\Siebwalde-Source\trunk\Fiddle Yard\Microchip\TCPIP Stack\UDP.c
     Universal_Error_Send   0x0079ea    program     extern C:\Documents and Settings\siebwalde\Bureaublad\Siebwalde-Source\trunk\Fiddle Yard\Var_Out.c
         Var_Out_Programm   0x0061be    program     extern C:\Documents and Settings\siebwalde\Bureaublad\Siebwalde-Source\trunk\Fiddle Yard\Var_Out.c
         Var_Out_Switcher   0x00636c    program     extern C:\Documents and Settings\siebwalde\Bureaublad\Siebwalde-Source\trunk\Fiddle Yard\Var_Out.c
                WriteI2C2   0x0128da    program     extern C:\Documents and Settings\siebwalde\Bureaublad\Siebwalde-Source\trunk\Fiddle Yard\I2c2\i2c2writ.c
              WritePHYReg   0x00d112    program     extern C:\Documents and Settings\siebwalde\Bureaublad\Siebwalde-Source\trunk\Fiddle Yard\Microchip\TCPIP Stack\ETH97J60.c
              _2jContinue   0x012368    program     static C:\MCC18\src\traditional\stdclib\memset.asm
                   _2jEnd   0x0123cc    program     static C:\MCC18\src\traditional\stdclib\slenpgm.asm
              _3jContinue   0x012334    program     static C:\MCC18\src\traditional\stdclib\mcpyp2r.asm
                   _3jEnd   0x012372    program     static C:\MCC18\src\traditional\stdclib\memset.asm
              _4jContinue   0x0122e0    program     static C:\MCC18\src\traditional\stdclib\memcpy.asm
              _4jContinue   0x012286    program     static C:\MCC18\src\traditional\stdclib\memcmp.asm
                   _4jEnd   0x01233e    program     static C:\MCC18\src\traditional\stdclib\mcpyp2r.asm
                   _5jEnd   0x0122ea    program     static C:\MCC18\src\traditional\stdclib\memcpy.asm
                   _5jEnd   0x012290    program     static C:\MCC18\src\traditional\stdclib\memcmp.asm
        _D1KTCYXCODE_0010   0x012cda    program     static C:\MCC18\src\traditional\delays\d1ktcyx.asm
        _D1KTCYXCODE_0016   0x012ce0    program     static C:\MCC18\src\traditional\delays\d1ktcyx.asm
             _DHCPReceive   0x00d6ea    program     static C:\Documents and Settings\siebwalde\Bureaublad\Siebwalde-Source\trunk\Fiddle Yard\Microchip\TCPIP Stack\DHCP.c
                _DHCPSend   0x00db2e    program     static C:\Documents and Settings\siebwalde\Bureaublad\Siebwalde-Source\trunk\Fiddle Yard\Microchip\TCPIP Stack\DHCP.c
           ___do_lbl00002   0x012580    program     static                          
           ___do_lbl00003   0x012584    program     static                          
           ___do_lbl00004   0x012562    program     static                          
          ___for_lbl00100   0x00a5a6    program     static                          
          ___for_lbl00101   0x00a5ac    program     static                          
          ___for_lbl00102   0x00a588    program     static                          
          ___for_lbl00103   0x00a5c0    program     static                          
          ___for_lbl00104   0x00a5c4    program     static                          
          ___for_lbl00105   0x00a5ac    program     static                          
           ___if_lbl00014   0x0099b2    program     static                          
           ___if_lbl00015   0x0099d0    program     static                          
           ___if_lbl00016   0x009a62    program     static                          
           ___if_lbl00017   0x009a68    program     static                          
           ___if_lbl00020   0x00c6da    program     static                          
           ___if_lbl00021   0x00c6ea    program     static                          
           ___if_lbl00027   0x00c7b8    program     static                          
           ___if_lbl00030   0x00c830    program     static                          
       ___return_lbl00000   0x00c4d8    program     static                          
       ___return_lbl00000   0x012bbe    program     static                          
       ___return_lbl00000   0x012c26    program     static                          
       ___return_lbl00000   0x000004    program     static                          
       ___return_lbl00001   0x012586    program     static                          
       ___return_lbl00001   0x012d04    program     static                          
       ___return_lbl00002   0x012a58    program     static                          
       ___return_lbl00006   0x00000c    program     static                          
       ___return_lbl00008   0x00001c    program     static                          
       ___return_lbl00009   0x009ab2    program     static                          
       ___return_lbl00019   0x00c838    program     static                          
       ___return_lbl00079   0x00d016    program     static                          
       ___return_lbl00080   0x00d05a    program     static                          
       ___return_lbl00083   0x00d0b0    program     static                          
       ___return_lbl00086   0x00d0fe    program     static                          
       ___return_lbl00089   0x00d14c    program     static                          
       ___return_lbl00099   0x00a5d6    program     static                          
        ___while_lbl00001   0x00c3e8    program     static                          
        ___while_lbl00002   0x00c3ee    program     static                          
        ___while_lbl00010   0x00990c    program     static                          
        ___while_lbl00011   0x009a6a    program     static                          
        ___while_lbl00012   0x009914    program     static                          
        ___while_lbl00013   0x009918    program     static                          
        ___while_lbl00081   0x00d026    program     static                          
        ___while_lbl00082   0x00d05a    program     static                          
        ___while_lbl00084   0x00d06a    program     static                          
        ___while_lbl00085   0x00d0b0    program     static                          
        ___while_lbl00087   0x00d0d4    program     static                          
        ___while_lbl00088   0x00d0da    program     static                          
        ___while_lbl00090   0x00d146    program     static                          
        ___while_lbl00091   0x00d14c    program     static                          
               __config_0   0x01fff8    program     static C:\Documents and Settings\siebwalde\Bureaublad\Siebwalde-Source\trunk\Fiddle Yard\Fiddle Yard.c
               __config_1   0x01fff9    program     static C:\Documents and Settings\siebwalde\Bureaublad\Siebwalde-Source\trunk\Fiddle Yard\Fiddle Yard.c
               __config_2   0x01fffa    program     static C:\Documents and Settings\siebwalde\Bureaublad\Siebwalde-Source\trunk\Fiddle Yard\Fiddle Yard.c
               __config_3   0x01fffb    program     static C:\Documents and Settings\siebwalde\Bureaublad\Siebwalde-Source\trunk\Fiddle Yard\Fiddle Yard.c
               __config_4   0x01fffc    program     static C:\Documents and Settings\siebwalde\Bureaublad\Siebwalde-Source\trunk\Fiddle Yard\Fiddle Yard.c
               __config_5   0x01fffd    program     static C:\Documents and Settings\siebwalde\Bureaublad\Siebwalde-Source\trunk\Fiddle Yard\Fiddle Yard.c
                   __init   0x000006    program     extern C:\MCC18\src\traditional\stdclib\__init.c
               __string_0   0x012c9a    program     static C:\Documents and Settings\siebwalde\Bureaublad\Siebwalde-Source\trunk\Fiddle Yard\Fiddle Yard.c
               __string_0   0x012c7e    program     static C:\Documents and Settings\siebwalde\Bureaublad\Siebwalde-Source\trunk\Fiddle Yard\Microchip\TCPIP Stack\Announce.c
               __tmplbl_0   0x009976    program     static                          
               __tmplbl_1   0x00b516    program     static                          
              __tmplbl_10   0x00c754    program     static                          
              __tmplbl_10   0x00b2bc    program     static                          
             __tmplbl_105   0x00320a    program     static                          
             __tmplbl_106   0x00304e    program     static                          
             __tmplbl_107   0x002fae    program     static                          
             __tmplbl_108   0x002ece    program     static                          
             __tmplbl_109   0x00282e    program     static                          
              __tmplbl_11   0x00b21a    program     static                          
              __tmplbl_11   0x00c752    program     static                          
             __tmplbl_113   0x0033ce    program     static                          
             __tmplbl_114   0x0033ce    program     static                          
             __tmplbl_115   0x0033ce    program     static                          
             __tmplbl_116   0x0033ce    program     static                          
             __tmplbl_117   0x0033ce    program     static                          
             __tmplbl_118   0x0033ce    program     static                          
             __tmplbl_119   0x0033ce    program     static                          
              __tmplbl_12   0x00c81e    program     static                          
             __tmplbl_123   0x0033ce    program     static                          
             __tmplbl_124   0x0033ce    program     static                          
             __tmplbl_125   0x0033ce    program     static                          
              __tmplbl_13   0x00c810    program     static                          
             __tmplbl_131   0x0048d6    program     static                          
             __tmplbl_132   0x004718    program     static                          
             __tmplbl_133   0x004678    program     static                          
             __tmplbl_134   0x004598    program     static                          
             __tmplbl_135   0x003e98    program     static                          
             __tmplbl_139   0x004a4e    program     static                          
              __tmplbl_14   0x00c816    program     static                          
             __tmplbl_140   0x004a4e    program     static                          
             __tmplbl_141   0x004a4e    program     static                          
             __tmplbl_142   0x004a4e    program     static                          
             __tmplbl_143   0x004a4e    program     static                          
             __tmplbl_144   0x004a4e    program     static                          
             __tmplbl_145   0x004a4e    program     static                          
             __tmplbl_149   0x004a4e    program     static                          
              __tmplbl_15   0x006e6e    program     static                          
             __tmplbl_150   0x004a4e    program     static                          
             __tmplbl_156   0x005fea    program     static                          
             __tmplbl_157   0x005e1a    program     static                          
             __tmplbl_158   0x005d7a    program     static                          
             __tmplbl_159   0x005c88    program     static                          
             __tmplbl_160   0x0055e8    program     static                          
             __tmplbl_164   0x0061b0    program     static                          
             __tmplbl_165   0x0061b0    program     static                          
             __tmplbl_166   0x0061b0    program     static                          
             __tmplbl_167   0x0061b0    program     static                          
             __tmplbl_168   0x0061b0    program     static                          
             __tmplbl_169   0x0061b0    program     static                          
             __tmplbl_170   0x0061b0    program     static                          
             __tmplbl_171   0x0061b0    program     static                          
             __tmplbl_175   0x0061b0    program     static                          
             __tmplbl_176   0x0061b0    program     static                          
             __tmplbl_177   0x0061b0    program     static                          
              __tmplbl_19   0x007160    program     static                          
               __tmplbl_2   0x00b516    program     static                          
              __tmplbl_20   0x00920a    program     static                          
              __tmplbl_20   0x007160    program     static                          
              __tmplbl_21   0x0091c2    program     static                          
              __tmplbl_21   0x007160    program     static                          
              __tmplbl_22   0x0090f6    program     static                          
              __tmplbl_22   0x007160    program     static                          
              __tmplbl_23   0x0090a0    program     static                          
              __tmplbl_23   0x007160    program     static                          
              __tmplbl_23   0x00b514    program     static                          
              __tmplbl_24   0x00b514    program     static                          
              __tmplbl_25   0x00b514    program     static                          
              __tmplbl_26   0x00b514    program     static                          
              __tmplbl_27   0x00b514    program     static                          
              __tmplbl_28   0x00b514    program     static                          
              __tmplbl_29   0x00b514    program     static                          
               __tmplbl_3   0x00b4e6    program     static                          
              __tmplbl_30   0x00b514    program     static                          
              __tmplbl_32   0x00920c    program     static                          
              __tmplbl_33   0x00920c    program     static                          
               __tmplbl_4   0x00b4b6    program     static                          
               __tmplbl_5   0x00b488    program     static                          
               __tmplbl_5   0x00c7b6    program     static                          
               __tmplbl_6   0x00b458    program     static                          
               __tmplbl_6   0x00c7a2    program     static                          
               __tmplbl_7   0x00b42a    program     static                          
               __tmplbl_7   0x00c78c    program     static                          
               __tmplbl_8   0x00b3fa    program     static                          
               __tmplbl_8   0x00c778    program     static                          
              __tmplbl_80   0x001af6    program     static                          
              __tmplbl_81   0x001918    program     static                          
              __tmplbl_82   0x001878    program     static                          
              __tmplbl_83   0x001778    program     static                          
              __tmplbl_84   0x001058    program     static                          
              __tmplbl_88   0x001c8e    program     static                          
              __tmplbl_89   0x001c8e    program     static                          
               __tmplbl_9   0x00c762    program     static                          
               __tmplbl_9   0x00b3b8    program     static                          
              __tmplbl_90   0x001c8e    program     static                          
              __tmplbl_91   0x001c8e    program     static                          
              __tmplbl_92   0x001c8e    program     static                          
              __tmplbl_93   0x001c8e    program     static                          
              __tmplbl_94   0x001c8e    program     static                          
              __tmplbl_98   0x001c8e    program     static                          
              __tmplbl_99   0x001c8e    program     static                          
            __zero_memory   0x012c28    program     extern C:\MCC18\src\traditional\proc\p18F97J60.asm
                _do_cinit   0x0129bc    program     extern C:\MCC18\src\traditional\startup\c018i.c
                   _entry   0x000000    program     extern C:\MCC18\src\traditional\startup\c018i.c
                   _false   0x012bba    program     static                          
                 _startup   0x012cea    program     extern C:\MCC18\src\traditional\startup\c018i.c
             btohexa_high   0x00a186    program     extern C:\Documents and Settings\siebwalde\Bureaublad\Siebwalde-Source\trunk\Fiddle Yard\Microchip\TCPIP Stack\Helpers.c
              btohexa_low   0x00a1bc    program     extern C:\Documents and Settings\siebwalde\Bureaublad\Siebwalde-Source\trunk\Fiddle Yard\Microchip\TCPIP Stack\Helpers.c
                compare_l   0x012c4a    program     static C:\MCC18\src\traditional\proc\p18F97J60.asm
                copy_loop   0x012a2e    program     static                          
            copy_one_byte   0x012a34    program     static                          
                     done   0x012a58    program     static                          
             done_copying   0x012a42    program     static                          
                  endloop   0x012c22    program     static                          
                 getsI2C2   0x012692    program     extern C:\Documents and Settings\siebwalde\Bureaublad\Siebwalde-Source\trunk\Fiddle Yard\I2c2\i2c2gets.c
                  hexatob   0x00a0ca    program     extern C:\Documents and Settings\siebwalde\Bureaublad\Siebwalde-Source\trunk\Fiddle Yard\Microchip\TCPIP Stack\Helpers.c
                 high_isr   0x011b50    program     extern C:\Documents and Settings\siebwalde\Bureaublad\Siebwalde-Source\trunk\Fiddle Yard\Fiddle Yard.c
 interrupt_at_high_vector   0x000008    program     extern C:\Documents and Settings\siebwalde\Bureaublad\Siebwalde-Source\trunk\Fiddle Yard\Fiddle Yard.c
  interrupt_at_low_vector   0x000018    program     extern C:\Documents and Settings\siebwalde\Bureaublad\Siebwalde-Source\trunk\Fiddle Yard\Fiddle Yard.c
                     jEnd   0x012296    program     static C:\MCC18\src\traditional\stdclib\memcmp.asm
                     jEnd   0x0122f0    program     static C:\MCC18\src\traditional\stdclib\memcpy.asm
                     jEnd   0x012346    program     static C:\MCC18\src\traditional\stdclib\mcpyp2r.asm
                     jEnd   0x01237a    program     static C:\MCC18\src\traditional\stdclib\memset.asm
                     jEnd   0x012396    program     static C:\MCC18\src\traditional\stdclib\strlen.asm
                     jEnd   0x0123ce    program     static C:\MCC18\src\traditional\stdclib\slenpgm.asm
                     jEnd   0x01240a    program     static C:\MCC18\src\traditional\stdclib\strupr.asm
                    jLoop   0x01227a    program     static C:\MCC18\src\traditional\stdclib\memcmp.asm
                    jLoop   0x0123f6    program     static C:\MCC18\src\traditional\stdclib\strupr.asm
                    jLoop   0x0122d4    program     static C:\MCC18\src\traditional\stdclib\memcpy.asm
                    jLoop   0x0123b6    program     static C:\MCC18\src\traditional\stdclib\slenpgm.asm
                    jLoop   0x01235c    program     static C:\MCC18\src\traditional\stdclib\memset.asm
                    jLoop   0x012328    program     static C:\MCC18\src\traditional\stdclib\mcpyp2r.asm
                    jLoop   0x01238c    program     static C:\MCC18\src\traditional\stdclib\strlen.asm
                    jSkip   0x012406    program     static C:\MCC18\src\traditional\stdclib\strupr.asm
          leftRotateDWORD   0x00a55e    program     extern C:\Documents and Settings\siebwalde\Bureaublad\Siebwalde-Source\trunk\Fiddle Yard\Microchip\TCPIP Stack\Helpers.c
                     loop   0x012cfa    program     static                          
                     loop   0x012b86    program     static                          
                     loop   0x012c06    program     static                          
                   loop_h   0x012c42    program     static C:\MCC18\src\traditional\proc\p18F97J60.asm
                   loop_l   0x012c4c    program     static C:\MCC18\src\traditional\proc\p18F97J60.asm
                  low_isr   0x011b62    program     extern C:\Documents and Settings\siebwalde\Bureaublad\Siebwalde-Source\trunk\Fiddle Yard\Fiddle Yard.c
                     main   0x011a7c    program     extern C:\Documents and Settings\siebwalde\Bureaublad\Siebwalde-Source\trunk\Fiddle Yard\Fiddle Yard.c
                   memcmp   0x01225a    program     extern C:\MCC18\src\traditional\stdclib\memcmp.asm
                   memcpy   0x0122ac    program     extern C:\MCC18\src\traditional\stdclib\memcpy.asm
            memcpypgm2ram   0x012302    program     extern C:\MCC18\src\traditional\stdclib\mcpyp2r.asm
                   memset   0x012348    program     extern C:\MCC18\src\traditional\stdclib\memset.asm
                 putsI2C2   0x0127d0    program     extern C:\Documents and Settings\siebwalde\Bureaublad\Siebwalde-Source\trunk\Fiddle Yard\I2c2\i2c2puts.c
           stricmppgm2ram   0x00a1f0    program     extern C:\Documents and Settings\siebwalde\Bureaublad\Siebwalde-Source\trunk\Fiddle Yard\Microchip\TCPIP Stack\Helpers.c
                   strlen   0x01237c    program     extern C:\MCC18\src\traditional\stdclib\strlen.asm
                strlenpgm   0x012398    program     extern C:\MCC18\src\traditional\stdclib\slenpgm.asm
                  strnchr   0x00a67c    program     extern C:\Documents and Settings\siebwalde\Bureaublad\Siebwalde-Source\trunk\Fiddle Yard\Microchip\TCPIP Stack\Helpers.c
                   strupr   0x0123e2    program     extern C:\MCC18\src\traditional\stdclib\strupr.asm
                    swapl   0x00a35a    program     extern C:\Documents and Settings\siebwalde\Bureaublad\Siebwalde-Source\trunk\Fiddle Yard\Microchip\TCPIP Stack\Helpers.c
                    swaps   0x00a306    program     extern C:\Documents and Settings\siebwalde\Bureaublad\Siebwalde-Source\trunk\Fiddle Yard\Microchip\TCPIP Stack\Helpers.c
                     test   0x0129d6    program     static                          
                    uitoa   0x009f7e    program     extern C:\Documents and Settings\siebwalde\Bureaublad\Siebwalde-Source\trunk\Fiddle Yard\Microchip\TCPIP Stack\Helpers.c
               zero_block   0x012c42    program     static C:\MCC18\src\traditional\proc\p18F97J60.asm
              ACT_ST_MCHN   0x0001a6       data     static C:\Documents and Settings\siebwalde\Bureaublad\Siebwalde-Source\trunk\Fiddle Yard\State_Machine.c
              ACT_ST_MCHN   0x00023b       data     static C:\Documents and Settings\siebwalde\Bureaublad\Siebwalde-Source\trunk\Fiddle Yard\Fiddle_Init.c
              ACT_ST_MCHN   0x00009e       data     static C:\Documents and Settings\siebwalde\Bureaublad\Siebwalde-Source\trunk\Fiddle Yard\Drive_Train_IO.c
              ACT_ST_MCHN   0x0000da       data     static C:\Documents and Settings\siebwalde\Bureaublad\Siebwalde-Source\trunk\Fiddle Yard\Train_Detection.c
              ACT_ST_MCHN   0x000214       data     static C:\Documents and Settings\siebwalde\Bureaublad\Siebwalde-Source\trunk\Fiddle Yard\Track_Move_Ctrl.c
              ACT_ST_MCHN   0x000e00       data     static C:\Documents and Settings\siebwalde\Bureaublad\Siebwalde-Source\trunk\Fiddle Yard\Fiddle_Move_Ctrl.c
                   ADCON0   0x000fc2       data     extern C:\MCC18\src\traditional\proc\p18F97J60.asm
               ADCON0bits   0x000fc2       data     extern C:\MCC18\src\traditional\proc\p18F97J60.asm
                   ADCON1   0x000fc1       data     extern C:\MCC18\src\traditional\proc\p18F97J60.asm
               ADCON1bits   0x000fc1       data     extern C:\MCC18\src\traditional\proc\p18F97J60.asm
                   ADCON2   0x000fc0       data     extern C:\MCC18\src\traditional\proc\p18F97J60.asm
               ADCON2bits   0x000fc0       data     extern C:\MCC18\src\traditional\proc\p18F97J60.asm
                    ADRES   0x000fc3       data     extern C:\MCC18\src\traditional\proc\p18F97J60.asm
                   ADRESH   0x000fc4       data     extern C:\MCC18\src\traditional\proc\p18F97J60.asm
                   ADRESL   0x000fc3       data     extern C:\MCC18\src\traditional\proc\p18F97J60.asm
                AN0String   0x000093       data     extern C:\Documents and Settings\siebwalde\Bureaublad\Siebwalde-Source\trunk\Fiddle Yard\Fiddle Yard.c
              Active_DATA   0x0001d8       data     static C:\Documents and Settings\siebwalde\Bureaublad\Siebwalde-Source\trunk\Fiddle Yard\IO_Expander.c
             Active_IOEXP   0x0001d6       data     static C:\Documents and Settings\siebwalde\Bureaublad\Siebwalde-Source\trunk\Fiddle Yard\IO_Expander.c
              Active_PORT   0x0001d9       data     static C:\Documents and Settings\siebwalde\Bureaublad\Siebwalde-Source\trunk\Fiddle Yard\IO_Expander.c
               Active_REG   0x0001d7       data     static C:\Documents and Settings\siebwalde\Bureaublad\Siebwalde-Source\trunk\Fiddle Yard\IO_Expander.c
                AppConfig   0x000060       data     extern C:\Documents and Settings\siebwalde\Bureaublad\Siebwalde-Source\trunk\Fiddle Yard\Fiddle Yard.c
                  BAUDCON   0x000f7e       data     extern C:\MCC18\src\traditional\proc\p18F97J60.asm
                 BAUDCON1   0x000f7e       data     extern C:\MCC18\src\traditional\proc\p18F97J60.asm
[...]
                     DDRD   0x000f95       data     extern C:\MCC18\src\traditional\proc\p18F97J60.asm
                 DDRDbits   0x000f95       data     extern C:\MCC18\src\traditional\proc\p18F97J60.asm
                TRISDbits   0x000f95       data     extern C:\MCC18\src\traditional\proc\p18F97J60.asm
                TRISEbits   0x000f96       data     extern C:\MCC18\src\traditional\proc\p18F97J60.asm
                    TRISE   0x000f96       data     extern C:\MCC18\src\traditional\proc\p18F97J60.asm
                     DDRE   0x000f96       data     extern C:\MCC18\src\traditional\proc\p18F97J60.asm
                 DDREbits   0x000f96       data     extern C:\MCC18\src\traditional\proc\p18F97J60.asm
                    TRISF   0x000f97       data     extern C:\MCC18\src\traditional\proc\p18F97J60.asm
                TRISFbits   0x000f97       data     extern C:\MCC18\src\traditional\proc\p18F97J60.asm
                     DDRF   0x000f97       data     extern C:\MCC18\src\traditional\proc\p18F97J60.asm
                 DDRFbits   0x000f97       data     extern C:\MCC18\src\traditional\proc\p18F97J60.asm
                    TRISG   0x000f98       data     extern C:\MCC18\src\traditional\proc\p18F97J60.asm
                TRISGbits   0x000f98       data     extern C:\MCC18\src\traditional\proc\p18F97J60.asm
                     DDRG   0x000f98       data     extern C:\MCC18\src\traditional\proc\p18F97J60.asm
                 DDRGbits   0x000f98       data     extern C:\MCC18\src\traditional\proc\p18F97J60.asm
                TRISHbits   0x000f99       data     extern C:\MCC18\src\traditional\proc\p18F97J60.asm
                    TRISH   0x000f99       data     extern C:\MCC18\src\traditional\proc\p18F97J60.asm
                 DDRHbits   0x000f99       data     extern C:\MCC18\src\traditional\proc\p18F97J60.asm
                     DDRH   0x000f99       data     extern C:\MCC18\src\traditional\proc\p18F97J60.asm
                    TRISJ   0x000f9a       data     extern C:\MCC18\src\traditional\proc\p18F97J60.asm
                TRISJbits   0x000f9a       data     extern C:\MCC18\src\traditional\proc\p18F97J60.asm
                 DDRJbits   0x000f9a       data     extern C:\MCC18\src\traditional\proc\p18F97J60.asm
                     DDRJ   0x000f9a       data     extern C:\MCC18\src\traditional\proc\p18F97J60.asm
                  OSCTUNE   0x000f9b       data     extern C:\MCC18\src\traditional\proc\p18F97J60.asm
              OSCTUNEbits   0x000f9b       data     extern C:\MCC18\src\traditional\proc\p18F97J60.asm
                   MEMCON   0x000f9c       data     extern C:\MCC18\src\traditional\proc\p18F97J60.asm
               MEMCONbits   0x000f9c       data     extern C:\MCC18\src\traditional\proc\p18F97J60.asm
                     PIE1   0x000f9d       data     extern C:\MCC18\src\traditional\proc\p18F97J60.asm
                 PIE1bits   0x000f9d       data     extern C:\MCC18\src\traditional\proc\p18F97J60.asm
                     PIR1   0x000f9e       data     extern C:\MCC18\src\traditional\proc\p18F97J60.asm
                 PIR1bits   0x000f9e       data     extern C:\MCC18\src\traditional\proc\p18F97J60.asm
                 IPR1bits   0x000f9f       data     extern C:\MCC18\src\traditional\proc\p18F97J60.asm
                     IPR1   0x000f9f       data     extern C:\MCC18\src\traditional\proc\p18F97J60.asm
                 PIE2bits   0x000fa0       data     extern C:\MCC18\src\traditional\proc\p18F97J60.asm
                     PIE2   0x000fa0       data     extern C:\MCC18\src\traditional\proc\p18F97J60.asm
                     PIR2   0x000fa1       data     extern C:\MCC18\src\traditional\proc\p18F97J60.asm
                 PIR2bits   0x000fa1       data     extern C:\MCC18\src\traditional\proc\p18F97J60.asm
                     IPR2   0x000fa2       data     extern C:\MCC18\src\traditional\proc\p18F97J60.asm
                 IPR2bits   0x000fa2       data     extern C:\MCC18\src\traditional\proc\p18F97J60.asm
                     PIE3   0x000fa3       data     extern C:\MCC18\src\traditional\proc\p18F97J60.asm
                 PIE3bits   0x000fa3       data     extern C:\MCC18\src\traditional\proc\p18F97J60.asm
                 PIR3bits   0x000fa4       data     extern C:\MCC18\src\traditional\proc\p18F97J60.asm
                     PIR3   0x000fa4       data     extern C:\MCC18\src\traditional\proc\p18F97J60.asm
                     IPR3   0x000fa5       data     extern C:\MCC18\src\traditional\proc\p18F97J60.asm
                 IPR3bits   0x000fa5       data     extern C:\MCC18\src\traditional\proc\p18F97J60.asm
               EECON1bits   0x000fa6       data     extern C:\MCC18\src\traditional\proc\p18F97J60.asm
                   EECON1   0x000fa6       data     extern C:\MCC18\src\traditional\proc\p18F97J60.asm
                   EECON2   0x000fa7       data     extern C:\MCC18\src\traditional\proc\p18F97J60.asm
                RCSTAbits   0x000fab       data     extern C:\MCC18\src\traditional\proc\p18F97J60.asm
               RCSTA1bits   0x000fab       data     extern C:\MCC18\src\traditional\proc\p18F97J60.asm
                   RCSTA1   0x000fab       data     extern C:\MCC18\src\traditional\proc\p18F97J60.asm
                    RCSTA   0x000fab       data     extern C:\MCC18\src\traditional\proc\p18F97J60.asm
                    TXSTA   0x000fac       data     extern C:\MCC18\src\traditional\proc\p18F97J60.asm
                   TXSTA1   0x000fac       data     extern C:\MCC18\src\traditional\proc\p18F97J60.asm
               TXSTA1bits   0x000fac       data     extern C:\MCC18\src\traditional\proc\p18F97J60.asm
                TXSTAbits   0x000fac       data     extern C:\MCC18\src\traditional\proc\p18F97J60.asm
                    TXREG   0x000fad       data     extern C:\MCC18\src\traditional\proc\p18F97J60.asm
                   TXREG1   0x000fad       data     extern C:\MCC18\src\traditional\proc\p18F97J60.asm
                    RCREG   0x000fae       data     extern C:\MCC18\src\traditional\proc\p18F97J60.asm
                   RCREG1   0x000fae       data     extern C:\MCC18\src\traditional\proc\p18F97J60.asm
                    SPBRG   0x000faf       data     extern C:\MCC18\src\traditional\proc\p18F97J60.asm
                   SPBRG1   0x000faf       data     extern C:\MCC18\src\traditional\proc\p18F97J60.asm
               PSPCONbits   0x000fb0       data     extern C:\MCC18\src\traditional\proc\p18F97J60.asm
                   PSPCON   0x000fb0       data     extern C:\MCC18\src\traditional\proc\p18F97J60.asm
                T3CONbits   0x000fb1       data     extern C:\MCC18\src\traditional\proc\p18F97J60.asm
                    T3CON   0x000fb1       data     extern C:\MCC18\src\traditional\proc\p18F97J60.asm
                    TMR3L   0x000fb2       data     extern C:\MCC18\src\traditional\proc\p18F97J60.asm
                    TMR3H   0x000fb3       data     extern C:\MCC18\src\traditional\proc\p18F97J60.asm
                    CMCON   0x000fb4       data     extern C:\MCC18\src\traditional\proc\p18F97J60.asm
                CMCONbits   0x000fb4       data     extern C:\MCC18\src\traditional\proc\p18F97J60.asm
                   CVRCON   0x000fb5       data     extern C:\MCC18\src\traditional\proc\p18F97J60.asm
               CVRCONbits   0x000fb5       data     extern C:\MCC18\src\traditional\proc\p18F97J60.asm
              ECCP1ASbits   0x000fb6       data     extern C:\MCC18\src\traditional\proc\p18F97J60.asm
                  ECCP1AS   0x000fb6       data     extern C:\MCC18\src\traditional\proc\p18F97J60.asm
             ECCP3CONbits   0x000fb7       data     extern C:\MCC18\src\traditional\proc\p18F97J60.asm
                 ECCP3CON   0x000fb7       data     extern C:\MCC18\src\traditional\proc\p18F97J60.asm
                  CCP3CON   0x000fb7       data     extern C:\MCC18\src\traditional\proc\p18F97J60.asm
              CCP3CONbits   0x000fb7       data     extern C:\MCC18\src\traditional\proc\p18F97J60.asm
                    CCPR3   0x000fb8       data     extern C:\MCC18\src\traditional\proc\p18F97J60.asm
                   CCPR3L   0x000fb8       data     extern C:\MCC18\src\traditional\proc\p18F97J60.asm
                   CCPR3H   0x000fb9       data     extern C:\MCC18\src\traditional\proc\p18F97J60.asm
             ECCP2CONbits   0x000fba       data     extern C:\MCC18\src\traditional\proc\p18F97J60.asm
                  CCP2CON   0x000fba       data     extern C:\MCC18\src\traditional\proc\p18F97J60.asm
              CCP2CONbits   0x000fba       data     extern C:\MCC18\src\traditional\proc\p18F97J60.asm
                 ECCP2CON   0x000fba       data     extern C:\MCC18\src\traditional\proc\p18F97J60.asm
                   CCPR2L   0x000fbb       data     extern C:\MCC18\src\traditional\proc\p18F97J60.asm
                    CCPR2   0x000fbb       data     extern C:\MCC18\src\traditional\proc\p18F97J60.asm
                   CCPR2H   0x000fbc       data     extern C:\MCC18\src\traditional\proc\p18F97J60.asm
              CCP1CONbits   0x000fbd       data     extern C:\MCC18\src\traditional\proc\p18F97J60.asm
                  CCP1CON   0x000fbd       data     extern C:\MCC18\src\traditional\proc\p18F97J60.asm
             ECCP1CONbits   0x000fbd       data     extern C:\MCC18\src\traditional\proc\p18F97J60.asm
                 ECCP1CON   0x000fbd       data     extern C:\MCC18\src\traditional\proc\p18F97J60.asm
                    CCPR1   0x000fbe       data     extern C:\MCC18\src\traditional\proc\p18F97J60.asm
                   CCPR1L   0x000fbe       data     extern C:\MCC18\src\traditional\proc\p18F97J60.asm
                   CCPR1H   0x000fbf       data     extern C:\MCC18\src\traditional\proc\p18F97J60.asm
                   ADCON2   0x000fc0       data     extern C:\MCC18\src\traditional\proc\p18F97J60.asm
               ADCON2bits   0x000fc0       data     extern C:\MCC18\src\traditional\proc\p18F97J60.asm
               ADCON1bits   0x000fc1       data     extern C:\MCC18\src\traditional\proc\p18F97J60.asm
                   ADCON1   0x000fc1       data     extern C:\MCC18\src\traditional\proc\p18F97J60.asm
               ADCON0bits   0x000fc2       data     extern C:\MCC18\src\traditional\proc\p18F97J60.asm
                   ADCON0   0x000fc2       data     extern C:\MCC18\src\traditional\proc\p18F97J60.asm
                    ADRES   0x000fc3       data     extern C:\MCC18\src\traditional\proc\p18F97J60.asm
                   ADRESL   0x000fc3       data     extern C:\MCC18\src\traditional\proc\p18F97J60.asm
                   ADRESH   0x000fc4       data     extern C:\MCC18\src\traditional\proc\p18F97J60.asm
                  SSPCON2   0x000fc5       data     extern C:\MCC18\src\traditional\proc\p18F97J60.asm
             SSP1CON2bits   0x000fc5       data     extern C:\MCC18\src\traditional\proc\p18F97J60.asm
                 SSP1CON2   0x000fc5       data     extern C:\MCC18\src\traditional\proc\p18F97J60.asm
              SSPCON2bits   0x000fc5       data     extern C:\MCC18\src\traditional\proc\p18F97J60.asm
                  SSPCON1   0x000fc6       data     extern C:\MCC18\src\traditional\proc\p18F97J60.asm
              SSPCON1bits   0x000fc6       data     extern C:\MCC18\src\traditional\proc\p18F97J60.asm
             SSP1CON1bits   0x000fc6       data     extern C:\MCC18\src\traditional\proc\p18F97J60.asm
                 SSP1CON1   0x000fc6       data     extern C:\MCC18\src\traditional\proc\p18F97J60.asm
                  SSPSTAT   0x000fc7       data     extern C:\MCC18\src\traditional\proc\p18F97J60.asm
              SSPSTATbits   0x000fc7       data     extern C:\MCC18\src\traditional\proc\p18F97J60.asm
                 SSP1STAT   0x000fc7       data     extern C:\MCC18\src\traditional\proc\p18F97J60.asm
             SSP1STATbits   0x000fc7       data     extern C:\MCC18\src\traditional\proc\p18F97J60.asm
                  SSP1ADD   0x000fc8       data     extern C:\MCC18\src\traditional\proc\p18F97J60.asm
                   SSPADD   0x000fc8       data     extern C:\MCC18\src\traditional\proc\p18F97J60.asm
                   SSPBUF   0x000fc9       data     extern C:\MCC18\src\traditional\proc\p18F97J60.asm
                  SSP1BUF   0x000fc9       data     extern C:\MCC18\src\traditional\proc\p18F97J60.asm
                    T2CON   0x000fca       data     extern C:\MCC18\src\traditional\proc\p18F97J60.asm
                T2CONbits   0x000fca       data     extern C:\MCC18\src\traditional\proc\p18F97J60.asm
                      PR2   0x000fcb       data     extern C:\MCC18\src\traditional\proc\p18F97J60.asm
                     TMR2   0x000fcc       data     extern C:\MCC18\src\traditional\proc\p18F97J60.asm
                T1CONbits   0x000fcd       data     extern C:\MCC18\src\traditional\proc\p18F97J60.asm
                    T1CON   0x000fcd       data     extern C:\MCC18\src\traditional\proc\p18F97J60.asm
                    TMR1L   0x000fce       data     extern C:\MCC18\src\traditional\proc\p18F97J60.asm
                    TMR1H   0x000fcf       data     extern C:\MCC18\src\traditional\proc\p18F97J60.asm
                     RCON   0x000fd0       data     extern C:\MCC18\src\traditional\proc\p18F97J60.asm
                 RCONbits   0x000fd0       data     extern C:\MCC18\src\traditional\proc\p18F97J60.asm
                   WDTCON   0x000fd1       data     extern C:\MCC18\src\traditional\proc\p18F97J60.asm
               WDTCONbits   0x000fd1       data     extern C:\MCC18\src\traditional\proc\p18F97J60.asm
                ECON1bits   0x000fd2       data     extern C:\MCC18\src\traditional\proc\p18F97J60.asm
                    ECON1   0x000fd2       data     extern C:\MCC18\src\traditional\proc\p18F97J60.asm
               OSCCONbits   0x000fd3       data     extern C:\MCC18\src\traditional\proc\p18F97J60.asm
                   OSCCON   0x000fd3       data     extern C:\MCC18\src\traditional\proc\p18F97J60.asm
                    T0CON   0x000fd5       data     extern C:\MCC18\src\traditional\proc\p18F97J60.asm
                T0CONbits   0x000fd5       data     extern C:\MCC18\src\traditional\proc\p18F97J60.asm
                    TMR0L   0x000fd6       data     extern C:\MCC18\src\traditional\proc\p18F97J60.asm
                    TMR0H   0x000fd7       data     extern C:\MCC18\src\traditional\proc\p18F97J60.asm
                   STATUS   0x000fd8       data     extern C:\MCC18\src\traditional\proc\p18F97J60.asm
               STATUSbits   0x000fd8       data     extern C:\MCC18\src\traditional\proc\p18F97J60.asm
                    FSR2L   0x000fd9       data     extern C:\MCC18\src\traditional\proc\p18F97J60.asm
                     FSR2   0x000fd9       data     extern C:\MCC18\src\traditional\proc\p18F97J60.asm
                    FSR2H   0x000fda       data     extern C:\MCC18\src\traditional\proc\p18F97J60.asm
                   PLUSW2   0x000fdb       data     extern C:\MCC18\src\traditional\proc\p18F97J60.asm
                  PREINC2   0x000fdc       data     extern C:\MCC18\src\traditional\proc\p18F97J60.asm
                 POSTDEC2   0x000fdd       data     extern C:\MCC18\src\traditional\proc\p18F97J60.asm
                 POSTINC2   0x000fde       data     extern C:\MCC18\src\traditional\proc\p18F97J60.asm
                    INDF2   0x000fdf       data     extern C:\MCC18\src\traditional\proc\p18F97J60.asm
                      BSR   0x000fe0       data     extern C:\MCC18\src\traditional\proc\p18F97J60.asm
                    FSR1L   0x000fe1       data     extern C:\MCC18\src\traditional\proc\p18F97J60.asm
                     FSR1   0x000fe1       data     extern C:\MCC18\src\traditional\proc\p18F97J60.asm
                    FSR1H   0x000fe2       data     extern C:\MCC18\src\traditional\proc\p18F97J60.asm
                   PLUSW1   0x000fe3       data     extern C:\MCC18\src\traditional\proc\p18F97J60.asm
                  PREINC1   0x000fe4       data     extern C:\MCC18\src\traditional\proc\p18F97J60.asm
                 POSTDEC1   0x000fe5       data     extern C:\MCC18\src\traditional\proc\p18F97J60.asm
                 POSTINC1   0x000fe6       data     extern C:\MCC18\src\traditional\proc\p18F97J60.asm
                    INDF1   0x000fe7       data     extern C:\MCC18\src\traditional\proc\p18F97J60.asm
                     WREG   0x000fe8       data     extern C:\MCC18\src\traditional\proc\p18F97J60.asm
                    FSR0L   0x000fe9       data     extern C:\MCC18\src\traditional\proc\p18F97J60.asm
                     FSR0   0x000fe9       data     extern C:\MCC18\src\traditional\proc\p18F97J60.asm
                    FSR0H   0x000fea       data     extern C:\MCC18\src\traditional\proc\p18F97J60.asm
                   PLUSW0   0x000feb       data     extern C:\MCC18\src\traditional\proc\p18F97J60.asm
                  PREINC0   0x000fec       data     extern C:\MCC18\src\traditional\proc\p18F97J60.asm
                 POSTDEC0   0x000fed       data     extern C:\MCC18\src\traditional\proc\p18F97J60.asm
                 POSTINC0   0x000fee       data     extern C:\MCC18\src\traditional\proc\p18F97J60.asm
                    INDF0   0x000fef       data     extern C:\MCC18\src\traditional\proc\p18F97J60.asm
              INTCON3bits   0x000ff0       data     extern C:\MCC18\src\traditional\proc\p18F97J60.asm
                  INTCON3   0x000ff0       data     extern C:\MCC18\src\traditional\proc\p18F97J60.asm
              INTCON2bits   0x000ff1       data     extern C:\MCC18\src\traditional\proc\p18F97J60.asm
                  INTCON2   0x000ff1       data     extern C:\MCC18\src\traditional\proc\p18F97J60.asm
               INTCONbits   0x000ff2       data     extern C:\MCC18\src\traditional\proc\p18F97J60.asm
                   INTCON   0x000ff2       data     extern C:\MCC18\src\traditional\proc\p18F97J60.asm
                     PROD   0x000ff3       data     extern C:\MCC18\src\traditional\proc\p18F97J60.asm
                    PRODL   0x000ff3       data     extern C:\MCC18\src\traditional\proc\p18F97J60.asm
                    PRODH   0x000ff4       data     extern C:\MCC18\src\traditional\proc\p18F97J60.asm
                   TABLAT   0x000ff5       data     extern C:\MCC18\src\traditional\proc\p18F97J60.asm
                  TBLPTRL   0x000ff6       data     extern C:\MCC18\src\traditional\proc\p18F97J60.asm
                   TBLPTR   0x000ff6       data     extern C:\MCC18\src\traditional\proc\p18F97J60.asm
                  TBLPTRH   0x000ff7       data     extern C:\MCC18\src\traditional\proc\p18F97J60.asm
                  TBLPTRU   0x000ff8       data     extern C:\MCC18\src\traditional\proc\p18F97J60.asm
                       PC   0x000ff9       data     extern C:\MCC18\src\traditional\proc\p18F97J60.asm
                      PCL   0x000ff9       data     extern C:\MCC18\src\traditional\proc\p18F97J60.asm
                   PCLATH   0x000ffa       data     extern C:\MCC18\src\traditional\proc\p18F97J60.asm
                   PCLATU   0x000ffb       data     extern C:\MCC18\src\traditional\proc\p18F97J60.asm
               STKPTRbits   0x000ffc       data     extern C:\MCC18\src\traditional\proc\p18F97J60.asm
                   STKPTR   0x000ffc       data     extern C:\MCC18\src\traditional\proc\p18F97J60.asm
                     TOSL   0x000ffd       data     extern C:\MCC18\src\traditional\proc\p18F97J60.asm
                      TOS   0x000ffd       data     extern C:\MCC18\src\traditional\proc\p18F97J60.asm
                     TOSH   0x000ffe       data     extern C:\MCC18\src\traditional\proc\p18F97J60.asm
                     TOSU   0x000fff       data     extern C:\MCC18\src\traditional\proc\p18F97J60.asm


