MPLINK 4.35, Linker
Linker Map File - Created Sat Oct 10 22:19:43 2015

                                 Section Info
                  Section       Type    Address   Location Size(Bytes)
                ---------  ---------  ---------  ---------  ---------
               _entry_scn       code   0x000000    program   0x000006
           .code___init.o       code   0x000006    program   0x000002
              high_vector       code   0x000008    program   0x000006
   .romdata_Fiddle Yard.o    romdata   0x00000e    program   0x000006
         .code_i2c2strt.o       code   0x000014    program   0x000004
               low_vector       code   0x000018    program   0x000006
                   .cinit    romdata   0x00001e    program   0x00013a
 .code_Fiddle_Move_Ctrl.o       code   0x000158    program   0x006066
          .code_Var_Out.o       code   0x0061be    program   0x001c10
   .code_Drive_Train_IO.o       code   0x007dce    program   0x00198a
          .code_Helpers.o       code   0x009758    program   0x000fa2
    .code_State_Machine.o       code   0x00a6fa    program   0x000f30
              .code_UDP.o       code   0x00b62a    program   0x000db2
         .code_ETH97J60.o       code   0x00c3dc    program   0x000da0
             .code_DHCP.o       code   0x00d17c    program   0x000c68
   .code_Shift_Register.o       code   0x00dde4    program   0x000948
   .code_Diagnostic_ret.o       code   0x00e72c    program   0x00083c
  .code_Train_Detection.o       code   0x00ef68    program   0x0006a6
  .code_Command_Machine.o       code   0x00f60e    program   0x000652
      .code_IO_Expander.o       code   0x00fc60    program   0x0005f8
             .code_NBNS.o       code   0x010258    program   0x0005c2
              .code_ARP.o       code   0x01081a    program   0x0005c2
  .code_Track_Move_Ctrl.o       code   0x010ddc    program   0x000544
               .code_IP.o       code   0x011320    program   0x0003fa
      .code_Fiddle_Init.o       code   0x01171a    program   0x000368
      .code_Fiddle Yard.o       code   0x011a82    program   0x0002be
         .code_Announce.o       code   0x011d40    program   0x0002ac
         .code_StackTsk.o       code   0x011fec    program   0x000274
                   STRING       code   0x012260    program   0x0001b2
             .code_ICMP.o       code   0x012412    program   0x000146
             .code_Tick.o       code   0x012558    program   0x000140
         .code_i2c2gets.o       code   0x012698    program   0x00013e
         .code_i2c2puts.o       code   0x0127d6    program   0x00010a
         .code_i2c2writ.o       code   0x0128e0    program   0x0000e2
               _cinit_scn       code   0x0129c2    program   0x00009e
         .code_i2c2read.o       code   0x012a60    program   0x000062
         .code_pw3setdc.o       code   0x012ac2    program   0x00005e
         .code_pw1setdc.o       code   0x012b20    program   0x00005e
         .code_fxd3232u.o       code   0x012b7e    program   0x000048
                     PROG       code   0x012bc6    program   0x00003c
         .code_fxd1616u.o       code   0x012c02    program   0x00002c
                    .code       code   0x012c2e    program   0x00002c
         .code_i2c2open.o       code   0x012c5a    program   0x00002a
             .stringtable    romdata   0x012c84    program   0x000027
       .romdata_i2c2ack.o    romdata   0x012cab    program   0x000000
      .romdata_i2c2rstr.o    romdata   0x012cab    program   0x000000
      .idata_i2c2rstr.o_i    romdata   0x012cab    program   0x000000
      .romdata_i2c2writ.o    romdata   0x012cab    program   0x000000
.romdata_Fiddle_Move_Ctrl.o    romdata   0x012cab    program   0x000000
      .romdata_i2c2clos.o    romdata   0x012cab    program   0x000000
      .romdata_i2c2strt.o    romdata   0x012cab    program   0x000000
      .romdata_i2c2read.o    romdata   0x012cab    program   0x000000
      .romdata_i2c2dtrd.o    romdata   0x012cab    program   0x000000
      .idata_i2c2strt.o_i    romdata   0x012cab    program   0x000000
      .idata_i2c2stop.o_i    romdata   0x012cab    program   0x000000
      .romdata_i2c2gets.o    romdata   0x012cab    program   0x000000
      .idata_i2c2idle.o_i    romdata   0x012cab    program   0x000001
      .romdata_i2c2idle.o    romdata   0x012cab    program   0x000000
      .idata_i2c2nack.o_i    romdata   0x012cab    program   0x000000
      .romdata_i2c2nack.o    romdata   0x012cab    program   0x000000
      .idata_i2c2open.o_i    romdata   0x012cab    program   0x000000
      .romdata_i2c2open.o    romdata   0x012cab    program   0x000000
      .romdata_i2c2stop.o    romdata   0x012cab    program   0x000000
      .romdata_i2c2puts.o    romdata   0x012cab    program   0x000000
         .romdata_c018i.o    romdata   0x012cab    program   0x000000
      .romdata_Announce.o    romdata   0x012cab    program   0x000000
        .romdata___init.o    romdata   0x012cab    program   0x000000
      .romdata_StackTsk.o    romdata   0x012cab    program   0x000000
          .romdata_Tick.o    romdata   0x012cab    program   0x000000
      .romdata_pw3setdc.o    romdata   0x012cab    program   0x000000
            .romdata_IP.o    romdata   0x012cab    program   0x000000
      .idata_pw3setdc.o_i    romdata   0x012cab    program   0x000000
           .romdata_ARP.o    romdata   0x012cab    program   0x000000
          .romdata_DHCP.o    romdata   0x012cab    program   0x000000
      .romdata_pw1setdc.o    romdata   0x012cab    program   0x000000
      .romdata_ETH97J60.o    romdata   0x012cab    program   0x000000
      .idata_pw1setdc.o_i    romdata   0x012cab    program   0x000000
          .romdata_ICMP.o    romdata   0x012cab    program   0x000000
           .romdata_UDP.o    romdata   0x012cab    program   0x000000
 .romdata_State_Machine.o    romdata   0x012cab    program   0x000000
.romdata_Track_Move_Ctrl.o    romdata   0x012cab    program   0x000000
.romdata_Shift_Register.o    romdata   0x012cab    program   0x000000
.romdata_Diagnostic_ret.o    romdata   0x012cab    program   0x000000
.romdata_Train_Detection.o    romdata   0x012cab    program   0x000000
.romdata_Command_Machine.o    romdata   0x012cab    program   0x000000
       .romdata_Var_Out.o    romdata   0x012cab    program   0x000000
.romdata_Drive_Train_IO.o    romdata   0x012cab    program   0x000000
   .romdata_Fiddle_Init.o    romdata   0x012cab    program   0x000000
      .romdata_fxd1616u.o    romdata   0x012cab    program   0x000000
          .romdata_NBNS.o    romdata   0x012cab    program   0x000000
      .romdata_fxd3232u.o    romdata   0x012cab    program   0x000000
       .romdata_Helpers.o    romdata   0x012cab    program   0x000000
         .code_i2c2idle.o       code   0x012cac    program   0x000024
              D1KTCYXCODE       code   0x012cd0    program   0x000020
             _startup_scn       code   0x012cf0    program   0x00001c
   .romdata_IO_Expander.o    romdata   0x012d0c    program   0x000010
         .code_i2c2dtrd.o       code   0x012d1c    program   0x000010
         .code_i2c2nack.o       code   0x012d2c    program   0x000006
          .code_i2c2ack.o       code   0x012d32    program   0x000006
         .code_i2c2stop.o       code   0x012d38    program   0x000004
         .code_i2c2rstr.o       code   0x012d3c    program   0x000004
         .code_i2c2clos.o       code   0x012d40    program   0x000004
      .idata_i2c2writ.o_i    romdata   0x012d44    program   0x000002
      .idata_i2c2read.o_i    romdata   0x012d46    program   0x000002
      .idata_i2c2puts.o_i    romdata   0x012d48    program   0x000002
      .idata_i2c2gets.o_i    romdata   0x012d4a    program   0x000002
         .idata_c018i.o_i    romdata   0x012d4c    program   0x000000
        .idata___init.o_i    romdata   0x012d4c    program   0x000000
      .idata_fxd3232u.o_i    romdata   0x012d4c    program   0x000000
      .idata_fxd1616u.o_i    romdata   0x012d4c    program   0x000000
       .idata_Var_Out.o_i    romdata   0x012d4c    program   0x000030
      .idata_i2c2dtrd.o_i    romdata   0x012d4c    program   0x000000
      .idata_i2c2clos.o_i    romdata   0x012d4c    program   0x000000
       .idata_i2c2ack.o_i    romdata   0x012d4c    program   0x000000
           .idata_UDP.o_i    romdata   0x012d7c    program   0x000002
.idata_Train_Detection.o_i    romdata   0x012d7e    program   0x000022
.idata_Track_Move_Ctrl.o_i    romdata   0x012da0    program   0x00000a
          .idata_Tick.o_i    romdata   0x012daa    program   0x000004
 .idata_State_Machine.o_i    romdata   0x012dae    program   0x00001c
      .idata_StackTsk.o_i    romdata   0x012dca    program   0x000001
.idata_Shift_Register.o_i    romdata   0x012dcb    program   0x00002c
          .idata_NBNS.o_i    romdata   0x012df7    program   0x000001
            .idata_IP.o_i    romdata   0x012df8    program   0x000002
   .idata_IO_Expander.o_i    romdata   0x012dfa    program   0x00001c
       .idata_Helpers.o_i    romdata   0x012e16    program   0x000004
          .idata_ICMP.o_i    romdata   0x012e16    program   0x000000
.idata_Fiddle_Move_Ctrl.o_i    romdata   0x012e1a    program   0x00007a
   .idata_Fiddle_Init.o_i    romdata   0x012e94    program   0x000004
   .idata_Fiddle Yard.o_i    romdata   0x012e98    program   0x000005
.idata_Drive_Train_IO.o_i    romdata   0x012e9d    program   0x00003c
      .idata_ETH97J60.o_i    romdata   0x012e9d    program   0x000000
.idata_Diagnostic_ret.o_i    romdata   0x012ed9    program   0x000007
          .idata_DHCP.o_i    romdata   0x012ee0    program   0x000001
.idata_Command_Machine.o_i    romdata   0x012ee1    program   0x000015
      .idata_Announce.o_i    romdata   0x012ef6    program   0x000001
           .idata_ARP.o_i    romdata   0x012ef7    program   0x000001
            .code_c018i.o       code   0x012ef8    program   0x000000
.config_1fff8_Fiddle Yard.o    romdata   0x01fff8    program   0x000001
.config_1fff9_Fiddle Yard.o    romdata   0x01fff9    program   0x000001
.config_1fffa_Fiddle Yard.o    romdata   0x01fffa    program   0x000001
.config_1fffb_Fiddle Yard.o    romdata   0x01fffb    program   0x000001
.config_1fffc_Fiddle Yard.o    romdata   0x01fffc    program   0x000001
.config_1fffd_Fiddle Yard.o    romdata   0x01fffd    program   0x000001
                MATH_DATA      udata   0x000000       data   0x000014
                 .tmpdata      udata   0x000014       data   0x00000e
                DELAYDAT1      udata   0x000022       data   0x000001
     .udata_Fiddle Yard.o      udata   0x000060       data   0x00003e
  .idata_Drive_Train_IO.o      idata   0x00009e       data   0x00003c
 .idata_Train_Detection.o      idata   0x0000da       data   0x000022
         .udata_Helpers.o      udata   0x0000fc       data   0x000004
         .idata_Var_Out.o      idata   0x000100       data   0x000030
  .udata_Diagnostic_ret.o      udata   0x000130       data   0x00002e
  .idata_Shift_Register.o      idata   0x00015e       data   0x00002c
            .udata_DHCP.o      udata   0x00018a       data   0x00001c
   .idata_State_Machine.o      idata   0x0001a6       data   0x00001c
     .idata_IO_Expander.o      idata   0x0001c2       data   0x00001c
 .idata_Command_Machine.o      idata   0x0001de       data   0x000015
        .udata_StackTsk.o      udata   0x0001f3       data   0x00000b
        .idata_i2c2writ.o      idata   0x0001fe       data   0x000002
             .udata_ARP.o      udata   0x000200       data   0x000014
 .idata_Track_Move_Ctrl.o      idata   0x000214       data   0x00000a
        .udata_ETH97J60.o      udata   0x00021e       data   0x000007
  .idata_Diagnostic_ret.o      idata   0x000225       data   0x000007
   .udata_State_Machine.o      udata   0x00022c       data   0x000006
     .idata_Fiddle Yard.o      idata   0x000232       data   0x000005
         .idata_Helpers.o      idata   0x000237       data   0x000004
     .idata_Fiddle_Init.o      idata   0x00023b       data   0x000004
         .udata_Var_Out.o      udata   0x00023f       data   0x000003
     .udata_IO_Expander.o      udata   0x000242       data   0x000003
 .udata_Command_Machine.o      udata   0x000245       data   0x000003
        .idata_i2c2read.o      idata   0x000248       data   0x000002
        .idata_i2c2puts.o      idata   0x00024a       data   0x000002
        .idata_i2c2gets.o      idata   0x00024c       data   0x000002
             .idata_UDP.o      idata   0x00024e       data   0x000002
              .idata_IP.o      idata   0x000250       data   0x000002
        .udata_i2c2writ.o      udata   0x000252       data   0x000001
        .udata_i2c2puts.o      udata   0x000253       data   0x000001
        .udata_i2c2gets.o      udata   0x000254       data   0x000001
            .udata_NBNS.o      udata   0x000255       data   0x000001
              .udata_IP.o      udata   0x000256       data   0x000001
        .udata_Announce.o      udata   0x000257       data   0x000001
        .idata_i2c2idle.o      idata   0x000258       data   0x000001
        .idata_StackTsk.o      idata   0x000259       data   0x000001
            .idata_NBNS.o      idata   0x00025a       data   0x000001
            .idata_DHCP.o      idata   0x00025b       data   0x000001
        .idata_Announce.o      idata   0x00025c       data   0x000001
             .idata_ARP.o      idata   0x00025d       data   0x000001
        .udata_i2c2strt.o      udata   0x00025e       data   0x000000
        .idata_i2c2strt.o      idata   0x00025e       data   0x000000
        .udata_fxd3232u.o      udata   0x00025e       data   0x000000
        .idata_fxd3232u.o      idata   0x00025e       data   0x000000
          .idata___init.o      idata   0x00025e       data   0x000000
        .udata_pw1setdc.o      udata   0x00025e       data   0x000000
        .idata_pw1setdc.o      idata   0x00025e       data   0x000000
.udata_Fiddle_Move_Ctrl.o      udata   0x00025e       data   0x000000
 .udata_Track_Move_Ctrl.o      udata   0x00025e       data   0x000000
          .udata___init.o      udata   0x00025e       data   0x000000
 .udata_Train_Detection.o      udata   0x00025e       data   0x000000
        .idata_fxd1616u.o      idata   0x00025e       data   0x000000
        .udata_pw3setdc.o      udata   0x00025e       data   0x000000
        .udata_fxd1616u.o      udata   0x00025e       data   0x000000
  .udata_Drive_Train_IO.o      udata   0x00025e       data   0x000000
        .idata_pw3setdc.o      idata   0x00025e       data   0x000000
     .udata_Fiddle_Init.o      udata   0x00025e       data   0x000000
         .idata_i2c2ack.o      idata   0x00025e       data   0x000000
         .udata_i2c2ack.o      udata   0x00025e       data   0x000000
  .udata_Shift_Register.o      udata   0x00025e       data   0x000000
            .idata_ICMP.o      idata   0x00025e       data   0x000000
            .udata_ICMP.o      udata   0x00025e       data   0x000000
        .idata_ETH97J60.o      idata   0x00025e       data   0x000000
           .idata_c018i.o      idata   0x00025e       data   0x000000
        .udata_i2c2clos.o      udata   0x00025e       data   0x000000
        .idata_i2c2clos.o      idata   0x00025e       data   0x000000
        .udata_i2c2dtrd.o      udata   0x00025e       data   0x000000
        .idata_i2c2dtrd.o      idata   0x00025e       data   0x000000
        .udata_i2c2idle.o      udata   0x00025e       data   0x000000
        .udata_i2c2nack.o      udata   0x00025e       data   0x000000
        .idata_i2c2nack.o      idata   0x00025e       data   0x000000
        .udata_i2c2open.o      udata   0x00025e       data   0x000000
        .idata_i2c2open.o      idata   0x00025e       data   0x000000
        .udata_i2c2read.o      udata   0x00025e       data   0x000000
        .udata_i2c2rstr.o      udata   0x00025e       data   0x000000
        .idata_i2c2rstr.o      idata   0x00025e       data   0x000000
        .udata_i2c2stop.o      udata   0x00025e       data   0x000000
        .idata_i2c2stop.o      idata   0x00025e       data   0x000000
                   .stack      udata   0x000d00       data   0x000100
.idata_Fiddle_Move_Ctrl.o      idata   0x000e00       data   0x00007a
            .udata_Tick.o      udata   0x000e7a       data   0x000006
              SFR_BANKED0      udata   0x000e80       data   0x000006
              SFR_BANKED1      udata   0x000e8a       data   0x000001
              SFR_BANKED2      udata   0x000e97       data   0x000003
              SFR_BANKED3      udata   0x000ea0       data   0x000001
              SFR_BANKED4      udata   0x000ea2       data   0x000003
              SFR_BANKED5      udata   0x000ea6       data   0x000002
              SFR_BANKED6      udata   0x000eaa       data   0x000002
              SFR_BANKED7      udata   0x000eb2       data   0x000001
              SFR_BANKED8      udata   0x000eb4       data   0x000001
              SFR_BANKED9      udata   0x000eb6       data   0x000004
             SFR_BANKED10      udata   0x000ec0       data   0x000012
             SFR_BANKED11      udata   0x000ed4       data   0x000002
             SFR_BANKED12      udata   0x000ed8       data   0x000002
             SFR_BANKED13      udata   0x000ee2       data   0x000016
             SFR_BANKED14      udata   0x000efb       data   0x000001
             SFR_BANKED15      udata   0x000efd       data   0x000002
             .udata_UDP.o      udata   0x000f00       data   0x000052
           .udata_c018i.o      udata   0x000f52       data   0x00000a
            .idata_Tick.o      idata   0x000f5c       data   0x000004
            SFR_UNBANKED0      udata   0x000f60       data   0x0000a0



                              Program Memory Usage 
                               Start         End      
                           ---------   ---------      
                            0x000000    0x012ef7      
                            0x01fff8    0x01fffd      
            77566 out of 131072 program addresses used, program memory utilization is 59%



                              Symbols - Sorted by Name
                     Name    Address   Location    Storage File                     
                ---------  ---------  ---------  --------- ---------                
                  ARPInit   0x010974    program     extern C:\Documents and Settings\siebwalde\Bureaublad\Siebwalde-Source\trunk\Fiddle Yard\Microchip\TCPIP Stack\ARP.c
            ARPIsResolved   0x010c3e    program     extern C:\Documents and Settings\siebwalde\Bureaublad\Siebwalde-Source\trunk\Fiddle Yard\Microchip\TCPIP Stack\ARP.c
               ARPProcess   0x01098c    program     extern C:\Documents and Settings\siebwalde\Bureaublad\Siebwalde-Source\trunk\Fiddle Yard\Microchip\TCPIP Stack\ARP.c
                   ARPPut   0x01081a    program     static C:\Documents and Settings\siebwalde\Bureaublad\Siebwalde-Source\trunk\Fiddle Yard\Microchip\TCPIP Stack\ARP.c
               ARPResolve   0x010b64    program     extern C:\Documents and Settings\siebwalde\Bureaublad\Siebwalde-Source\trunk\Fiddle Yard\Microchip\TCPIP Stack\ARP.c
                  AckI2C2   0x012d32    program     extern C:\Documents and Settings\siebwalde\Bureaublad\Siebwalde-Source\trunk\Fiddle Yard\I2c2\i2c2ack.c
               AnnounceIP   0x011d40    program     extern C:\Documents and Settings\siebwalde\Bureaublad\Siebwalde-Source\trunk\Fiddle Yard\Microchip\TCPIP Stack\Announce.c
              Bezet_In_5B   0x00e65c    program     extern C:\Documents and Settings\siebwalde\Bureaublad\Siebwalde-Source\trunk\Fiddle Yard\Shift_Register.c
       Bezet_In_5B_Status   0x00e52c    program     extern C:\Documents and Settings\siebwalde\Bureaublad\Siebwalde-Source\trunk\Fiddle Yard\Shift_Register.c
               Bezet_In_6   0x00e690    program     extern C:\Documents and Settings\siebwalde\Bureaublad\Siebwalde-Source\trunk\Fiddle Yard\Shift_Register.c
        Bezet_In_6_Status   0x00e55e    program     extern C:\Documents and Settings\siebwalde\Bureaublad\Siebwalde-Source\trunk\Fiddle Yard\Shift_Register.c
               Bezet_In_7   0x00e6c4    program     extern C:\Documents and Settings\siebwalde\Bureaublad\Siebwalde-Source\trunk\Fiddle Yard\Shift_Register.c
        Bezet_In_7_Status   0x00e590    program     extern C:\Documents and Settings\siebwalde\Bureaublad\Siebwalde-Source\trunk\Fiddle Yard\Shift_Register.c
             Bezet_Uit_5B   0x00e3ce    program     extern C:\Documents and Settings\siebwalde\Bureaublad\Siebwalde-Source\trunk\Fiddle Yard\Shift_Register.c
              Bezet_Uit_6   0x00e400    program     extern C:\Documents and Settings\siebwalde\Bureaublad\Siebwalde-Source\trunk\Fiddle Yard\Shift_Register.c
              Bezet_Uit_7   0x00e432    program     extern C:\Documents and Settings\siebwalde\Bureaublad\Siebwalde-Source\trunk\Fiddle Yard\Shift_Register.c
             Bezet_Uit_8A   0x00e464    program     extern C:\Documents and Settings\siebwalde\Bureaublad\Siebwalde-Source\trunk\Fiddle Yard\Shift_Register.c
Bezet_Uit_Blok_6_AND_Sensor_F12_Send   0x00775c    program     extern C:\Documents and Settings\siebwalde\Bureaublad\Siebwalde-Source\trunk\Fiddle Yard\Var_Out.c
    Bezet_Uit_Blok_6_Send   0x0076d8    program     extern C:\Documents and Settings\siebwalde\Bureaublad\Siebwalde-Source\trunk\Fiddle Yard\Var_Out.c
          Bezet_Weerstand   0x00e6f8    program     extern C:\Documents and Settings\siebwalde\Bureaublad\Siebwalde-Source\trunk\Fiddle Yard\Shift_Register.c
   Bezet_Weerstand_Status   0x00e5c2    program     extern C:\Documents and Settings\siebwalde\Bureaublad\Siebwalde-Source\trunk\Fiddle Yard\Shift_Register.c
BridgeMotorContact_10_Send   0x007822    program     extern C:\Documents and Settings\siebwalde\Bureaublad\Siebwalde-Source\trunk\Fiddle Yard\Var_Out.c
BridgeMotorContact_11_Send   0x0078e8    program     extern C:\Documents and Settings\siebwalde\Bureaublad\Siebwalde-Source\trunk\Fiddle Yard\Var_Out.c
  Bridge_10L_Contact_Send   0x007864    program     extern C:\Documents and Settings\siebwalde\Bureaublad\Siebwalde-Source\trunk\Fiddle Yard\Var_Out.c
  Bridge_10R_Contact_Send   0x0078a6    program     extern C:\Documents and Settings\siebwalde\Bureaublad\Siebwalde-Source\trunk\Fiddle Yard\Var_Out.c
          Bridge_Close_Ok   0x0071b0    program     extern C:\Documents and Settings\siebwalde\Bureaublad\Siebwalde-Source\trunk\Fiddle Yard\Var_Out.c
           Bridge_Closing   0x007486    program     extern C:\Documents and Settings\siebwalde\Bureaublad\Siebwalde-Source\trunk\Fiddle Yard\Var_Out.c
Bridge_Open_Close_Timeout_Expired_Send   0x0077e0    program     extern C:\Documents and Settings\siebwalde\Bureaublad\Siebwalde-Source\trunk\Fiddle Yard\Var_Out.c
           Bridge_Open_Ok   0x00716e    program     extern C:\Documents and Settings\siebwalde\Bureaublad\Siebwalde-Source\trunk\Fiddle Yard\Var_Out.c
           Bridge_Opening   0x007444    program     extern C:\Documents and Settings\siebwalde\Bureaublad\Siebwalde-Source\trunk\Fiddle Yard\Var_Out.c
     Bridge_Opening_Msg_1   0x007af8    program     extern C:\Documents and Settings\siebwalde\Bureaublad\Siebwalde-Source\trunk\Fiddle Yard\Var_Out.c
    Bridge_Opening_Msg_11   0x007c00    program     extern C:\Documents and Settings\siebwalde\Bureaublad\Siebwalde-Source\trunk\Fiddle Yard\Var_Out.c
    Bridge_Opening_Msg_12   0x007c42    program     extern C:\Documents and Settings\siebwalde\Bureaublad\Siebwalde-Source\trunk\Fiddle Yard\Var_Out.c
    Bridge_Opening_Msg_13   0x007c84    program     extern C:\Documents and Settings\siebwalde\Bureaublad\Siebwalde-Source\trunk\Fiddle Yard\Var_Out.c
    Bridge_Opening_Msg_14   0x007cc6    program     extern C:\Documents and Settings\siebwalde\Bureaublad\Siebwalde-Source\trunk\Fiddle Yard\Var_Out.c
     Bridge_Opening_Msg_2   0x007b3a    program     extern C:\Documents and Settings\siebwalde\Bureaublad\Siebwalde-Source\trunk\Fiddle Yard\Var_Out.c
     Bridge_Opening_Msg_3   0x007b7c    program     extern C:\Documents and Settings\siebwalde\Bureaublad\Siebwalde-Source\trunk\Fiddle Yard\Var_Out.c
     Bridge_Opening_Msg_4   0x007bbe    program     extern C:\Documents and Settings\siebwalde\Bureaublad\Siebwalde-Source\trunk\Fiddle Yard\Var_Out.c
                    CL_10   0x00e1e0    program     extern C:\Documents and Settings\siebwalde\Bureaublad\Siebwalde-Source\trunk\Fiddle Yard\Shift_Register.c
              CL_10_Heart   0x00e20c    program     extern C:\Documents and Settings\siebwalde\Bureaublad\Siebwalde-Source\trunk\Fiddle Yard\Shift_Register.c
  CL_10_Heart_Sensor_Send   0x00779e    program     extern C:\Documents and Settings\siebwalde\Bureaublad\Siebwalde-Source\trunk\Fiddle Yard\Var_Out.c
     CalcIPBufferChecksum   0x00cae2    program     extern C:\Documents and Settings\siebwalde\Bureaublad\Siebwalde-Source\trunk\Fiddle Yard\Microchip\TCPIP Stack\ETH97J60.c
           CalcIPChecksum   0x00a406    program     extern C:\Documents and Settings\siebwalde\Bureaublad\Siebwalde-Source\trunk\Fiddle Yard\Microchip\TCPIP Stack\Helpers.c
            Calc_Track_Nr   0x00dfa8    program     static C:\Documents and Settings\siebwalde\Bureaublad\Siebwalde-Source\trunk\Fiddle Yard\Shift_Register.c
                CloseI2C2   0x012d40    program     extern C:\Documents and Settings\siebwalde\Bureaublad\Siebwalde-Source\trunk\Fiddle Yard\I2c2\i2c2clos.c
 Collect_Finished_Fy_Full   0x007a32    program     extern C:\Documents and Settings\siebwalde\Bureaublad\Siebwalde-Source\trunk\Fiddle Yard\Var_Out.c
              Collect_Off   0x007ab6    program     extern C:\Documents and Settings\siebwalde\Bureaublad\Siebwalde-Source\trunk\Fiddle Yard\Var_Out.c
               Collect_On   0x007a74    program     extern C:\Documents and Settings\siebwalde\Bureaublad\Siebwalde-Source\trunk\Fiddle Yard\Var_Out.c
                  Command   0x00f67a    program     extern C:\Documents and Settings\siebwalde\Bureaublad\Siebwalde-Source\trunk\Fiddle Yard\Command_Machine.c
              Command_Exe   0x00f7a4    program     static C:\Documents and Settings\siebwalde\Bureaublad\Siebwalde-Source\trunk\Fiddle Yard\Command_Machine.c
                    D1K_1   0x012cdc    program     static C:\MCC18\src\traditional\delays\d1ktcyx.asm
                     D1Kx   0x012cda    program     static C:\MCC18\src\traditional\delays\d1ktcyx.asm
              DHCPDisable   0x00d1ca    program     extern C:\Documents and Settings\siebwalde\Bureaublad\Siebwalde-Source\trunk\Fiddle Yard\Microchip\TCPIP Stack\DHCP.c
               DHCPEnable   0x00d1f2    program     extern C:\Documents and Settings\siebwalde\Bureaublad\Siebwalde-Source\trunk\Fiddle Yard\Microchip\TCPIP Stack\DHCP.c
                 DHCPInit   0x00d17c    program     extern C:\Documents and Settings\siebwalde\Bureaublad\Siebwalde-Source\trunk\Fiddle Yard\Microchip\TCPIP Stack\DHCP.c
              DHCPIsBound   0x00d22c    program     extern C:\Documents and Settings\siebwalde\Bureaublad\Siebwalde-Source\trunk\Fiddle Yard\Microchip\TCPIP Stack\DHCP.c
            DHCPIsEnabled   0x00d20e    program     extern C:\Documents and Settings\siebwalde\Bureaublad\Siebwalde-Source\trunk\Fiddle Yard\Microchip\TCPIP Stack\DHCP.c
     DHCPIsServerDetected   0x00d264    program     extern C:\Documents and Settings\siebwalde\Bureaublad\Siebwalde-Source\trunk\Fiddle Yard\Microchip\TCPIP Stack\DHCP.c
         DHCPStateChanged   0x00d244    program     extern C:\Documents and Settings\siebwalde\Bureaublad\Siebwalde-Source\trunk\Fiddle Yard\Microchip\TCPIP Stack\DHCP.c
                 DHCPTask   0x00d280    program     extern C:\Documents and Settings\siebwalde\Bureaublad\Siebwalde-Source\trunk\Fiddle Yard\Microchip\TCPIP Stack\DHCP.c
              DataRdyI2C2   0x012d1c    program     extern C:\Documents and Settings\siebwalde\Bureaublad\Siebwalde-Source\trunk\Fiddle Yard\I2c2\i2c2dtrd.c
              Delay1KTCYx   0x012cd0    program     extern C:\MCC18\src\traditional\delays\d1ktcyx.asm
               Diagnostic   0x00e72c    program     extern C:\Documents and Settings\siebwalde\Bureaublad\Siebwalde-Source\trunk\Fiddle Yard\Diagnostic_ret.c
            DiscoveryTask   0x011e54    program     extern C:\Documents and Settings\siebwalde\Bureaublad\Siebwalde-Source\trunk\Fiddle Yard\Microchip\TCPIP Stack\Announce.c
     Drive_Train_IO_Reset   0x007dce    program     extern C:\Documents and Settings\siebwalde\Bureaublad\Siebwalde-Source\trunk\Fiddle Yard\Drive_Train_IO.c
                   EOS_10   0x00e2a2    program     extern C:\Documents and Settings\siebwalde\Bureaublad\Siebwalde-Source\trunk\Fiddle Yard\Shift_Register.c
                   EOS_11   0x00e2d4    program     extern C:\Documents and Settings\siebwalde\Bureaublad\Siebwalde-Source\trunk\Fiddle Yard\Shift_Register.c
        ERROR_Code_Report   0x00b530    program     extern C:\Documents and Settings\siebwalde\Bureaublad\Siebwalde-Source\trunk\Fiddle Yard\State_Machine.c
             Enable_Track   0x00e628    program     extern C:\Documents and Settings\siebwalde\Bureaublad\Siebwalde-Source\trunk\Fiddle Yard\Shift_Register.c
      Enable_Track_Status   0x00e4fa    program     extern C:\Documents and Settings\siebwalde\Bureaublad\Siebwalde-Source\trunk\Fiddle Yard\Shift_Register.c
     EndOffStroke_10_Send   0x0079ae    program     extern C:\Documents and Settings\siebwalde\Bureaublad\Siebwalde-Source\trunk\Fiddle Yard\Var_Out.c
     EndOffStroke_11_Send   0x00792a    program     extern C:\Documents and Settings\siebwalde\Bureaublad\Siebwalde-Source\trunk\Fiddle Yard\Var_Out.c
                 Exe_Cmd_   0x00f60e    program     extern C:\Documents and Settings\siebwalde\Bureaublad\Siebwalde-Source\trunk\Fiddle Yard\Command_Machine.c
           Exe_Cmd_Resume   0x00f656    program     extern C:\Documents and Settings\siebwalde\Bureaublad\Siebwalde-Source\trunk\Fiddle Yard\Command_Machine.c
              Exe_Cmd_Ret   0x00f630    program     extern C:\Documents and Settings\siebwalde\Bureaublad\Siebwalde-Source\trunk\Fiddle Yard\Command_Machine.c
                      F10   0x00e36a    program     extern C:\Documents and Settings\siebwalde\Bureaublad\Siebwalde-Source\trunk\Fiddle Yard\Shift_Register.c
                      F11   0x00e270    program     extern C:\Documents and Settings\siebwalde\Bureaublad\Siebwalde-Source\trunk\Fiddle Yard\Shift_Register.c
                      F12   0x00e39c    program     extern C:\Documents and Settings\siebwalde\Bureaublad\Siebwalde-Source\trunk\Fiddle Yard\Shift_Register.c
                      F13   0x00e338    program     extern C:\Documents and Settings\siebwalde\Bureaublad\Siebwalde-Source\trunk\Fiddle Yard\Shift_Register.c
                 FXD1616U   0x012c02    program     extern C:\MCC18\src\traditional\math\fxd1616u.c
                 FXD3232U   0x012b7e    program     extern C:\MCC18\src\traditional\math\fxd3232u.c
                 FXM1616U   0x012bc6    program     extern C:\MCC18\src\traditional\math\fxm1616u.asm
        Fiddle_Init_Reset   0x01171a    program     extern C:\Documents and Settings\siebwalde\Bureaublad\Siebwalde-Source\trunk\Fiddle Yard\Fiddle_Init.c
   Fiddle_Move_Ctrl_Reset   0x000158    program     extern C:\Documents and Settings\siebwalde\Bureaublad\Siebwalde-Source\trunk\Fiddle Yard\Fiddle_Move_Ctrl.c
     Fiddle_Multiple_Left   0x0033dc    program     extern C:\Documents and Settings\siebwalde\Bureaublad\Siebwalde-Source\trunk\Fiddle Yard\Fiddle_Move_Ctrl.c
  Fiddle_Multiple_Left_Ok   0x007276    program     extern C:\Documents and Settings\siebwalde\Bureaublad\Siebwalde-Source\trunk\Fiddle Yard\Var_Out.c
    Fiddle_Multiple_Right   0x0005aa    program     extern C:\Documents and Settings\siebwalde\Bureaublad\Siebwalde-Source\trunk\Fiddle Yard\Fiddle_Move_Ctrl.c
 Fiddle_Multiple_Right_Ok   0x0072b8    program     extern C:\Documents and Settings\siebwalde\Bureaublad\Siebwalde-Source\trunk\Fiddle Yard\Var_Out.c
          Fiddle_One_Left   0x004a5c    program     extern C:\Documents and Settings\siebwalde\Bureaublad\Siebwalde-Source\trunk\Fiddle Yard\Fiddle_Move_Ctrl.c
       Fiddle_One_Left_Ok   0x0071f2    program     extern C:\Documents and Settings\siebwalde\Bureaublad\Siebwalde-Source\trunk\Fiddle Yard\Var_Out.c
         Fiddle_One_Right   0x001c9c    program     extern C:\Documents and Settings\siebwalde\Bureaublad\Siebwalde-Source\trunk\Fiddle Yard\Fiddle_Move_Ctrl.c
      Fiddle_One_Right_Ok   0x007234    program     extern C:\Documents and Settings\siebwalde\Bureaublad\Siebwalde-Source\trunk\Fiddle Yard\Var_Out.c
         Fiddle_Yard_Full   0x008206    program     extern C:\Documents and Settings\siebwalde\Bureaublad\Siebwalde-Source\trunk\Fiddle Yard\Drive_Train_IO.c
        Fiddle_Yard_Reset   0x007696    program     extern C:\Documents and Settings\siebwalde\Bureaublad\Siebwalde-Source\trunk\Fiddle Yard\Var_Out.c
   Fiddle_Yard_Soft_Start   0x007612    program     extern C:\Documents and Settings\siebwalde\Bureaublad\Siebwalde-Source\trunk\Fiddle Yard\Var_Out.c
      Fiddle_Yard_Stopped   0x007654    program     extern C:\Documents and Settings\siebwalde\Bureaublad\Siebwalde-Source\trunk\Fiddle Yard\Var_Out.c
       FindMatchingSocket   0x00c1f0    program     static C:\Documents and Settings\siebwalde\Bureaublad\Siebwalde-Source\trunk\Fiddle Yard\Microchip\TCPIP Stack\UDP.c
        FormatNetBIOSName   0x00a5f0    program     extern C:\Documents and Settings\siebwalde\Bureaublad\Siebwalde-Source\trunk\Fiddle Yard\Microchip\TCPIP Stack\Helpers.c
                     GREG   0x012d0c    program     extern C:\Documents and Settings\siebwalde\Bureaublad\Siebwalde-Source\trunk\Fiddle Yard\IO_Expander.c
      GenerateRandomDWORD   0x0098a4    program     extern C:\Documents and Settings\siebwalde\Bureaublad\Siebwalde-Source\trunk\Fiddle Yard\Microchip\TCPIP Stack\Helpers.c
              GetTickCopy   0x012568    program     static C:\Documents and Settings\siebwalde\Bureaublad\Siebwalde-Source\trunk\Fiddle Yard\Microchip\TCPIP Stack\Tick.c
              ICMPProcess   0x012412    program     extern C:\Documents and Settings\siebwalde\Bureaublad\Siebwalde-Source\trunk\Fiddle Yard\Microchip\TCPIP Stack\ICMP.c
                       IO   0x00dde4    program     extern C:\Documents and Settings\siebwalde\Bureaublad\Siebwalde-Source\trunk\Fiddle Yard\Shift_Register.c
               IOExpander   0x00fc76    program     extern C:\Documents and Settings\siebwalde\Bureaublad\Siebwalde-Source\trunk\Fiddle Yard\IO_Expander.c
        IOExpander_Update   0x00fc60    program     extern C:\Documents and Settings\siebwalde\Bureaublad\Siebwalde-Source\trunk\Fiddle Yard\IO_Expander.c
              IPGetHeader   0x011320    program     extern C:\Documents and Settings\siebwalde\Bureaublad\Siebwalde-Source\trunk\Fiddle Yard\Microchip\TCPIP Stack\IP.c
              IPPutHeader   0x011494    program     extern C:\Documents and Settings\siebwalde\Bureaublad\Siebwalde-Source\trunk\Fiddle Yard\Microchip\TCPIP Stack\IP.c
            IPSetRxBuffer   0x0115f8    program     extern C:\Documents and Settings\siebwalde\Bureaublad\Siebwalde-Source\trunk\Fiddle Yard\Microchip\TCPIP Stack\IP.c
                 IdleI2C2   0x012cac    program     extern C:\Documents and Settings\siebwalde\Bureaublad\Siebwalde-Source\trunk\Fiddle Yard\I2c2\i2c2idle.c
            InitAppConfig   0x011c7e    program     static C:\Documents and Settings\siebwalde\Bureaublad\Siebwalde-Source\trunk\Fiddle Yard\Fiddle Yard.c
                  Init_Ad   0x011c56    program     static C:\Documents and Settings\siebwalde\Bureaublad\Siebwalde-Source\trunk\Fiddle Yard\Fiddle Yard.c
                Init_Done   0x007402    program     extern C:\Documents and Settings\siebwalde\Bureaublad\Siebwalde-Source\trunk\Fiddle Yard\Var_Out.c
         Init_Fiddle_Yard   0x01173a    program     extern C:\Documents and Settings\siebwalde\Bureaublad\Siebwalde-Source\trunk\Fiddle Yard\Fiddle_Init.c
          Init_IOExpander   0x010030    program     extern C:\Documents and Settings\siebwalde\Bureaublad\Siebwalde-Source\trunk\Fiddle Yard\IO_Expander.c
                 Init_Pwm   0x011c60    program     static C:\Documents and Settings\siebwalde\Bureaublad\Siebwalde-Source\trunk\Fiddle Yard\Fiddle Yard.c
             Init_Started   0x0074c8    program     extern C:\Documents and Settings\siebwalde\Bureaublad\Siebwalde-Source\trunk\Fiddle Yard\Var_Out.c
              Init_Timers   0x011c26    program     static C:\Documents and Settings\siebwalde\Bureaublad\Siebwalde-Source\trunk\Fiddle Yard\Fiddle Yard.c
                 LFSRRand   0x009810    program     extern C:\Documents and Settings\siebwalde\Bureaublad\Siebwalde-Source\trunk\Fiddle Yard\Microchip\TCPIP Stack\Helpers.c
             LFSRSeedRand   0x009758    program     extern C:\Documents and Settings\siebwalde\Bureaublad\Siebwalde-Source\trunk\Fiddle Yard\Microchip\TCPIP Stack\Helpers.c
       Laatste_Spoor_Send   0x00796c    program     extern C:\Documents and Settings\siebwalde\Bureaublad\Siebwalde-Source\trunk\Fiddle Yard\Var_Out.c
                      M10   0x00e5f4    program     extern C:\Documents and Settings\siebwalde\Bureaublad\Siebwalde-Source\trunk\Fiddle Yard\Shift_Register.c
               M10_Status   0x00e4c8    program     extern C:\Documents and Settings\siebwalde\Bureaublad\Siebwalde-Source\trunk\Fiddle Yard\Shift_Register.c
        MACCalcRxChecksum   0x00ca20    program     extern C:\Documents and Settings\siebwalde\Bureaublad\Siebwalde-Source\trunk\Fiddle Yard\Microchip\TCPIP Stack\ETH97J60.c
             MACDiscardRx   0x00c542    program     extern C:\Documents and Settings\siebwalde\Bureaublad\Siebwalde-Source\trunk\Fiddle Yard\Microchip\TCPIP Stack\ETH97J60.c
                 MACFlush   0x00c8de    program     extern C:\Documents and Settings\siebwalde\Bureaublad\Siebwalde-Source\trunk\Fiddle Yard\Microchip\TCPIP Stack\ETH97J60.c
                   MACGet   0x00cf64    program     extern C:\Documents and Settings\siebwalde\Bureaublad\Siebwalde-Source\trunk\Fiddle Yard\Microchip\TCPIP Stack\ETH97J60.c
              MACGetArray   0x00cf6a    program     extern C:\Documents and Settings\siebwalde\Bureaublad\Siebwalde-Source\trunk\Fiddle Yard\Microchip\TCPIP Stack\ETH97J60.c
         MACGetFreeRxSize   0x00c5d2    program     extern C:\Documents and Settings\siebwalde\Bureaublad\Siebwalde-Source\trunk\Fiddle Yard\Microchip\TCPIP Stack\ETH97J60.c
             MACGetHeader   0x00c6ca    program     extern C:\Documents and Settings\siebwalde\Bureaublad\Siebwalde-Source\trunk\Fiddle Yard\Microchip\TCPIP Stack\ETH97J60.c
                  MACInit   0x00c3dc    program     extern C:\Documents and Settings\siebwalde\Bureaublad\Siebwalde-Source\trunk\Fiddle Yard\Microchip\TCPIP Stack\ETH97J60.c
              MACIsLinked   0x00c4e8    program     extern C:\Documents and Settings\siebwalde\Bureaublad\Siebwalde-Source\trunk\Fiddle Yard\Microchip\TCPIP Stack\ETH97J60.c
         MACIsMemCopyDone   0x00cf56    program     extern C:\Documents and Settings\siebwalde\Bureaublad\Siebwalde-Source\trunk\Fiddle Yard\Microchip\TCPIP Stack\ETH97J60.c
             MACIsTxReady   0x00c508    program     extern C:\Documents and Settings\siebwalde\Bureaublad\Siebwalde-Source\trunk\Fiddle Yard\Microchip\TCPIP Stack\ETH97J60.c
          MACMemCopyAsync   0x00cce6    program     extern C:\Documents and Settings\siebwalde\Bureaublad\Siebwalde-Source\trunk\Fiddle Yard\Microchip\TCPIP Stack\ETH97J60.c
             MACPowerDown   0x00d15c    program     extern C:\Documents and Settings\siebwalde\Bureaublad\Siebwalde-Source\trunk\Fiddle Yard\Microchip\TCPIP Stack\ETH97J60.c
               MACPowerUp   0x00d16e    program     extern C:\Documents and Settings\siebwalde\Bureaublad\Siebwalde-Source\trunk\Fiddle Yard\Microchip\TCPIP Stack\ETH97J60.c
                   MACPut   0x00d00a    program     extern C:\Documents and Settings\siebwalde\Bureaublad\Siebwalde-Source\trunk\Fiddle Yard\Microchip\TCPIP Stack\ETH97J60.c
              MACPutArray   0x00d024    program     extern C:\Documents and Settings\siebwalde\Bureaublad\Siebwalde-Source\trunk\Fiddle Yard\Microchip\TCPIP Stack\ETH97J60.c
             MACPutHeader   0x00c856    program     extern C:\Documents and Settings\siebwalde\Bureaublad\Siebwalde-Source\trunk\Fiddle Yard\Microchip\TCPIP Stack\ETH97J60.c
           MACPutROMArray   0x00d068    program     extern C:\Documents and Settings\siebwalde\Bureaublad\Siebwalde-Source\trunk\Fiddle Yard\Microchip\TCPIP Stack\ETH97J60.c
            MACSetReadPtr   0x00c9da    program     extern C:\Documents and Settings\siebwalde\Bureaublad\Siebwalde-Source\trunk\Fiddle Yard\Microchip\TCPIP Stack\ETH97J60.c
        MACSetReadPtrInRx   0x00c914    program     extern C:\Documents and Settings\siebwalde\Bureaublad\Siebwalde-Source\trunk\Fiddle Yard\Microchip\TCPIP Stack\ETH97J60.c
           MACSetWritePtr   0x00c994    program     extern C:\Documents and Settings\siebwalde\Bureaublad\Siebwalde-Source\trunk\Fiddle Yard\Microchip\TCPIP Stack\ETH97J60.c
              NBNSGetName   0x010706    program     static C:\Documents and Settings\siebwalde\Bureaublad\Siebwalde-Source\trunk\Fiddle Yard\Microchip\TCPIP Stack\NBNS.c
              NBNSPutName   0x010692    program     static C:\Documents and Settings\siebwalde\Bureaublad\Siebwalde-Source\trunk\Fiddle Yard\Microchip\TCPIP Stack\NBNS.c
                 NBNSTask   0x010258    program     extern C:\Documents and Settings\siebwalde\Bureaublad\Siebwalde-Source\trunk\Fiddle Yard\Microchip\TCPIP Stack\NBNS.c
               NotAckI2C2   0x012d2c    program     extern C:\Documents and Settings\siebwalde\Bureaublad\Siebwalde-Source\trunk\Fiddle Yard\I2c2\i2c2nack.c
    Old_Track2_When_Error   0x010e5e    program     extern C:\Documents and Settings\siebwalde\Bureaublad\Siebwalde-Source\trunk\Fiddle Yard\Track_Move_Ctrl.c
Old_Track2_When_Error_Ret   0x010e92    program     extern C:\Documents and Settings\siebwalde\Bureaublad\Siebwalde-Source\trunk\Fiddle Yard\Track_Move_Ctrl.c
                 OpenI2C2   0x012c5a    program     extern C:\Documents and Settings\siebwalde\Bureaublad\Siebwalde-Source\trunk\Fiddle Yard\I2c2\i2c2open.c
               PWM_Update   0x00051a    program     extern C:\Documents and Settings\siebwalde\Bureaublad\Siebwalde-Source\trunk\Fiddle Yard\Fiddle_Move_Ctrl.c
                Pwm_Brake   0x000562    program     extern C:\Documents and Settings\siebwalde\Bureaublad\Siebwalde-Source\trunk\Fiddle Yard\Fiddle_Move_Ctrl.c
     ROMStringToIPAddress   0x009d20    program     extern C:\Documents and Settings\siebwalde\Bureaublad\Siebwalde-Source\trunk\Fiddle Yard\Microchip\TCPIP Stack\Helpers.c
                 ReadI2C2   0x012a60    program     extern C:\Documents and Settings\siebwalde\Bureaublad\Siebwalde-Source\trunk\Fiddle Yard\I2c2\i2c2read.c
               ReadPHYReg   0x00d0be    program     extern C:\Documents and Settings\siebwalde\Bureaublad\Siebwalde-Source\trunk\Fiddle Yard\Microchip\TCPIP Stack\ETH97J60.c
                 ResetPic   0x00fc5e    program     extern C:\Documents and Settings\siebwalde\Bureaublad\Siebwalde-Source\trunk\Fiddle Yard\Command_Machine.c
              RestartI2C2   0x012d3c    program     extern C:\Documents and Settings\siebwalde\Bureaublad\Siebwalde-Source\trunk\Fiddle Yard\I2c2\i2c2rstr.c
                   SPARE2   0x00e23e    program     extern C:\Documents and Settings\siebwalde\Bureaublad\Siebwalde-Source\trunk\Fiddle Yard\Shift_Register.c
                   SPARE3   0x00e306    program     extern C:\Documents and Settings\siebwalde\Bureaublad\Siebwalde-Source\trunk\Fiddle Yard\Shift_Register.c
           Send_Diag_Comm   0x00eacc    program     extern C:\Documents and Settings\siebwalde\Bureaublad\Siebwalde-Source\trunk\Fiddle Yard\Diagnostic_ret.c
          Sensor_F12_Send   0x00771a    program     extern C:\Documents and Settings\siebwalde\Bureaublad\Siebwalde-Source\trunk\Fiddle Yard\Var_Out.c
Sent_Track_Power_Meassage   0x007d8c    program     extern C:\Documents and Settings\siebwalde\Bureaublad\Siebwalde-Source\trunk\Fiddle Yard\Var_Out.c
     SerializedMACAddress   0x00000e    program     static C:\Documents and Settings\siebwalde\Bureaublad\Siebwalde-Source\trunk\Fiddle Yard\Fiddle Yard.c
                SetDCPWM1   0x012b20    program     extern C:\MCC18\src\pmc_common\PWM\pw1setdc.c
                SetDCPWM3   0x012ac2    program     extern C:\MCC18\src\pmc_common\PWM\pw3setdc.c
        StackApplications   0x012258    program     extern C:\Documents and Settings\siebwalde\Bureaublad\Siebwalde-Source\trunk\Fiddle Yard\Microchip\TCPIP Stack\StackTsk.c
                StackInit   0x011fec    program     extern C:\Documents and Settings\siebwalde\Bureaublad\Siebwalde-Source\trunk\Fiddle Yard\Microchip\TCPIP Stack\StackTsk.c
                StackTask   0x012048    program     extern C:\Documents and Settings\siebwalde\Bureaublad\Siebwalde-Source\trunk\Fiddle Yard\Microchip\TCPIP Stack\StackTsk.c
                StartI2C2   0x000014    program     extern C:\Documents and Settings\siebwalde\Bureaublad\Siebwalde-Source\trunk\Fiddle Yard\I2c2\i2c2strt.c
     State_Machine_Update   0x00a6fa    program     extern C:\Documents and Settings\siebwalde\Bureaublad\Siebwalde-Source\trunk\Fiddle Yard\State_Machine.c
                 StopI2C2   0x012d38    program     extern C:\Documents and Settings\siebwalde\Bureaublad\Siebwalde-Source\trunk\Fiddle Yard\I2c2\i2c2stop.c
        StringToIPAddress   0x009acc    program     extern C:\Documents and Settings\siebwalde\Bureaublad\Siebwalde-Source\trunk\Fiddle Yard\Microchip\TCPIP Stack\Helpers.c
            SwapARPPacket   0x010d04    program     extern C:\Documents and Settings\siebwalde\Bureaublad\Siebwalde-Source\trunk\Fiddle Yard\Microchip\TCPIP Stack\ARP.c
             SwapIPHeader   0x011632    program     static C:\Documents and Settings\siebwalde\Bureaublad\Siebwalde-Source\trunk\Fiddle Yard\Microchip\TCPIP Stack\IP.c
                  TR_MEAS   0x00e1b6    program     extern C:\Documents and Settings\siebwalde\Bureaublad\Siebwalde-Source\trunk\Fiddle Yard\Shift_Register.c
             Target_Ready   0x007d4a    program     extern C:\Documents and Settings\siebwalde\Bureaublad\Siebwalde-Source\trunk\Fiddle Yard\Var_Out.c
TickConvertToMilliseconds   0x012640    program     extern C:\Documents and Settings\siebwalde\Bureaublad\Siebwalde-Source\trunk\Fiddle Yard\Microchip\TCPIP Stack\Tick.c
                  TickGet   0x01258e    program     extern C:\Documents and Settings\siebwalde\Bureaublad\Siebwalde-Source\trunk\Fiddle Yard\Microchip\TCPIP Stack\Tick.c
            TickGetDiv256   0x0125a4    program     extern C:\Documents and Settings\siebwalde\Bureaublad\Siebwalde-Source\trunk\Fiddle Yard\Microchip\TCPIP Stack\Tick.c
            TickGetDiv64K   0x0125f2    program     extern C:\Documents and Settings\siebwalde\Bureaublad\Siebwalde-Source\trunk\Fiddle Yard\Microchip\TCPIP Stack\Tick.c
                 TickInit   0x012558    program     extern C:\Documents and Settings\siebwalde\Bureaublad\Siebwalde-Source\trunk\Fiddle Yard\Microchip\TCPIP Stack\Tick.c
               TickUpdate   0x012684    program     extern C:\Documents and Settings\siebwalde\Bureaublad\Siebwalde-Source\trunk\Fiddle Yard\Microchip\TCPIP Stack\Tick.c
    Track_Move_Ctrl_Reset   0x010ddc    program     extern C:\Documents and Settings\siebwalde\Bureaublad\Siebwalde-Source\trunk\Fiddle Yard\Track_Move_Ctrl.c
              Track_Mover   0x010ec4    program     extern C:\Documents and Settings\siebwalde\Bureaublad\Siebwalde-Source\trunk\Fiddle Yard\Track_Move_Ctrl.c
                 Track_Nr   0x00e496    program     extern C:\Documents and Settings\siebwalde\Bureaublad\Siebwalde-Source\trunk\Fiddle Yard\Shift_Register.c
          Train_Detection   0x00f184    program     extern C:\Documents and Settings\siebwalde\Bureaublad\Siebwalde-Source\trunk\Fiddle Yard\Train_Detection.c
 Train_Detection_Finished   0x0072fa    program     extern C:\Documents and Settings\siebwalde\Bureaublad\Siebwalde-Source\trunk\Fiddle Yard\Var_Out.c
    Train_Detection_Reset   0x00ef68    program     extern C:\Documents and Settings\siebwalde\Bureaublad\Siebwalde-Source\trunk\Fiddle Yard\Train_Detection.c
           Train_Drive_In   0x008808    program     extern C:\Documents and Settings\siebwalde\Bureaublad\Siebwalde-Source\trunk\Fiddle Yard\Drive_Train_IO.c
Train_Drive_In_Failed_F12   0x0073c0    program     extern C:\Documents and Settings\siebwalde\Bureaublad\Siebwalde-Source\trunk\Fiddle Yard\Var_Out.c
  Train_Drive_In_Finished   0x00737e    program     extern C:\Documents and Settings\siebwalde\Bureaublad\Siebwalde-Source\trunk\Fiddle Yard\Var_Out.c
     Train_Drive_In_Start   0x00754c    program     extern C:\Documents and Settings\siebwalde\Bureaublad\Siebwalde-Source\trunk\Fiddle Yard\Var_Out.c
          Train_Drive_Out   0x009220    program     extern C:\Documents and Settings\siebwalde\Bureaublad\Siebwalde-Source\trunk\Fiddle Yard\Drive_Train_IO.c
Train_Drive_Out_Cancelled   0x007d08    program     extern C:\Documents and Settings\siebwalde\Bureaublad\Siebwalde-Source\trunk\Fiddle Yard\Var_Out.c
 Train_Drive_Out_Finished   0x00733c    program     extern C:\Documents and Settings\siebwalde\Bureaublad\Siebwalde-Source\trunk\Fiddle Yard\Var_Out.c
    Train_Drive_Out_Start   0x0075d0    program     extern C:\Documents and Settings\siebwalde\Bureaublad\Siebwalde-Source\trunk\Fiddle Yard\Var_Out.c
Train_In_Track_Out_Count_Repeater_Ret   0x0080b6    program     extern C:\Documents and Settings\siebwalde\Bureaublad\Siebwalde-Source\trunk\Fiddle Yard\Drive_Train_IO.c
Train_In_Track_Out_Count_Set   0x0080f6    program     extern C:\Documents and Settings\siebwalde\Bureaublad\Siebwalde-Source\trunk\Fiddle Yard\Drive_Train_IO.c
    Train_In_Track_actual   0x008130    program     extern C:\Documents and Settings\siebwalde\Bureaublad\Siebwalde-Source\trunk\Fiddle Yard\Drive_Train_IO.c
              Train_On_5B   0x00750a    program     extern C:\Documents and Settings\siebwalde\Bureaublad\Siebwalde-Source\trunk\Fiddle Yard\Var_Out.c
              Train_On_8A   0x00758e    program     extern C:\Documents and Settings\siebwalde\Bureaublad\Siebwalde-Source\trunk\Fiddle Yard\Var_Out.c
    Trains_On_Fiddle_Yard   0x0081c6    program     extern C:\Documents and Settings\siebwalde\Bureaublad\Siebwalde-Source\trunk\Fiddle Yard\Drive_Train_IO.c
                 UDPClose   0x00b802    program     extern C:\Documents and Settings\siebwalde\Bureaublad\Siebwalde-Source\trunk\Fiddle Yard\Microchip\TCPIP Stack\UDP.c
               UDPDiscard   0x00bfa6    program     extern C:\Documents and Settings\siebwalde\Bureaublad\Siebwalde-Source\trunk\Fiddle Yard\Microchip\TCPIP Stack\UDP.c
                 UDPFlush   0x00bcde    program     extern C:\Documents and Settings\siebwalde\Bureaublad\Siebwalde-Source\trunk\Fiddle Yard\Microchip\TCPIP Stack\UDP.c
                   UDPGet   0x00be7c    program     extern C:\Documents and Settings\siebwalde\Bureaublad\Siebwalde-Source\trunk\Fiddle Yard\Microchip\TCPIP Stack\UDP.c
              UDPGetArray   0x00bec8    program     extern C:\Documents and Settings\siebwalde\Bureaublad\Siebwalde-Source\trunk\Fiddle Yard\Microchip\TCPIP Stack\UDP.c
                  UDPInit   0x00b62a    program     extern C:\Documents and Settings\siebwalde\Bureaublad\Siebwalde-Source\trunk\Fiddle Yard\Microchip\TCPIP Stack\UDP.c
            UDPIsGetReady   0x00be2c    program     extern C:\Documents and Settings\siebwalde\Bureaublad\Siebwalde-Source\trunk\Fiddle Yard\Microchip\TCPIP Stack\UDP.c
            UDPIsPutReady   0x00b916    program     extern C:\Documents and Settings\siebwalde\Bureaublad\Siebwalde-Source\trunk\Fiddle Yard\Microchip\TCPIP Stack\UDP.c
                  UDPOpen   0x00b65c    program     extern C:\Documents and Settings\siebwalde\Bureaublad\Siebwalde-Source\trunk\Fiddle Yard\Microchip\TCPIP Stack\UDP.c
               UDPProcess   0x00bfc0    program     extern C:\Documents and Settings\siebwalde\Bureaublad\Siebwalde-Source\trunk\Fiddle Yard\Microchip\TCPIP Stack\UDP.c
                   UDPPut   0x00b996    program     extern C:\Documents and Settings\siebwalde\Bureaublad\Siebwalde-Source\trunk\Fiddle Yard\Microchip\TCPIP Stack\UDP.c
              UDPPutArray   0x00b9f2    program     extern C:\Documents and Settings\siebwalde\Bureaublad\Siebwalde-Source\trunk\Fiddle Yard\Microchip\TCPIP Stack\UDP.c
           UDPPutROMArray   0x00bade    program     extern C:\Documents and Settings\siebwalde\Bureaublad\Siebwalde-Source\trunk\Fiddle Yard\Microchip\TCPIP Stack\UDP.c
          UDPPutROMString   0x00bc50    program     extern C:\Documents and Settings\siebwalde\Bureaublad\Siebwalde-Source\trunk\Fiddle Yard\Microchip\TCPIP Stack\UDP.c
             UDPPutString   0x00bbd0    program     extern C:\Documents and Settings\siebwalde\Bureaublad\Siebwalde-Source\trunk\Fiddle Yard\Microchip\TCPIP Stack\UDP.c
           UDPSetRxBuffer   0x00b8d2    program     extern C:\Documents and Settings\siebwalde\Bureaublad\Siebwalde-Source\trunk\Fiddle Yard\Microchip\TCPIP Stack\UDP.c
           UDPSetTxBuffer   0x00b864    program     extern C:\Documents and Settings\siebwalde\Bureaublad\Siebwalde-Source\trunk\Fiddle Yard\Microchip\TCPIP Stack\UDP.c
                  UDPTask   0x00b656    program     extern C:\Documents and Settings\siebwalde\Bureaublad\Siebwalde-Source\trunk\Fiddle Yard\Microchip\TCPIP Stack\UDP.c
     Universal_Error_Send   0x0079f0    program     extern C:\Documents and Settings\siebwalde\Bureaublad\Siebwalde-Source\trunk\Fiddle Yard\Var_Out.c
         Var_Out_Programm   0x0061be    program     extern C:\Documents and Settings\siebwalde\Bureaublad\Siebwalde-Source\trunk\Fiddle Yard\Var_Out.c
         Var_Out_Switcher   0x006372    program     extern C:\Documents and Settings\siebwalde\Bureaublad\Siebwalde-Source\trunk\Fiddle Yard\Var_Out.c
                WriteI2C2   0x0128e0    program     extern C:\Documents and Settings\siebwalde\Bureaublad\Siebwalde-Source\trunk\Fiddle Yard\I2c2\i2c2writ.c
              WritePHYReg   0x00d118    program     extern C:\Documents and Settings\siebwalde\Bureaublad\Siebwalde-Source\trunk\Fiddle Yard\Microchip\TCPIP Stack\ETH97J60.c
              _2jContinue   0x01236e    program     static C:\MCC18\src\traditional\stdclib\memset.asm
                   _2jEnd   0x0123d2    program     static C:\MCC18\src\traditional\stdclib\slenpgm.asm
              _3jContinue   0x01233a    program     static C:\MCC18\src\traditional\stdclib\mcpyp2r.asm
                   _3jEnd   0x012378    program     static C:\MCC18\src\traditional\stdclib\memset.asm
              _4jContinue   0x0122e6    program     static C:\MCC18\src\traditional\stdclib\memcpy.asm
              _4jContinue   0x01228c    program     static C:\MCC18\src\traditional\stdclib\memcmp.asm
                   _4jEnd   0x012344    program     static C:\MCC18\src\traditional\stdclib\mcpyp2r.asm
                   _5jEnd   0x0122f0    program     static C:\MCC18\src\traditional\stdclib\memcpy.asm
                   _5jEnd   0x012296    program     static C:\MCC18\src\traditional\stdclib\memcmp.asm
        _D1KTCYXCODE_0010   0x012ce0    program     static C:\MCC18\src\traditional\delays\d1ktcyx.asm
        _D1KTCYXCODE_0016   0x012ce6    program     static C:\MCC18\src\traditional\delays\d1ktcyx.asm
             _DHCPReceive   0x00d6f0    program     static C:\Documents and Settings\siebwalde\Bureaublad\Siebwalde-Source\trunk\Fiddle Yard\Microchip\TCPIP Stack\DHCP.c
                _DHCPSend   0x00db34    program     static C:\Documents and Settings\siebwalde\Bureaublad\Siebwalde-Source\trunk\Fiddle Yard\Microchip\TCPIP Stack\DHCP.c
           ___do_lbl00002   0x012586    program     static                          
           ___do_lbl00003   0x01258a    program     static                          
           ___do_lbl00004   0x012568    program     static                          
          ___for_lbl00100   0x00a5ac    program     static                          
          ___for_lbl00101   0x00a5b2    program     static                          
          ___for_lbl00102   0x00a58e    program     static                          
          ___for_lbl00103   0x00a5c6    program     static                          
          ___for_lbl00104   0x00a5ca    program     static                          
          ___for_lbl00105   0x00a5b2    program     static                          
           ___if_lbl00014   0x0099b8    program     static                          
           ___if_lbl00015   0x0099d6    program     static                          
           ___if_lbl00016   0x009a68    program     static                          
           ___if_lbl00017   0x009a6e    program     static                          
           ___if_lbl00020   0x00c6e0    program     static                          
           ___if_lbl00021   0x00c6f0    program     static                          
           ___if_lbl00027   0x00c7be    program     static                          
           ___if_lbl00030   0x00c836    program     static                          
       ___return_lbl00000   0x00c4de    program     static                          
       ___return_lbl00000   0x012bc4    program     static                          
       ___return_lbl00000   0x012c2c    program     static                          
       ___return_lbl00000   0x000004    program     static                          
       ___return_lbl00001   0x01258c    program     static                          
       ___return_lbl00001   0x012d0a    program     static                          
       ___return_lbl00002   0x012a5e    program     static                          
       ___return_lbl00006   0x00000c    program     static                          
       ___return_lbl00008   0x00001c    program     static                          
       ___return_lbl00009   0x009ab8    program     static                          
       ___return_lbl00019   0x00c83e    program     static                          
       ___return_lbl00079   0x00d01c    program     static                          
       ___return_lbl00080   0x00d060    program     static                          
       ___return_lbl00083   0x00d0b6    program     static                          
       ___return_lbl00086   0x00d104    program     static                          
       ___return_lbl00089   0x00d152    program     static                          
       ___return_lbl00099   0x00a5dc    program     static                          
        ___while_lbl00001   0x00c3ee    program     static                          
        ___while_lbl00002   0x00c3f4    program     static                          
        ___while_lbl00010   0x009912    program     static                          
        ___while_lbl00011   0x009a70    program     static                          
        ___while_lbl00012   0x00991a    program     static                          
        ___while_lbl00013   0x00991e    program     static                          
        ___while_lbl00081   0x00d02c    program     static                          
        ___while_lbl00082   0x00d060    program     static                          
        ___while_lbl00084   0x00d070    program     static                          
        ___while_lbl00085   0x00d0b6    program     static                          
        ___while_lbl00087   0x00d0da    program     static                          
        ___while_lbl00088   0x00d0e0    program     static                          
        ___while_lbl00090   0x00d14c    program     static                          
        ___while_lbl00091   0x00d152    program     static                          
               __config_0   0x01fff8    program     static C:\Documents and Settings\siebwalde\Bureaublad\Siebwalde-Source\trunk\Fiddle Yard\Fiddle Yard.c
               __config_1   0x01fff9    program     static C:\Documents and Settings\siebwalde\Bureaublad\Siebwalde-Source\trunk\Fiddle Yard\Fiddle Yard.c
               __config_2   0x01fffa    program     static C:\Documents and Settings\siebwalde\Bureaublad\Siebwalde-Source\trunk\Fiddle Yard\Fiddle Yard.c
               __config_3   0x01fffb    program     static C:\Documents and Settings\siebwalde\Bureaublad\Siebwalde-Source\trunk\Fiddle Yard\Fiddle Yard.c
               __config_4   0x01fffc    program     static C:\Documents and Settings\siebwalde\Bureaublad\Siebwalde-Source\trunk\Fiddle Yard\Fiddle Yard.c
               __config_5   0x01fffd    program     static C:\Documents and Settings\siebwalde\Bureaublad\Siebwalde-Source\trunk\Fiddle Yard\Fiddle Yard.c
                   __init   0x000006    program     extern C:\MCC18\src\traditional\stdclib\__init.c
               __string_0   0x012ca0    program     static C:\Documents and Settings\siebwalde\Bureaublad\Siebwalde-Source\trunk\Fiddle Yard\Fiddle Yard.c
               __string_0   0x012c84    program     static C:\Documents and Settings\siebwalde\Bureaublad\Siebwalde-Source\trunk\Fiddle Yard\Microchip\TCPIP Stack\Announce.c
               __tmplbl_0   0x00997c    program     static                          
               __tmplbl_1   0x00b51c    program     static                          
              __tmplbl_10   0x00c75a    program     static                          
              __tmplbl_10   0x00b2c2    program     static                          
             __tmplbl_105   0x00320a    program     static                          
             __tmplbl_106   0x00304e    program     static                          
             __tmplbl_107   0x002fae    program     static                          
             __tmplbl_108   0x002ece    program     static                          
             __tmplbl_109   0x00282e    program     static                          
              __tmplbl_11   0x00b220    program     static                          
              __tmplbl_11   0x00c758    program     static                          
             __tmplbl_113   0x0033ce    program     static                          
             __tmplbl_114   0x0033ce    program     static                          
             __tmplbl_115   0x0033ce    program     static                          
             __tmplbl_116   0x0033ce    program     static                          
             __tmplbl_117   0x0033ce    program     static                          
             __tmplbl_118   0x0033ce    program     static                          
             __tmplbl_119   0x0033ce    program     static                          
              __tmplbl_12   0x00c824    program     static                          
             __tmplbl_123   0x0033ce    program     static                          
             __tmplbl_124   0x0033ce    program     static                          
             __tmplbl_125   0x0033ce    program     static                          
              __tmplbl_13   0x00c816    program     static                          
             __tmplbl_131   0x0048d6    program     static                          
             __tmplbl_132   0x004718    program     static                          
             __tmplbl_133   0x004678    program     static                          
             __tmplbl_134   0x004598    program     static                          
             __tmplbl_135   0x003e98    program     static                          
             __tmplbl_139   0x004a4e    program     static                          
              __tmplbl_14   0x00c81c    program     static                          
             __tmplbl_140   0x004a4e    program     static                          
             __tmplbl_141   0x004a4e    program     static                          
             __tmplbl_142   0x004a4e    program     static                          
             __tmplbl_143   0x004a4e    program     static                          
             __tmplbl_144   0x004a4e    program     static                          
             __tmplbl_145   0x004a4e    program     static                          
             __tmplbl_149   0x004a4e    program     static                          
              __tmplbl_15   0x006e74    program     static                          
             __tmplbl_150   0x004a4e    program     static                          
             __tmplbl_156   0x005fea    program     static                          
             __tmplbl_157   0x005e1a    program     static                          
             __tmplbl_158   0x005d7a    program     static                          
             __tmplbl_159   0x005c88    program     static                          
             __tmplbl_160   0x0055e8    program     static                          
             __tmplbl_164   0x0061b0    program     static                          
             __tmplbl_165   0x0061b0    program     static                          
             __tmplbl_166   0x0061b0    program     static                          
             __tmplbl_167   0x0061b0    program     static                          
             __tmplbl_168   0x0061b0    program     static                          
             __tmplbl_169   0x0061b0    program     static                          
             __tmplbl_170   0x0061b0    program     static                          
             __tmplbl_171   0x0061b0    program     static                          
             __tmplbl_175   0x0061b0    program     static                          
             __tmplbl_176   0x0061b0    program     static                          
             __tmplbl_177   0x0061b0    program     static                          
              __tmplbl_19   0x007166    program     static                          
               __tmplbl_2   0x00b51c    program     static                          
              __tmplbl_20   0x009210    program     static                          
              __tmplbl_20   0x007166    program     static                          
              __tmplbl_21   0x0091c8    program     static                          
              __tmplbl_21   0x007166    program     static                          
              __tmplbl_22   0x0090fc    program     static                          
              __tmplbl_22   0x007166    program     static                          
              __tmplbl_23   0x0090a6    program     static                          
              __tmplbl_23   0x007166    program     static                          
              __tmplbl_23   0x00b51a    program     static                          
              __tmplbl_24   0x00b51a    program     static                          
              __tmplbl_25   0x00b51a    program     static                          
              __tmplbl_26   0x00b51a    program     static                          
              __tmplbl_27   0x00b51a    program     static                          
              __tmplbl_28   0x00b51a    program     static                          
              __tmplbl_29   0x00b51a    program     static                          
               __tmplbl_3   0x00b4ec    program     static                          
              __tmplbl_30   0x00b51a    program     static                          
              __tmplbl_32   0x009212    program     static                          
              __tmplbl_33   0x009212    program     static                          
               __tmplbl_4   0x00b4bc    program     static                          
               __tmplbl_5   0x00b48e    program     static                          
               __tmplbl_5   0x00c7bc    program     static                          
               __tmplbl_6   0x00b45e    program     static                          
               __tmplbl_6   0x00c7a8    program     static                          
               __tmplbl_7   0x00b430    program     static                          
               __tmplbl_7   0x00c792    program     static                          
               __tmplbl_8   0x00b400    program     static                          
               __tmplbl_8   0x00c77e    program     static                          
              __tmplbl_80   0x001af6    program     static                          
              __tmplbl_81   0x001918    program     static                          
              __tmplbl_82   0x001878    program     static                          
              __tmplbl_83   0x001778    program     static                          
              __tmplbl_84   0x001058    program     static                          
              __tmplbl_88   0x001c8e    program     static                          
              __tmplbl_89   0x001c8e    program     static                          
               __tmplbl_9   0x00c768    program     static                          
               __tmplbl_9   0x00b3be    program     static                          
              __tmplbl_90   0x001c8e    program     static                          
              __tmplbl_91   0x001c8e    program     static                          
              __tmplbl_92   0x001c8e    program     static                          
              __tmplbl_93   0x001c8e    program     static                          
              __tmplbl_94   0x001c8e    program     static                          
              __tmplbl_98   0x001c8e    program     static                          
              __tmplbl_99   0x001c8e    program     static                          
            __zero_memory   0x012c2e    program     extern C:\MCC18\src\traditional\proc\p18F97J60.asm
                _do_cinit   0x0129c2    program     extern C:\MCC18\src\traditional\startup\c018i.c
                   _entry   0x000000    program     extern C:\MCC18\src\traditional\startup\c018i.c
                   _false   0x012bc0    program     static                          
                 _startup   0x012cf0    program     extern C:\MCC18\src\traditional\startup\c018i.c
             btohexa_high   0x00a18c    program     extern C:\Documents and Settings\siebwalde\Bureaublad\Siebwalde-Source\trunk\Fiddle Yard\Microchip\TCPIP Stack\Helpers.c
              btohexa_low   0x00a1c2    program     extern C:\Documents and Settings\siebwalde\Bureaublad\Siebwalde-Source\trunk\Fiddle Yard\Microchip\TCPIP Stack\Helpers.c
                compare_l   0x012c50    program     static C:\MCC18\src\traditional\proc\p18F97J60.asm
                copy_loop   0x012a34    program     static                          
            copy_one_byte   0x012a3a    program     static                          
                     done   0x012a5e    program     static                          
             done_copying   0x012a48    program     static                          
                  endloop   0x012c28    program     static                          
                 getsI2C2   0x012698    program     extern C:\Documents and Settings\siebwalde\Bureaublad\Siebwalde-Source\trunk\Fiddle Yard\I2c2\i2c2gets.c
                  hexatob   0x00a0d0    program     extern C:\Documents and Settings\siebwalde\Bureaublad\Siebwalde-Source\trunk\Fiddle Yard\Microchip\TCPIP Stack\Helpers.c
                 high_isr   0x011b56    program     extern C:\Documents and Settings\siebwalde\Bureaublad\Siebwalde-Source\trunk\Fiddle Yard\Fiddle Yard.c
 interrupt_at_high_vector   0x000008    program     extern C:\Documents and Settings\siebwalde\Bureaublad\Siebwalde-Source\trunk\Fiddle Yard\Fiddle Yard.c
  interrupt_at_low_vector   0x000018    program     extern C:\Documents and Settings\siebwalde\Bureaublad\Siebwalde-Source\trunk\Fiddle Yard\Fiddle Yard.c
                     jEnd   0x01229c    program     static C:\MCC18\src\traditional\stdclib\memcmp.asm
                     jEnd   0x0122f6    program     static C:\MCC18\src\traditional\stdclib\memcpy.asm
                     jEnd   0x01234c    program     static C:\MCC18\src\traditional\stdclib\mcpyp2r.asm
                     jEnd   0x012380    program     static C:\MCC18\src\traditional\stdclib\memset.asm
                     jEnd   0x01239c    program     static C:\MCC18\src\traditional\stdclib\strlen.asm
                     jEnd   0x0123d4    program     static C:\MCC18\src\traditional\stdclib\slenpgm.asm
                     jEnd   0x012410    program     static C:\MCC18\src\traditional\stdclib\strupr.asm
                    jLoop   0x012280    program     static C:\MCC18\src\traditional\stdclib\memcmp.asm
                    jLoop   0x0123fc    program     static C:\MCC18\src\traditional\stdclib\strupr.asm
                    jLoop   0x0122da    program     static C:\MCC18\src\traditional\stdclib\memcpy.asm
                    jLoop   0x0123bc    program     static C:\MCC18\src\traditional\stdclib\slenpgm.asm
                    jLoop   0x012362    program     static C:\MCC18\src\traditional\stdclib\memset.asm
                    jLoop   0x01232e    program     static C:\MCC18\src\traditional\stdclib\mcpyp2r.asm
                    jLoop   0x012392    program     static C:\MCC18\src\traditional\stdclib\strlen.asm
                    jSkip   0x01240c    program     static C:\MCC18\src\traditional\stdclib\strupr.asm
          leftRotateDWORD   0x00a564    program     extern C:\Documents and Settings\siebwalde\Bureaublad\Siebwalde-Source\trunk\Fiddle Yard\Microchip\TCPIP Stack\Helpers.c
                     loop   0x012d00    program     static                          
                     loop   0x012b8c    program     static                          
                     loop   0x012c0c    program     static                          
                   loop_h   0x012c48    program     static C:\MCC18\src\traditional\proc\p18F97J60.asm
                   loop_l   0x012c52    program     static C:\MCC18\src\traditional\proc\p18F97J60.asm
                  low_isr   0x011b68    program     extern C:\Documents and Settings\siebwalde\Bureaublad\Siebwalde-Source\trunk\Fiddle Yard\Fiddle Yard.c
                     main   0x011a82    program     extern C:\Documents and Settings\siebwalde\Bureaublad\Siebwalde-Source\trunk\Fiddle Yard\Fiddle Yard.c
                   memcmp   0x012260    program     extern C:\MCC18\src\traditional\stdclib\memcmp.asm
                   memcpy   0x0122b2    program     extern C:\MCC18\src\traditional\stdclib\memcpy.asm
            memcpypgm2ram   0x012308    program     extern C:\MCC18\src\traditional\stdclib\mcpyp2r.asm
                   memset   0x01234e    program     extern C:\MCC18\src\traditional\stdclib\memset.asm
                 putsI2C2   0x0127d6    program     extern C:\Documents and Settings\siebwalde\Bureaublad\Siebwalde-Source\trunk\Fiddle Yard\I2c2\i2c2puts.c
           stricmppgm2ram   0x00a1f6    program     extern C:\Documents and Settings\siebwalde\Bureaublad\Siebwalde-Source\trunk\Fiddle Yard\Microchip\TCPIP Stack\Helpers.c
                   strlen   0x012382    program     extern C:\MCC18\src\traditional\stdclib\strlen.asm
                strlenpgm   0x01239e    program     extern C:\MCC18\src\traditional\stdclib\slenpgm.asm
                  strnchr   0x00a682    program     extern C:\Documents and Settings\siebwalde\Bureaublad\Siebwalde-Source\trunk\Fiddle Yard\Microchip\TCPIP Stack\Helpers.c
                   strupr   0x0123e8    program     extern C:\MCC18\src\traditional\stdclib\strupr.asm
                    swapl   0x00a360    program     extern C:\Documents and Settings\siebwalde\Bureaublad\Siebwalde-Source\trunk\Fiddle Yard\Microchip\TCPIP Stack\Helpers.c
                    swaps   0x00a30c    program     extern C:\Documents and Settings\siebwalde\Bureaublad\Siebwalde-Source\trunk\Fiddle Yard\Microchip\TCPIP Stack\Helpers.c
                     test   0x0129dc    program     static                          
                    uitoa   0x009f84    program     extern C:\Documents and Settings\siebwalde\Bureaublad\Siebwalde-Source\trunk\Fiddle Yard\Microchip\TCPIP Stack\Helpers.c
               zero_block   0x012c48    program     static C:\MCC18\src\traditional\proc\p18F97J60.asm
              ACT_ST_MCHN   0x0001a6       data     static C:\Documents and Settings\siebwalde\Bureaublad\Siebwalde-Source\trunk\Fiddle Yard\State_Machine.c
              ACT_ST_MCHN   0x00023b       data     static C:\Documents and Settings\siebwalde\Bureaublad\Siebwalde-Source\trunk\Fiddle Yard\Fiddle_Init.c
              ACT_ST_MCHN   0x00009e       data     static C:\Documents and Settings\siebwalde\Bureaublad\Siebwalde-Source\trunk\Fiddle Yard\Drive_Train_IO.c
              ACT_ST_MCHN   0x0000da       data     static C:\Documents and Settings\siebwalde\Bureaublad\Siebwalde-Source\trunk\Fiddle Yard\Train_Detection.c
              ACT_ST_MCHN   0x000214       data     static C:\Documents and Settings\siebwalde\Bureaublad\Siebwalde-Source\trunk\Fiddle Yard\Track_Move_Ctrl.c
              ACT_ST_MCHN   0x000e00       data     static C:\Documents and Settings\siebwalde\Bureaublad\Siebwalde-Source\trunk\Fiddle Yard\Fiddle_Move_Ctrl.c
                   ADCON0   0x000fc2       data     extern C:\MCC18\src\traditional\proc\p18F97J60.asm
               ADCON0bits   0x000fc2       data     extern C:\MCC18\src\traditional\proc\p18F97J60.asm
                   ADCON1   0x000fc1       data     extern C:\MCC18\src\traditional\proc\p18F97J60.asm
               ADCON1bits   0x000fc1       data     extern C:\MCC18\src\traditional\proc\p18F97J60.asm
                   ADCON2   0x000fc0       data     extern C:\MCC18\src\traditional\proc\p18F97J60.asm
               ADCON2bits   0x000fc0       data     extern C:\MCC18\src\traditional\proc\p18F97J60.asm
                    ADRES   0x000fc3       data     extern C:\MCC18\src\traditional\proc\p18F97J60.asm
                   ADRESH   0x000fc4       data     extern C:\MCC18\src\traditional\proc\p18F97J60.asm
                   ADRESL   0x000fc3       data     extern C:\MCC18\src\traditional\proc\p18F97J60.asm
                AN0String   0x000093       data     extern C:\Documents and Settings\siebwalde\Bureaublad\Siebwalde-Source\trunk\Fiddle Yard\Fiddle Yard.c
              Active_DATA   0x0001d8       data     static C:\Documents and Settings\siebwalde\Bureaublad\Siebwalde-Source\trunk\Fiddle Yard\IO_Expander.c
             Active_IOEXP   0x0001d6       data     static C:\Documents and Settings\siebwalde\Bureaublad\Siebwalde-Source\trunk\Fiddle Yard\IO_Expander.c
              Active_PORT   0x0001d9       data     static C:\Documents and Settings\siebwalde\Bureaublad\Siebwalde-Source\trunk\Fiddle Yard\IO_Expander.c
               Active_REG   0x0001d7       data     static C:\Documents and Settings\siebwalde\Bureaublad\Siebwalde-Source\trunk\Fiddle Yard\IO_Expander.c
                AppConfig   0x000060       data     extern C:\Documents and Settings\siebwalde\Bureaublad\Siebwalde-Source\trunk\Fiddle Yard\Fiddle Yard.c
                  BAUDCON   0x000f7e       data     extern C:\MCC18\src\traditional\proc\p18F97J60.asm
                 BAUDCON1   0x000f7e       data     extern C:\MCC18\src\traditional\proc\p18F97J60.asm
[...]
                     DDRD   0x000f95       data     extern C:\MCC18\src\traditional\proc\p18F97J60.asm
                 DDRDbits   0x000f95       data     extern C:\MCC18\src\traditional\proc\p18F97J60.asm
                TRISDbits   0x000f95       data     extern C:\MCC18\src\traditional\proc\p18F97J60.asm
                TRISEbits   0x000f96       data     extern C:\MCC18\src\traditional\proc\p18F97J60.asm
                    TRISE   0x000f96       data     extern C:\MCC18\src\traditional\proc\p18F97J60.asm
                     DDRE   0x000f96       data     extern C:\MCC18\src\traditional\proc\p18F97J60.asm
                 DDREbits   0x000f96       data     extern C:\MCC18\src\traditional\proc\p18F97J60.asm
                    TRISF   0x000f97       data     extern C:\MCC18\src\traditional\proc\p18F97J60.asm
                TRISFbits   0x000f97       data     extern C:\MCC18\src\traditional\proc\p18F97J60.asm
                     DDRF   0x000f97       data     extern C:\MCC18\src\traditional\proc\p18F97J60.asm
                 DDRFbits   0x000f97       data     extern C:\MCC18\src\traditional\proc\p18F97J60.asm
                    TRISG   0x000f98       data     extern C:\MCC18\src\traditional\proc\p18F97J60.asm
                TRISGbits   0x000f98       data     extern C:\MCC18\src\traditional\proc\p18F97J60.asm
                     DDRG   0x000f98       data     extern C:\MCC18\src\traditional\proc\p18F97J60.asm
                 DDRGbits   0x000f98       data     extern C:\MCC18\src\traditional\proc\p18F97J60.asm
                TRISHbits   0x000f99       data     extern C:\MCC18\src\traditional\proc\p18F97J60.asm
                    TRISH   0x000f99       data     extern C:\MCC18\src\traditional\proc\p18F97J60.asm
                 DDRHbits   0x000f99       data     extern C:\MCC18\src\traditional\proc\p18F97J60.asm
                     DDRH   0x000f99       data     extern C:\MCC18\src\traditional\proc\p18F97J60.asm
                    TRISJ   0x000f9a       data     extern C:\MCC18\src\traditional\proc\p18F97J60.asm
                TRISJbits   0x000f9a       data     extern C:\MCC18\src\traditional\proc\p18F97J60.asm
                 DDRJbits   0x000f9a       data     extern C:\MCC18\src\traditional\proc\p18F97J60.asm
                     DDRJ   0x000f9a       data     extern C:\MCC18\src\traditional\proc\p18F97J60.asm
                  OSCTUNE   0x000f9b       data     extern C:\MCC18\src\traditional\proc\p18F97J60.asm
              OSCTUNEbits   0x000f9b       data     extern C:\MCC18\src\traditional\proc\p18F97J60.asm
                   MEMCON   0x000f9c       data     extern C:\MCC18\src\traditional\proc\p18F97J60.asm
               MEMCONbits   0x000f9c       data     extern C:\MCC18\src\traditional\proc\p18F97J60.asm
                     PIE1   0x000f9d       data     extern C:\MCC18\src\traditional\proc\p18F97J60.asm
                 PIE1bits   0x000f9d       data     extern C:\MCC18\src\traditional\proc\p18F97J60.asm
                     PIR1   0x000f9e       data     extern C:\MCC18\src\traditional\proc\p18F97J60.asm
                 PIR1bits   0x000f9e       data     extern C:\MCC18\src\traditional\proc\p18F97J60.asm
                 IPR1bits   0x000f9f       data     extern C:\MCC18\src\traditional\proc\p18F97J60.asm
                     IPR1   0x000f9f       data     extern C:\MCC18\src\traditional\proc\p18F97J60.asm
                 PIE2bits   0x000fa0       data     extern C:\MCC18\src\traditional\proc\p18F97J60.asm
                     PIE2   0x000fa0       data     extern C:\MCC18\src\traditional\proc\p18F97J60.asm
                     PIR2   0x000fa1       data     extern C:\MCC18\src\traditional\proc\p18F97J60.asm
                 PIR2bits   0x000fa1       data     extern C:\MCC18\src\traditional\proc\p18F97J60.asm
                     IPR2   0x000fa2       data     extern C:\MCC18\src\traditional\proc\p18F97J60.asm
                 IPR2bits   0x000fa2       data     extern C:\MCC18\src\traditional\proc\p18F97J60.asm
                     PIE3   0x000fa3       data     extern C:\MCC18\src\traditional\proc\p18F97J60.asm
                 PIE3bits   0x000fa3       data     extern C:\MCC18\src\traditional\proc\p18F97J60.asm
                 PIR3bits   0x000fa4       data     extern C:\MCC18\src\traditional\proc\p18F97J60.asm
                     PIR3   0x000fa4       data     extern C:\MCC18\src\traditional\proc\p18F97J60.asm
                     IPR3   0x000fa5       data     extern C:\MCC18\src\traditional\proc\p18F97J60.asm
                 IPR3bits   0x000fa5       data     extern C:\MCC18\src\traditional\proc\p18F97J60.asm
               EECON1bits   0x000fa6       data     extern C:\MCC18\src\traditional\proc\p18F97J60.asm
                   EECON1   0x000fa6       data     extern C:\MCC18\src\traditional\proc\p18F97J60.asm
                   EECON2   0x000fa7       data     extern C:\MCC18\src\traditional\proc\p18F97J60.asm
                RCSTAbits   0x000fab       data     extern C:\MCC18\src\traditional\proc\p18F97J60.asm
               RCSTA1bits   0x000fab       data     extern C:\MCC18\src\traditional\proc\p18F97J60.asm
                   RCSTA1   0x000fab       data     extern C:\MCC18\src\traditional\proc\p18F97J60.asm
                    RCSTA   0x000fab       data     extern C:\MCC18\src\traditional\proc\p18F97J60.asm
                    TXSTA   0x000fac       data     extern C:\MCC18\src\traditional\proc\p18F97J60.asm
                   TXSTA1   0x000fac       data     extern C:\MCC18\src\traditional\proc\p18F97J60.asm
               TXSTA1bits   0x000fac       data     extern C:\MCC18\src\traditional\proc\p18F97J60.asm
                TXSTAbits   0x000fac       data     extern C:\MCC18\src\traditional\proc\p18F97J60.asm
                    TXREG   0x000fad       data     extern C:\MCC18\src\traditional\proc\p18F97J60.asm
                   TXREG1   0x000fad       data     extern C:\MCC18\src\traditional\proc\p18F97J60.asm
                    RCREG   0x000fae       data     extern C:\MCC18\src\traditional\proc\p18F97J60.asm
                   RCREG1   0x000fae       data     extern C:\MCC18\src\traditional\proc\p18F97J60.asm
                    SPBRG   0x000faf       data     extern C:\MCC18\src\traditional\proc\p18F97J60.asm
                   SPBRG1   0x000faf       data     extern C:\MCC18\src\traditional\proc\p18F97J60.asm
               PSPCONbits   0x000fb0       data     extern C:\MCC18\src\traditional\proc\p18F97J60.asm
                   PSPCON   0x000fb0       data     extern C:\MCC18\src\traditional\proc\p18F97J60.asm
                T3CONbits   0x000fb1       data     extern C:\MCC18\src\traditional\proc\p18F97J60.asm
                    T3CON   0x000fb1       data     extern C:\MCC18\src\traditional\proc\p18F97J60.asm
                    TMR3L   0x000fb2       data     extern C:\MCC18\src\traditional\proc\p18F97J60.asm
                    TMR3H   0x000fb3       data     extern C:\MCC18\src\traditional\proc\p18F97J60.asm
                    CMCON   0x000fb4       data     extern C:\MCC18\src\traditional\proc\p18F97J60.asm
                CMCONbits   0x000fb4       data     extern C:\MCC18\src\traditional\proc\p18F97J60.asm
                   CVRCON   0x000fb5       data     extern C:\MCC18\src\traditional\proc\p18F97J60.asm
               CVRCONbits   0x000fb5       data     extern C:\MCC18\src\traditional\proc\p18F97J60.asm
              ECCP1ASbits   0x000fb6       data     extern C:\MCC18\src\traditional\proc\p18F97J60.asm
                  ECCP1AS   0x000fb6       data     extern C:\MCC18\src\traditional\proc\p18F97J60.asm
             ECCP3CONbits   0x000fb7       data     extern C:\MCC18\src\traditional\proc\p18F97J60.asm
                 ECCP3CON   0x000fb7       data     extern C:\MCC18\src\traditional\proc\p18F97J60.asm
                  CCP3CON   0x000fb7       data     extern C:\MCC18\src\traditional\proc\p18F97J60.asm
              CCP3CONbits   0x000fb7       data     extern C:\MCC18\src\traditional\proc\p18F97J60.asm
                    CCPR3   0x000fb8       data     extern C:\MCC18\src\traditional\proc\p18F97J60.asm
                   CCPR3L   0x000fb8       data     extern C:\MCC18\src\traditional\proc\p18F97J60.asm
                   CCPR3H   0x000fb9       data     extern C:\MCC18\src\traditional\proc\p18F97J60.asm
             ECCP2CONbits   0x000fba       data     extern C:\MCC18\src\traditional\proc\p18F97J60.asm
                  CCP2CON   0x000fba       data     extern C:\MCC18\src\traditional\proc\p18F97J60.asm
              CCP2CONbits   0x000fba       data     extern C:\MCC18\src\traditional\proc\p18F97J60.asm
                 ECCP2CON   0x000fba       data     extern C:\MCC18\src\traditional\proc\p18F97J60.asm
                   CCPR2L   0x000fbb       data     extern C:\MCC18\src\traditional\proc\p18F97J60.asm
                    CCPR2   0x000fbb       data     extern C:\MCC18\src\traditional\proc\p18F97J60.asm
                   CCPR2H   0x000fbc       data     extern C:\MCC18\src\traditional\proc\p18F97J60.asm
              CCP1CONbits   0x000fbd       data     extern C:\MCC18\src\traditional\proc\p18F97J60.asm
                  CCP1CON   0x000fbd       data     extern C:\MCC18\src\traditional\proc\p18F97J60.asm
             ECCP1CONbits   0x000fbd       data     extern C:\MCC18\src\traditional\proc\p18F97J60.asm
                 ECCP1CON   0x000fbd       data     extern C:\MCC18\src\traditional\proc\p18F97J60.asm
                    CCPR1   0x000fbe       data     extern C:\MCC18\src\traditional\proc\p18F97J60.asm
                   CCPR1L   0x000fbe       data     extern C:\MCC18\src\traditional\proc\p18F97J60.asm
                   CCPR1H   0x000fbf       data     extern C:\MCC18\src\traditional\proc\p18F97J60.asm
                   ADCON2   0x000fc0       data     extern C:\MCC18\src\traditional\proc\p18F97J60.asm
               ADCON2bits   0x000fc0       data     extern C:\MCC18\src\traditional\proc\p18F97J60.asm
               ADCON1bits   0x000fc1       data     extern C:\MCC18\src\traditional\proc\p18F97J60.asm
                   ADCON1   0x000fc1       data     extern C:\MCC18\src\traditional\proc\p18F97J60.asm
               ADCON0bits   0x000fc2       data     extern C:\MCC18\src\traditional\proc\p18F97J60.asm
                   ADCON0   0x000fc2       data     extern C:\MCC18\src\traditional\proc\p18F97J60.asm
                    ADRES   0x000fc3       data     extern C:\MCC18\src\traditional\proc\p18F97J60.asm
                   ADRESL   0x000fc3       data     extern C:\MCC18\src\traditional\proc\p18F97J60.asm
                   ADRESH   0x000fc4       data     extern C:\MCC18\src\traditional\proc\p18F97J60.asm
                  SSPCON2   0x000fc5       data     extern C:\MCC18\src\traditional\proc\p18F97J60.asm
             SSP1CON2bits   0x000fc5       data     extern C:\MCC18\src\traditional\proc\p18F97J60.asm
                 SSP1CON2   0x000fc5       data     extern C:\MCC18\src\traditional\proc\p18F97J60.asm
              SSPCON2bits   0x000fc5       data     extern C:\MCC18\src\traditional\proc\p18F97J60.asm
                  SSPCON1   0x000fc6       data     extern C:\MCC18\src\traditional\proc\p18F97J60.asm
              SSPCON1bits   0x000fc6       data     extern C:\MCC18\src\traditional\proc\p18F97J60.asm
             SSP1CON1bits   0x000fc6       data     extern C:\MCC18\src\traditional\proc\p18F97J60.asm
                 SSP1CON1   0x000fc6       data     extern C:\MCC18\src\traditional\proc\p18F97J60.asm
                  SSPSTAT   0x000fc7       data     extern C:\MCC18\src\traditional\proc\p18F97J60.asm
              SSPSTATbits   0x000fc7       data     extern C:\MCC18\src\traditional\proc\p18F97J60.asm
                 SSP1STAT   0x000fc7       data     extern C:\MCC18\src\traditional\proc\p18F97J60.asm
             SSP1STATbits   0x000fc7       data     extern C:\MCC18\src\traditional\proc\p18F97J60.asm
                  SSP1ADD   0x000fc8       data     extern C:\MCC18\src\traditional\proc\p18F97J60.asm
                   SSPADD   0x000fc8       data     extern C:\MCC18\src\traditional\proc\p18F97J60.asm
                   SSPBUF   0x000fc9       data     extern C:\MCC18\src\traditional\proc\p18F97J60.asm
                  SSP1BUF   0x000fc9       data     extern C:\MCC18\src\traditional\proc\p18F97J60.asm
                    T2CON   0x000fca       data     extern C:\MCC18\src\traditional\proc\p18F97J60.asm
                T2CONbits   0x000fca       data     extern C:\MCC18\src\traditional\proc\p18F97J60.asm
                      PR2   0x000fcb       data     extern C:\MCC18\src\traditional\proc\p18F97J60.asm
                     TMR2   0x000fcc       data     extern C:\MCC18\src\traditional\proc\p18F97J60.asm
                T1CONbits   0x000fcd       data     extern C:\MCC18\src\traditional\proc\p18F97J60.asm
                    T1CON   0x000fcd       data     extern C:\MCC18\src\traditional\proc\p18F97J60.asm
                    TMR1L   0x000fce       data     extern C:\MCC18\src\traditional\proc\p18F97J60.asm
                    TMR1H   0x000fcf       data     extern C:\MCC18\src\traditional\proc\p18F97J60.asm
                     RCON   0x000fd0       data     extern C:\MCC18\src\traditional\proc\p18F97J60.asm
                 RCONbits   0x000fd0       data     extern C:\MCC18\src\traditional\proc\p18F97J60.asm
                   WDTCON   0x000fd1       data     extern C:\MCC18\src\traditional\proc\p18F97J60.asm
               WDTCONbits   0x000fd1       data     extern C:\MCC18\src\traditional\proc\p18F97J60.asm
                ECON1bits   0x000fd2       data     extern C:\MCC18\src\traditional\proc\p18F97J60.asm
                    ECON1   0x000fd2       data     extern C:\MCC18\src\traditional\proc\p18F97J60.asm
               OSCCONbits   0x000fd3       data     extern C:\MCC18\src\traditional\proc\p18F97J60.asm
                   OSCCON   0x000fd3       data     extern C:\MCC18\src\traditional\proc\p18F97J60.asm
                    T0CON   0x000fd5       data     extern C:\MCC18\src\traditional\proc\p18F97J60.asm
                T0CONbits   0x000fd5       data     extern C:\MCC18\src\traditional\proc\p18F97J60.asm
                    TMR0L   0x000fd6       data     extern C:\MCC18\src\traditional\proc\p18F97J60.asm
                    TMR0H   0x000fd7       data     extern C:\MCC18\src\traditional\proc\p18F97J60.asm
                   STATUS   0x000fd8       data     extern C:\MCC18\src\traditional\proc\p18F97J60.asm
               STATUSbits   0x000fd8       data     extern C:\MCC18\src\traditional\proc\p18F97J60.asm
                    FSR2L   0x000fd9       data     extern C:\MCC18\src\traditional\proc\p18F97J60.asm
                     FSR2   0x000fd9       data     extern C:\MCC18\src\traditional\proc\p18F97J60.asm
                    FSR2H   0x000fda       data     extern C:\MCC18\src\traditional\proc\p18F97J60.asm
                   PLUSW2   0x000fdb       data     extern C:\MCC18\src\traditional\proc\p18F97J60.asm
                  PREINC2   0x000fdc       data     extern C:\MCC18\src\traditional\proc\p18F97J60.asm
                 POSTDEC2   0x000fdd       data     extern C:\MCC18\src\traditional\proc\p18F97J60.asm
                 POSTINC2   0x000fde       data     extern C:\MCC18\src\traditional\proc\p18F97J60.asm
                    INDF2   0x000fdf       data     extern C:\MCC18\src\traditional\proc\p18F97J60.asm
                      BSR   0x000fe0       data     extern C:\MCC18\src\traditional\proc\p18F97J60.asm
                    FSR1L   0x000fe1       data     extern C:\MCC18\src\traditional\proc\p18F97J60.asm
                     FSR1   0x000fe1       data     extern C:\MCC18\src\traditional\proc\p18F97J60.asm
                    FSR1H   0x000fe2       data     extern C:\MCC18\src\traditional\proc\p18F97J60.asm
                   PLUSW1   0x000fe3       data     extern C:\MCC18\src\traditional\proc\p18F97J60.asm
                  PREINC1   0x000fe4       data     extern C:\MCC18\src\traditional\proc\p18F97J60.asm
                 POSTDEC1   0x000fe5       data     extern C:\MCC18\src\traditional\proc\p18F97J60.asm
                 POSTINC1   0x000fe6       data     extern C:\MCC18\src\traditional\proc\p18F97J60.asm
                    INDF1   0x000fe7       data     extern C:\MCC18\src\traditional\proc\p18F97J60.asm
                     WREG   0x000fe8       data     extern C:\MCC18\src\traditional\proc\p18F97J60.asm
                    FSR0L   0x000fe9       data     extern C:\MCC18\src\traditional\proc\p18F97J60.asm
                     FSR0   0x000fe9       data     extern C:\MCC18\src\traditional\proc\p18F97J60.asm
                    FSR0H   0x000fea       data     extern C:\MCC18\src\traditional\proc\p18F97J60.asm
                   PLUSW0   0x000feb       data     extern C:\MCC18\src\traditional\proc\p18F97J60.asm
                  PREINC0   0x000fec       data     extern C:\MCC18\src\traditional\proc\p18F97J60.asm
                 POSTDEC0   0x000fed       data     extern C:\MCC18\src\traditional\proc\p18F97J60.asm
                 POSTINC0   0x000fee       data     extern C:\MCC18\src\traditional\proc\p18F97J60.asm
                    INDF0   0x000fef       data     extern C:\MCC18\src\traditional\proc\p18F97J60.asm
              INTCON3bits   0x000ff0       data     extern C:\MCC18\src\traditional\proc\p18F97J60.asm
                  INTCON3   0x000ff0       data     extern C:\MCC18\src\traditional\proc\p18F97J60.asm
              INTCON2bits   0x000ff1       data     extern C:\MCC18\src\traditional\proc\p18F97J60.asm
                  INTCON2   0x000ff1       data     extern C:\MCC18\src\traditional\proc\p18F97J60.asm
               INTCONbits   0x000ff2       data     extern C:\MCC18\src\traditional\proc\p18F97J60.asm
                   INTCON   0x000ff2       data     extern C:\MCC18\src\traditional\proc\p18F97J60.asm
                     PROD   0x000ff3       data     extern C:\MCC18\src\traditional\proc\p18F97J60.asm
                    PRODL   0x000ff3       data     extern C:\MCC18\src\traditional\proc\p18F97J60.asm
                    PRODH   0x000ff4       data     extern C:\MCC18\src\traditional\proc\p18F97J60.asm
                   TABLAT   0x000ff5       data     extern C:\MCC18\src\traditional\proc\p18F97J60.asm
                  TBLPTRL   0x000ff6       data     extern C:\MCC18\src\traditional\proc\p18F97J60.asm
                   TBLPTR   0x000ff6       data     extern C:\MCC18\src\traditional\proc\p18F97J60.asm
                  TBLPTRH   0x000ff7       data     extern C:\MCC18\src\traditional\proc\p18F97J60.asm
                  TBLPTRU   0x000ff8       data     extern C:\MCC18\src\traditional\proc\p18F97J60.asm
                       PC   0x000ff9       data     extern C:\MCC18\src\traditional\proc\p18F97J60.asm
                      PCL   0x000ff9       data     extern C:\MCC18\src\traditional\proc\p18F97J60.asm
                   PCLATH   0x000ffa       data     extern C:\MCC18\src\traditional\proc\p18F97J60.asm
                   PCLATU   0x000ffb       data     extern C:\MCC18\src\traditional\proc\p18F97J60.asm
               STKPTRbits   0x000ffc       data     extern C:\MCC18\src\traditional\proc\p18F97J60.asm
                   STKPTR   0x000ffc       data     extern C:\MCC18\src\traditional\proc\p18F97J60.asm
                     TOSL   0x000ffd       data     extern C:\MCC18\src\traditional\proc\p18F97J60.asm
                      TOS   0x000ffd       data     extern C:\MCC18\src\traditional\proc\p18F97J60.asm
                     TOSH   0x000ffe       data     extern C:\MCC18\src\traditional\proc\p18F97J60.asm
                     TOSU   0x000fff       data     extern C:\MCC18\src\traditional\proc\p18F97J60.asm


