Microchip MPLAB XC8 Compiler V2.00 ()

Linker command line:

-W-3 --edf=C:\Program Files (x86)\Microchip\xc8\v2.00\pic\dat\en_msgs.txt \
  -cs -h+dist/default/production\TrackAmplifier3.X.production.sym \
  --cmf=dist/default/production\TrackAmplifier3.X.production.cmf -z \
  -Q16F18854 -oC:\Users\JEREMY~1\AppData\Local\Temp\sab8.2 \
  --defsym=__MPLAB_BUILD=1 \
  -Mdist/default/production/TrackAmplifier3.X.production.map -E1 -ver=XC8 \
  -ASTACK=020B2h-021efh -pstack=STACK -ACODE=00h-07FFhx2 \
  -ASTRCODE=00h-0FFFh -ASTRING=00h-0FFhx16 -ACONST=00h-0FFhx16 \
  -AENTRY=00h-0FFhx16 -ACOMMON=070h-07Fh -ABANK0=020h-06Fh \
  -ABANK1=0A0h-0EFh -ABANK2=0120h-016Fh -ABANK3=01A0h-01EFh \
  -ABANK4=0220h-026Fh -ABANK5=02A0h-02EFh -ABANK6=0320h-032Fh \
  -ABIGRAM=02000h-021EFh \
  -ARAM=020h-06Fh,0A0h-0EFh,0120h-016Fh,01A0h-01EFh,0220h-026Fh,02A0h-02EFh,0320h-032Fh \
  -AABS1=020h-07Fh,0A0h-0EFh,0120h-016Fh,01A0h-01EFh,0220h-026Fh,02A0h-02EFh,0320h-032Fh \
  -ASFR0=00h-01Fh -ASFR1=080h-09Fh -ASFR2=0100h-011Fh -ASFR3=0180h-019Fh \
  -ASFR4=0200h-021Fh -ASFR5=0280h-029Fh -ASFR6=0300h-031Fh \
  -ASFR7=0380h-03EFh -ASFR8=0400h-046Fh -ASFR9=0480h-04EFh \
  -ASFR10=0500h-056Fh -ASFR11=0580h-05EFh -ASFR12=0600h-066Fh \
  -ASFR13=0680h-06EFh -ASFR14=0700h-076Fh -ASFR15=0780h-07EFh \
  -ASFR16=0800h-086Fh -ASFR17=0880h-08EFh -ASFR18=0900h-096Fh \
  -ASFR19=0980h-09EFh -ASFR20=0A00h-0A6Fh -ASFR21=0A80h-0AEFh \
  -ASFR22=0B00h-0B6Fh -ASFR23=0B80h-0BEFh -ASFR24=0C00h-0C6Fh \
  -ASFR25=0C80h-0CEFh -ASFR26=0D00h-0D6Fh -ASFR27=0D80h-0DEFh \
  -ASFR28=0E00h-0E6Fh -ASFR29=0E80h-0EEFh -ASFR30=0F00h-0F6Fh \
  -ASFR31=0F80h-0FEFh -preset_vec=00h,intentry=04h,init,end_init \
  -ppowerup=CODE -pcinit=CODE -pfunctab=ENTRY -ACONFIG=08007h-0800Bh \
  -pconfig=CONFIG -DCONFIG=2 -AIDLOC=08000h-08003h -pidloc=IDLOC -DIDLOC=2 \
  -AEEDATA=00h-0FFh/0F000h -peeprom_data=EEDATA -DEEDATA=2 -DCODE=2 \
  -DSTRCODE=2 -DSTRING=2 -DCONST=2 -DENTRY=2 -k \
  C:\Users\JEREMY~1\AppData\Local\Temp\sab8.o \
  dist/default/production\TrackAmplifier3.X.production.o 

Object code version is 3.11

Machine type is 16F18854



                Name                               Link     Load   Length Selector   Space Scale
C:\Users\JEREMY~1\AppData\Local\Temp\sab8.o
                end_init                             21       21        2        8       0
                reset_vec                             0        0        2        0       0
                config                             8007     8007        5    1000E       0
dist/default/production\TrackAmplifier3.X.production.o
                cinit                                23       23       31        8       0
                intentry                              4        4       1D        8       0
                text56                              7E8      7E8       15        8       0
                text55                              FB3      FB3        F     1F66       0
                text54                              F37      F37        8     1E6E       0
                text53                              F6A      F6A        B     1ED4       0
                text52                              774      774       1B        8       0
                text51                              EEF      EEF        1     1DDE       0
                text50                              FC2      FC2        F     1F84       0
                text49                              7D3      7D3       15        8       0
                text48                                2        2        1        0       0
                text47                              F4F      F4F        9     1E9E       0
                text46                              7BE      7BE       15        8       0
                text44                              FA5      FA5        E     1F4A       0
                text43                              60B      60B       4C        8       0
                text42                              EFE      EFE        6     1DFC       0
                text41                              F22      F22        7     1E44       0
                text40                              EF0      EF0        3     1DE0       0
                text39                              F04      F04        6     1E08       0
                text38                              F29      F29        7     1E52       0
                text37                              EF3      EF3        3     1DE6       0
                text36                              F75      F75        B     1EEA       0
                text35                              FD1      FD1        F     1FA2       0
                text34                              759      759       1B        8       0
                text33                              32E      32E       9C        8       0
                text32                               54       54      103        8       0
                text31                              292      292       9C        8       0
                text30                              1F6      1F6       9C        8       0
                text29                              4ED      4ED       76        8       0
                text28                              F3F      F3F        8     1E7E       0
                text27                              5B7      5B7       54        8       0
                text26                              73C      73C       1D        8       0
                text25                              F80      F80        C     1F00       0
                text24                              157      157       9F        8       0
                text23                              F30      F30        7     1E60       0
                text22                              686      686       2B        8       0
                text21                              F8C      F8C        C     1F18       0
                text20                              465      465       88        8       0
                text19                              563      563       54        8       0
                text18                              7A8      7A8       16        8       0
                text17                              F58      F58        9     1EB0       0
                text16                              657      657       2F        8       0
                text15                              F0A      F0A        6     1E14       0
                text14                              78F      78F       19        8       0
                text13                              EF6      EF6        4     1DEC       0
                text12                              F61      F61        9     1EC2       0
                text11                              6DB      6DB       27        8       0
                text10                              F47      F47        8     1E8E       0
                text9                               F98      F98        D     1F30       0
                text8                               FEF      FEF       11     1FDE       0
                text7                               F10      F10        6     1E20       0
                text6                               71F      71F       1D        8       0
                text5                               FE0      FE0        F     1FC0       0
                text4                               702      702       1D        8       0
                text3                               6B1      6B1       2A        8       0
                text2                               F16      F16        6     1E2C       0
                text1                               7FD      7FD        3        8       0
                maintext                            3CA      3CA       9B        8       0
                cstackBANK0                          57       57        B       20       1
                cstackCOMMON                         70       70        9       70       1
                cstackBANK1                          E4       E4        A       A0       1
                clrtext                             F1C      F1C        6     1E38       0
                bssBANK2                            120      120       12      120       1
                bssBANK1                             A0       A0       44       A0       1
                dataBANK0                            6C       6C        4       20       1
                bssBANK0                             20       20       37       20       1
                dataCOMMON                           7B       7B        1       70       1
                bssCOMMON                            79       79        2       70       1
                nvBANK1                              EE       EE        2       A0       1
                nvBANK0                              62       62        A       20       1
                idataBANK0                          EFA      EFA        4     1DF4       0
                idataCOMMON                           3        3        1        6       0

TOTAL           Name                               Link     Load   Length     Space
        CLASS   STACK          

        CLASS   CODE           
                end_init                             21       21        2         0
                cinit                                23       23       31         0
                intentry                              4        4       1D         0
                reset_vec                             0        0        2         0
                text56                              7E8      7E8       15         0
                text55                              FB3      FB3        F         0
                text54                              F37      F37        8         0
                text53                              F6A      F6A        B         0
                text52                              774      774       1B         0
                text51                              EEF      EEF        1         0
                text50                              FC2      FC2        F         0
                text49                              7D3      7D3       15         0
                text48                                2        2        1         0
                text47                              F4F      F4F        9         0
                text46                              7BE      7BE       15         0
                text44                              FA5      FA5        E         0
                text43                              60B      60B       4C         0
                text42                              EFE      EFE        6         0
                text41                              F22      F22        7         0
                text40                              EF0      EF0        3         0
                text39                              F04      F04        6         0
                text38                              F29      F29        7         0
                text37                              EF3      EF3        3         0
                text36                              F75      F75        B         0
                text35                              FD1      FD1        F         0
                text34                              759      759       1B         0
                text33                              32E      32E       9C         0
                text32                               54       54      103         0
                text31                              292      292       9C         0
                text30                              1F6      1F6       9C         0
                text29                              4ED      4ED       76         0
                text28                              F3F      F3F        8         0
                text27                              5B7      5B7       54         0
                text26                              73C      73C       1D         0
                text25                              F80      F80        C         0
                text24                              157      157       9F         0
                text23                              F30      F30        7         0
                text22                              686      686       2B         0
                text21                              F8C      F8C        C         0
                text20                              465      465       88         0
                text19                              563      563       54         0
                text18                              7A8      7A8       16         0
                text17                              F58      F58        9         0
                text16                              657      657       2F         0
                text15                              F0A      F0A        6         0
                text14                              78F      78F       19         0
                text13                              EF6      EF6        4         0
                text12                              F61      F61        9         0
                text11                              6DB      6DB       27         0
                text10                              F47      F47        8         0
                text9                               F98      F98        D         0
                text8                               FEF      FEF       11         0
                text7                               F10      F10        6         0
                text6                               71F      71F       1D         0
                text5                               FE0      FE0        F         0
                text4                               702      702       1D         0
                text3                               6B1      6B1       2A         0
                text2                               F16      F16        6         0
                text1                               7FD      7FD        3         0
                maintext                            3CA      3CA       9B         0
                clrtext                             F1C      F1C        6         0
                idataBANK0                          EFA      EFA        4         0
                idataCOMMON                           3        3        1         0

        CLASS   STRCODE        

        CLASS   STRING         

        CLASS   CONST          

        CLASS   ENTRY          

        CLASS   COMMON         
                cstackCOMMON                         70       70        9         1
                dataCOMMON                           7B       7B        1         1
                bssCOMMON                            79       79        2         1

        CLASS   BANK0          
                cstackBANK0                          57       57        B         1
                dataBANK0                            6C       6C        4         1
                bssBANK0                             20       20       37         1
                nvBANK0                              62       62        A         1

        CLASS   BANK1          
                cstackBANK1                          E4       E4        A         1
                bssBANK1                             A0       A0       44         1
                nvBANK1                              EE       EE        2         1

        CLASS   BANK2          
                bssBANK2                            120      120       12         1

        CLASS   BANK3          

        CLASS   BANK4          

        CLASS   BANK5          

        CLASS   BANK6          

        CLASS   BIGRAM         

        CLASS   RAM            

        CLASS   ABS1           
                abs_s1                               7E       7E        2         1

        CLASS   SFR0           

        CLASS   SFR1           

        CLASS   SFR2           

        CLASS   SFR3           

        CLASS   SFR4           

        CLASS   SFR5           

        CLASS   SFR6           

        CLASS   SFR7           

        CLASS   SFR8           

        CLASS   SFR9           

        CLASS   SFR10          

        CLASS   SFR11          

        CLASS   SFR12          

        CLASS   SFR13          

        CLASS   SFR14          

        CLASS   SFR15          

        CLASS   SFR16          

        CLASS   SFR17          

        CLASS   SFR18          

        CLASS   SFR19          

        CLASS   SFR20          

        CLASS   SFR21          

        CLASS   SFR22          

        CLASS   SFR23          

        CLASS   SFR24          

        CLASS   SFR25          

        CLASS   SFR26          

        CLASS   SFR27          

        CLASS   SFR28          

        CLASS   SFR29          

        CLASS   SFR30          

        CLASS   SFR31          

        CLASS   CONFIG         
                config                             8007     8007        5         0

        CLASS   IDLOC          

        CLASS   EEDATA         

        CLASS   BANK31         

        CLASS   BANK30         

        CLASS   BANK29         

        CLASS   BANK28         

        CLASS   BANK27         

        CLASS   BANK26         

        CLASS   BANK25         

        CLASS   BANK24         

        CLASS   BANK23         

        CLASS   BANK22         

        CLASS   BANK21         

        CLASS   BANK20         

        CLASS   BANK19         

        CLASS   BANK18         

        CLASS   BANK17         

        CLASS   BANK16         

        CLASS   BANK15         

        CLASS   BANK14         

        CLASS   BANK13         

        CLASS   BANK12         

        CLASS   BANK11         

        CLASS   BANK10         

        CLASS   BANK9          

        CLASS   BANK8          

        CLASS   BANK7          



SEGMENTS        Name                           Load    Length   Top    Selector   Space  Class     Delta

                reset_vec                      000000  000003  000003         0       0  CODE        2
                idataCOMMON                    000003  000001  000004         6       0  CODE        2
                intentry                       000004  0007FC  000800         8       0  CODE        2
                bssBANK0                       000020  000050  000070        20       1  BANK0       1
                cstackCOMMON                   000070  00000C  00007C        70       1  COMMON      1
                bssBANK1                       0000A0  000050  0000F0        A0       1  BANK1       1
                bssBANK2                       000120  000012  000132       120       1  BANK2       1
                text51                         000EEF  000001  000EF0      1DDE       0  CODE        2
                text40                         000EF0  000003  000EF3      1DE0       0  CODE        2
                text37                         000EF3  000003  000EF6      1DE6       0  CODE        2
                text13                         000EF6  000004  000EFA      1DEC       0  CODE        2
                idataBANK0                     000EFA  000004  000EFE      1DF4       0  CODE        2
                text42                         000EFE  000006  000F04      1DFC       0  CODE        2
                text39                         000F04  000006  000F0A      1E08       0  CODE        2
                text15                         000F0A  000006  000F10      1E14       0  CODE        2
                text7                          000F10  000006  000F16      1E20       0  CODE        2
                text2                          000F16  000006  000F1C      1E2C       0  CODE        2
                clrtext                        000F1C  000006  000F22      1E38       0  CODE        2
                text41                         000F22  000007  000F29      1E44       0  CODE        2
                text38                         000F29  000007  000F30      1E52       0  CODE        2
                text23                         000F30  000007  000F37      1E60       0  CODE        2
                text54                         000F37  000008  000F3F      1E6E       0  CODE        2
                text28                         000F3F  000008  000F47      1E7E       0  CODE        2
                text10                         000F47  000008  000F4F      1E8E       0  CODE        2
                text47                         000F4F  000009  000F58      1E9E       0  CODE        2
                text17                         000F58  000009  000F61      1EB0       0  CODE        2
                text12                         000F61  000009  000F6A      1EC2       0  CODE        2
                text53                         000F6A  00000B  000F75      1ED4       0  CODE        2
                text36                         000F75  00000B  000F80      1EEA       0  CODE        2
                text25                         000F80  00000C  000F8C      1F00       0  CODE        2
                text21                         000F8C  00000C  000F98      1F18       0  CODE        2
                text9                          000F98  00000D  000FA5      1F30       0  CODE        2
                text44                         000FA5  00000E  000FB3      1F4A       0  CODE        2
                text55                         000FB3  00000F  000FC2      1F66       0  CODE        2
                text50                         000FC2  00000F  000FD1      1F84       0  CODE        2
                text35                         000FD1  00000F  000FE0      1FA2       0  CODE        2
                text5                          000FE0  00000F  000FEF      1FC0       0  CODE        2
                text8                          000FEF  000011  001000      1FDE       0  CODE        2
                config                         008007  000005  00800C     1000E       0  CONFIG      2


UNUSED ADDRESS RANGES

        Name                Unused          Largest block    Delta
        BANK2            00132-0016F              3E           1
        BANK3            001A0-001EF              50           1
        BANK4            00220-0026F              50           1
        BANK5            002A0-002EF              50           1
        BANK6            00320-0032F              10           1
        BIGRAM           02000-021EF             1F0           1
        CODE             00800-00EEE             6EF           2
        COMMON           0007C-0007D               2           1
        CONST            00800-00EEE             100           2
        EEDATA           0F000-0F0FF             100           2
        ENTRY            00800-00EEE             100           2
        IDLOC            08000-08003               4           2
        RAM              00132-0016F              3E           1
                         001A0-001EF              50
                         00220-0026F              50
                         002A0-002EF              50
                         00320-0032F              10
        SFR0             00000-0001F              20           1
        SFR1             00080-0009F              20           1
        SFR10            00500-0056F              70           1
        SFR11            00580-005EF              70           1
        SFR12            00600-0066F              70           1
        SFR13            00680-006EF              70           1
        SFR14            00700-0076F              70           1
        SFR15            00780-007EF              70           1
        SFR16            00800-0086F              70           1
        SFR17            00880-008EF              70           1
        SFR18            00900-0096F              70           1
        SFR19            00980-009EF              70           1
        SFR2             00100-0011F              20           1
        SFR20            00A00-00A6F              70           1
        SFR21            00A80-00AEF              70           1
        SFR22            00B00-00B6F              70           1
        SFR23            00B80-00BEF              70           1
        SFR24            00C00-00C6F              70           1
        SFR25            00C80-00CEF              70           1
        SFR26            00D00-00D6F              70           1
        SFR27            00D80-00DEF              70           1
        SFR28            00E00-00E6F              70           1
        SFR29            00E80-00EEF              70           1
        SFR3             00180-0019F              20           1
        SFR30            00F00-00F6F              70           1
        SFR31            00F80-00FEF              70           1
        SFR4             00200-0021F              20           1
        SFR5             00280-0029F              20           1
        SFR6             00300-0031F              20           1
        SFR7             00380-003EF              70           1
        SFR8             00400-0046F              70           1
        SFR9             00480-004EF              70           1
        STACK            020B2-021EF             13E           1
        STRCODE          00800-00EEE             6EF           2
        STRING           00800-00EEE             100           2

                                  Symbol Table

?_ADCC_GetSingleConversion                                      cstackCOMMON 00072
ADCC_GetSingleConversion@channel                                cstackCOMMON 00075
CRC_Initialize@poly                                             cstackCOMMON 00073
CRC_Initialize@seed                                             cstackCOMMON 00075
CheckPetitModbusBufferComplete@PetitExpectedReceiveCount        cstackCOMMON 00074
EUSART_SetRxInterruptHandler@interruptHandler                   cstackCOMMON 00072
HandleMPetitodbusDiagnosticRegisters@Petit_CurrentData          cstackBANK1  000E4
HandleMPetitodbusDiagnosticRegisters@Petit_NumberOfRegisters    cstackBANK1  000E8
HandleMPetitodbusDiagnosticRegisters@Petit_StartAddress         cstackBANK1  000E6
HandleMPetitodbusDiagnosticRegisters@Petit_i                    cstackBANK1  000EA
HandleMPetitodbusWriteMultipleRegisters@Petit_ByteCount         cstackBANK1  000E4
HandleMPetitodbusWriteMultipleRegisters@Petit_NumberOfRegisters cstackBANK1  000E9
HandleMPetitodbusWriteMultipleRegisters@Petit_StartAddress      cstackBANK1  000E7
HandleMPetitodbusWriteMultipleRegisters@Petit_Value             cstackBANK1  000E5
HandleMPetitodbusWriteMultipleRegisters@Petit_i                 cstackBANK1  000EB
HandlePetitModbusError@ErrorCode                                cstackCOMMON 00074
HandlePetitModbusError@Function                                 cstackCOMMON 00072
HandlePetitModbusReadHoldingRegisters@Petit_CurrentData         cstackBANK1  000E4
HandlePetitModbusReadHoldingRegisters@Petit_NumberOfRegisters   cstackBANK1  000E8
HandlePetitModbusReadHoldingRegisters@Petit_StartAddress        cstackBANK1  000E6
HandlePetitModbusReadHoldingRegisters@Petit_i                   cstackBANK1  000EA
HandlePetitModbusReadInputRegisters@Petit_CurrentData           cstackBANK1  000E4
HandlePetitModbusReadInputRegisters@Petit_NumberOfRegisters     cstackBANK1  000E8
HandlePetitModbusReadInputRegisters@Petit_StartAddress          cstackBANK1  000E6
HandlePetitModbusReadInputRegisters@Petit_i                     cstackBANK1  000EA
HandlePetitModbusWriteSingleRegister@Petit_Address              cstackBANK0  0005E
HandlePetitModbusWriteSingleRegister@Petit_Value                cstackBANK0  0005C
HandlePetitModbusWriteSingleRegister@Petit_i                    cstackBANK0  00060
InitPetitModbus@PetitModbusSlaveAddress                         cstackCOMMON 00075
PetitModBus_UART_Putch@c                                        cstackCOMMON 00072
PetitModBus_UART_String@DummyCounter                            cstackCOMMON 00077
PetitModBus_UART_String@Length                                  cstackCOMMON 00073
PetitModBus_UART_String@s                                       cstackCOMMON 00076
Petit_CRC16@CRC                                                 cstackCOMMON 00072
Petit_CRC16@Data                                                cstackCOMMON 00075
Petit_RxDataAvailable@Result                                    cstackCOMMON 00073
Petit_RxRTU@Petit_ReceiveBufferControl                          cstackBANK0  00057
Petit_RxRTU@Petit_i                                             cstackBANK0  00058
ReceiveInterrupt@Data                                           cstackCOMMON 00071
TMR1_SetInterruptHandler@InterruptHandler                       cstackCOMMON 00072
TMR1_WriteTimer@timerVal                                        cstackCOMMON 00070
TMR3_SetInterruptHandler@InterruptHandler                       cstackCOMMON 00072
TMR3_WriteTimer@timerVal                                        cstackCOMMON 00070
_ADACCH                                                         (abs)        00091
_ADACCL                                                         (abs)        00090
_ADACQ                                                          (abs)        0009D
_ADACT                                                          (abs)        00099
_ADCAP                                                          (abs)        0009B
_ADCC_GetSingleConversion                                       text44       00FA5
_ADCC_Initialize                                                text18       007A8
_ADCLK                                                          (abs)        00098
_ADCNT                                                          (abs)        0010C
_ADCON0                                                         (abs)        00093
_ADCON0bits                                                     (abs)        00093
_ADCON1                                                         (abs)        00094
_ADCON1bits                                                     (abs)        00094
_ADCON2                                                         (abs)        00095
_ADCON2bits                                                     (abs)        00095
_ADCON3                                                         (abs)        00096
_ADCON3bits                                                     (abs)        00096
_ADERRH                                                         (abs)        00117
_ADERRL                                                         (abs)        00116
_ADFLTRH                                                        (abs)        00115
_ADFLTRL                                                        (abs)        00114
_ADLTHH                                                         (abs)        0010F
_ADLTHL                                                         (abs)        0010E
_ADPCH                                                          (abs)        0009E
_ADPRE                                                          (abs)        0009C
_ADPREVH                                                        (abs)        0008F
_ADPREVL                                                        (abs)        0008E
_ADREF                                                          (abs)        0009A
_ADRESH                                                         (abs)        0008D
_ADRESL                                                         (abs)        0008C
_ADRPT                                                          (abs)        0010D
_ADSTAT                                                         (abs)        00097
_ADSTATbits                                                     (abs)        00097
_ADSTPTH                                                        (abs)        00113
_ADSTPTL                                                        (abs)        00112
_ADUTHH                                                         (abs)        00111
_ADUTHL                                                         (abs)        00110
_ANSELA                                                         (abs)        00F38
_ANSELB                                                         (abs)        00F43
_ANSELC                                                         (abs)        00F4E
_BAUD1CON                                                       (abs)        0011F
_CCPTMRS1bits                                                   (abs)        0021F
_CM1CON0                                                        (abs)        00990
_CM1CON1                                                        (abs)        00991
_CM1NSEL                                                        (abs)        00992
_CM1PSEL                                                        (abs)        00993
_CMOUTbits                                                      (abs)        0098F
_CMP1_Initialize                                                text17       00F58
_CRCACCH                                                        (abs)        00419
_CRCACCL                                                        (abs)        00418
_CRCCON0                                                        (abs)        0041E
_CRCCON0bits                                                    (abs)        0041E
_CRCCON1                                                        (abs)        0041F
_CRCCON1bits                                                    (abs)        0041F
_CRCDATL                                                        (abs)        00416
_CRCXORH                                                        (abs)        0041D
_CRCXORL                                                        (abs)        0041C
_CRC_Initialize                                                 text16       00657
_CheckPetitModbusBufferComplete                                 text27       005B7
_DAC1CON0                                                       (abs)        0090E
_DAC1CON1                                                       (abs)        0090F
_DAC_Initialize                                                 text15       00F0A
_EUSART_Initialize                                              text14       0078F
_EUSART_Receive_ISR                                             text52       00774
_EUSART_RxDefaultInterruptHandler                               nvBANK1      000EE
_EUSART_SetRxInterruptHandler                                   text39       00F04
_FVRCON                                                         (abs)        0090C
_FVRCONbits                                                     (abs)        0090C
_FVR_Initialize                                                 text13       00EF6
_Get_ID_From_AD                                                 text43       0060B
_HandleMPetitodbusDiagnosticRegisters                           text33       0032E
_HandleMPetitodbusWriteMultipleRegisters                        text32       00054
_HandlePetitModbusError                                         text34       00759
_HandlePetitModbusReadHoldingRegisters                          text31       00292
_HandlePetitModbusReadInputRegisters                            text30       001F6
_HandlePetitModbusWriteSingleRegister                           text29       004ED
_INTCONbits                                                     (abs)        0000B
_INTERRUPT_InterruptManager                                     intentry     00004
_InitPetitModbus                                                text36       00F75
_InitTMR                                                        text41       00F22
_InitUART                                                       text38       00F29
_LATA                                                           (abs)        00016
_LATB                                                           (abs)        00017
_LATBbits                                                       (abs)        00017
_LATC                                                           (abs)        00018
_LATCbits                                                       (abs)        00018
_LED_RX                                                         bssBANK0     00042
_LED_RX_STATE                                                   bssBANK0     00036
_LED_RX_prev                                                    bssBANK0     0003A
_LED_TX                                                         bssBANK0     00044
_LED_TX_STATE                                                   bssBANK0     00038
_LED_TX_prev                                                    bssBANK0     0003C
_MODBUS_ADDRESS                                                 bssBANK0     00040
_ODCONA                                                         (abs)        00F3A
_ODCONB                                                         (abs)        00F45
_ODCONC                                                         (abs)        00F50
_OSCCON1                                                        (abs)        0088D
_OSCCON3                                                        (abs)        0088F
_OSCEN                                                          (abs)        00891
_OSCFRQ                                                         (abs)        00893
_OSCILLATOR_Initialize                                          text12       00F61
_OSCTUNE                                                        (abs)        00892
_PETITMODBUS_BROADCAST_ADDRESS                                  bssCOMMON    00079
_PETITMODBUS_SLAVE_ADDRESS                                      dataCOMMON   0007B
_PIE3bits                                                       (abs)        00719
_PIE4bits                                                       (abs)        0071A
_PIN_MANAGER_Initialize                                         text11       006DB
_PIR0bits                                                       (abs)        0070C
_PIR3bits                                                       (abs)        0070F
_PIR4bits                                                       (abs)        00710
_PIR7bits                                                       (abs)        00713
_PMD0                                                           (abs)        00796
_PMD1                                                           (abs)        00797
_PMD2                                                           (abs)        00798
_PMD3                                                           (abs)        00799
_PMD4                                                           (abs)        0079A
_PMD5                                                           (abs)        0079B
_PMD_Initialize                                                 text10       00F47
_PR2                                                            (abs)        0028D
_PWM6CON                                                        (abs)        0038E
_PWM6DCH                                                        (abs)        0038D
_PWM6DCL                                                        (abs)        0038C
_PWM6_Initialize                                                text9        00F98
_PetitDiagnosticRegisters                                       bssBANK1     000C8
_PetitHoldingRegisters                                          bssBANK1     000D0
_PetitInputRegisters                                            bssBANK1     000E0
_PetitModBus_TIMER_Initialise                                   text40       00EF0
_PetitModBus_UART_Initialise                                    text37       00EF3
_PetitModBus_UART_Putch                                         text23       00F30
_PetitModBus_UART_String                                        text22       00686
_PetitModbusIntHandlerRC                                        text53       00F6A
_PetitModbusIntHandlerTMR                                       text47       00F4F
_PetitModbusTimerValue                                          bssBANK0     0004A
_PetitReceiveBuffer                                             bssBANK1     000B6
_PetitReceiveCounter                                            bssCOMMON    0007A
_PetitSendMessage                                               text35       00FD1
_Petit_CRC16                                                    text26       0073C
_Petit_CheckRxTimeout                                           text25       00F80
_Petit_DoSlaveTX                                                text21       00F8C
_Petit_RxDataAvailable                                          text28       00F3F
_Petit_RxRTU                                                    text24       00157
_Petit_Rx_CRC16                                                 dataBANK0    0006C
_Petit_Rx_Data                                                  bssBANK0     00020
_Petit_Rx_Data_Available                                        bssBANK0     0004E
_Petit_Rx_State                                                 bssBANK0     0004F
_Petit_TxRTU                                                    text20       00465
_Petit_Tx_Buf                                                   bssBANK2     00120
_Petit_Tx_Buf_Size                                              bssBANK0     00046
_Petit_Tx_CRC16                                                 dataBANK0    0006E
_Petit_Tx_Current                                               bssBANK0     00048
_Petit_Tx_Data                                                  bssBANK1     000A0
_Petit_Tx_State                                                 bssBANK0     00050
_ProcessPetitModbus                                             text19       00563
_RC1PPS                                                         (abs)        00F21
_RC1REG                                                         (abs)        00119
_RC1STA                                                         (abs)        0011D
_RC1STAbits                                                     (abs)        0011D
_RC6PPS                                                         (abs)        00F26
_RCREG                                                          (abs)        00119
_RXPPSbits                                                      (abs)        00ECB
_ReceiveInterrupt                                               text56       007E8
_SCANCON0                                                       (abs)        00410
_SCANCON0bits                                                   (abs)        00410
_SCANHADRH                                                      (abs)        0040F
_SCANHADRL                                                      (abs)        0040E
_SCANLADRH                                                      (abs)        0040D
_SCANLADRL                                                      (abs)        0040C
_SCANTRIG                                                       (abs)        00411
_SP1BRGH                                                        (abs)        0011C
_SP1BRGL                                                        (abs)        0011B
_SYSTEM_Initialize                                              text3        006B1
_T0CON0                                                         (abs)        0001E
_T0CON0bits                                                     (abs)        0001E
_T0CON1                                                         (abs)        0001F
_T1CLK                                                          (abs)        00211
_T1CON                                                          (abs)        0020E
_T1CONbits                                                      (abs)        0020E
_T1GATE                                                         (abs)        00210
_T1GCON                                                         (abs)        0020F
_T1GCONbits                                                     (abs)        0020F
_T2AINPPSbits                                                   (abs)        00E9C
_T2CLKCON                                                       (abs)        00290
_T2CON                                                          (abs)        0028E
_T2CONbits                                                      (abs)        0028E
_T2HLT                                                          (abs)        0028F
_T2HLTbits                                                      (abs)        0028F
_T2PR                                                           (abs)        0028D
_T2RST                                                          (abs)        00291
_T2RSTbits                                                      (abs)        00291
_T2TMR                                                          (abs)        0028C
_T3CLK                                                          (abs)        00217
_T3CON                                                          (abs)        00214
_T3CONbits                                                      (abs)        00214
_T3GATE                                                         (abs)        00216
_T3GCON                                                         (abs)        00215
_T3GCONbits                                                     (abs)        00215
_TMR0H                                                          (abs)        0001D
_TMR0L                                                          (abs)        0001C
_TMR0_Initialize                                                text8        00FEF
_TMR0_Reload                                                    text2        00F16
_TMR1H                                                          (abs)        0020D
_TMR1L                                                          (abs)        0020C
_TMR1_DefaultInterruptHandler                                   text51       00EEF
_TMR1_ISR                                                       text49       007D3
_TMR1_Initialize                                                text6        0071F
_TMR1_InterruptHandler                                          nvBANK0      00064
_TMR1_SetInterruptHandler                                       text7        00F10
_TMR1_StopTimer                                                 text1        007FD
_TMR1_WriteTimer                                                text50       00FC2
_TMR2                                                           (abs)        0028C
_TMR2_Initialize                                                text5        00FE0
_TMR3H                                                          (abs)        00213
_TMR3L                                                          (abs)        00212
_TMR3_DefaultInterruptHandler                                   text48       00002
_TMR3_ISR                                                       text46       007BE
_TMR3_Initialize                                                text4        00702
_TMR3_InterruptHandler                                          nvBANK0      00068
_TMR3_Reload                                                    text54       00F37
_TMR3_SetInterruptHandler                                       text42       00EFE
_TMR3_WriteTimer                                                text55       00FB3
_TRISA                                                          (abs)        00011
_TRISB                                                          (abs)        00012
_TRISC                                                          (abs)        00013
_TX1REG                                                         (abs)        0011A
_TX1STA                                                         (abs)        0011E
_TX1STAbits                                                     (abs)        0011E
_TXREG                                                          (abs)        0011A
_TXSTAbits                                                      (abs)        0011E
_Timer1_Tick_Counter                                            bssBANK0     0004C
_WPUA                                                           (abs)        00F39
_WPUB                                                           (abs)        00F44
_WPUC                                                           (abs)        00F4F
_WPUE                                                           (abs)        00F65
__CFG_BOREN$ON                                                  (abs)        00000
__CFG_BORV$LO                                                   (abs)        00000
__CFG_CLKOUTEN$OFF                                              (abs)        00000
__CFG_CP$OFF                                                    (abs)        00000
__CFG_CPD$OFF                                                   (abs)        00000
__CFG_CSWEN$ON                                                  (abs)        00000
__CFG_DEBUG$OFF                                                 (abs)        00000
__CFG_FCMEN$ON                                                  (abs)        00000
__CFG_FEXTOSC$OFF                                               (abs)        00000
__CFG_LPBOREN$OFF                                               (abs)        00000
__CFG_LVP$OFF                                                   (abs)        00000
__CFG_MCLRE$ON                                                  (abs)        00000
__CFG_PPS1WAY$ON                                                (abs)        00000
__CFG_PWRTE$OFF                                                 (abs)        00000
__CFG_RSTOSC$HFINT1                                             (abs)        00000
__CFG_SCANE$available                                           (abs)        00000
__CFG_STVREN$ON                                                 (abs)        00000
__CFG_WDTCCS$SC                                                 (abs)        00000
__CFG_WDTCPS$WDTCPS_31                                          (abs)        00000
__CFG_WDTCWS$WDTCWS_7                                           (abs)        00000
__CFG_WDTE$OFF                                                  (abs)        00000
__CFG_WRT$OFF                                                   (abs)        00000
__CFG_ZCD$OFF                                                   (abs)        00000
__Habs1                                                         abs1         00000
__Hbank0                                                        bank0        00000
__Hbank1                                                        bank1        00000
__Hbank10                                                       bank10       00000
__Hbank11                                                       bank11       00000
__Hbank12                                                       bank12       00000
__Hbank13                                                       bank13       00000
__Hbank14                                                       bank14       00000
__Hbank15                                                       bank15       00000
__Hbank16                                                       bank16       00000
__Hbank17                                                       bank17       00000
__Hbank18                                                       bank18       00000
__Hbank19                                                       bank19       00000
__Hbank2                                                        bank2        00000
__Hbank20                                                       bank20       00000
__Hbank21                                                       bank21       00000
__Hbank22                                                       bank22       00000
__Hbank23                                                       bank23       00000
__Hbank24                                                       bank24       00000
__Hbank25                                                       bank25       00000
__Hbank26                                                       bank26       00000
__Hbank27                                                       bank27       00000
__Hbank28                                                       bank28       00000
__Hbank29                                                       bank29       00000
__Hbank3                                                        bank3        00000
__Hbank30                                                       bank30       00000
__Hbank31                                                       bank31       00000
__Hbank4                                                        bank4        00000
__Hbank5                                                        bank5        00000
__Hbank6                                                        bank6        00000
__Hbank7                                                        bank7        00000
__Hbank8                                                        bank8        00000
__Hbank9                                                        bank9        00000
__Hbigram                                                       bigram       00000
__HbssBANK0                                                     bssBANK0     00000
__HbssBANK1                                                     bssBANK1     00000
__HbssBANK2                                                     bssBANK2     00000
__HbssCOMMON                                                    bssCOMMON    00000
__Hcinit                                                        cinit        00054
__Hclrtext                                                      clrtext      00000
__Hcode                                                         code         00000
__Hcommon                                                       common       00000
__Hconfig                                                       config       0800C
__HcstackBANK0                                                  cstackBANK0  00000
__HcstackBANK1                                                  cstackBANK1  00000
__HcstackCOMMON                                                 cstackCOMMON 00000
__HdataBANK0                                                    dataBANK0    00000
__HdataCOMMON                                                   dataCOMMON   00000
__Heeprom_data                                                  eeprom_data  00000
__Hend_init                                                     end_init     00023
__Hfunctab                                                      functab      00000
__HidataBANK0                                                   idataBANK0   00000
__HidataCOMMON                                                  idataCOMMON  00000
__Hidloc                                                        idloc        00000
__Hinit                                                         init         00021
__Hintentry                                                     intentry     00021
__Hmaintext                                                     maintext     00000
__HnvBANK0                                                      nvBANK0      00000
__HnvBANK1                                                      nvBANK1      00000
__Hpowerup                                                      powerup      00000
__Hram                                                          ram          00000
__Hreset_vec                                                    reset_vec    00002
__Hsfr0                                                         sfr0         00000
__Hsfr1                                                         sfr1         00000
__Hsfr10                                                        sfr10        00000
__Hsfr11                                                        sfr11        00000
__Hsfr12                                                        sfr12        00000
__Hsfr13                                                        sfr13        00000
__Hsfr14                                                        sfr14        00000
__Hsfr15                                                        sfr15        00000
__Hsfr16                                                        sfr16        00000
__Hsfr17                                                        sfr17        00000
__Hsfr18                                                        sfr18        00000
__Hsfr19                                                        sfr19        00000
__Hsfr2                                                         sfr2         00000
__Hsfr20                                                        sfr20        00000
__Hsfr21                                                        sfr21        00000
__Hsfr22                                                        sfr22        00000
__Hsfr23                                                        sfr23        00000
__Hsfr24                                                        sfr24        00000
__Hsfr25                                                        sfr25        00000
__Hsfr26                                                        sfr26        00000
__Hsfr27                                                        sfr27        00000
__Hsfr28                                                        sfr28        00000
__Hsfr29                                                        sfr29        00000
__Hsfr3                                                         sfr3         00000
__Hsfr30                                                        sfr30        00000
__Hsfr31                                                        sfr31        00000
__Hsfr4                                                         sfr4         00000
__Hsfr5                                                         sfr5         00000
__Hsfr6                                                         sfr6         00000
__Hsfr7                                                         sfr7         00000
__Hsfr8                                                         sfr8         00000
__Hsfr9                                                         sfr9         00000
__Hspace_0                                                      (abs)        0800C
__Hspace_1                                                      (abs)        00132
__Hspace_2                                                      (abs)        00000
__Hspace_3                                                      (abs)        00000
__Hstack                                                        stack        00000
__Hstrings                                                      strings      00000
__Htext                                                         text         00000
__Labs1                                                         abs1         00000
__Lbank0                                                        bank0        00000
__Lbank1                                                        bank1        00000
__Lbank10                                                       bank10       00000
__Lbank11                                                       bank11       00000
__Lbank12                                                       bank12       00000
__Lbank13                                                       bank13       00000
__Lbank14                                                       bank14       00000
__Lbank15                                                       bank15       00000
__Lbank16                                                       bank16       00000
__Lbank17                                                       bank17       00000
__Lbank18                                                       bank18       00000
__Lbank19                                                       bank19       00000
__Lbank2                                                        bank2        00000
__Lbank20                                                       bank20       00000
__Lbank21                                                       bank21       00000
__Lbank22                                                       bank22       00000
__Lbank23                                                       bank23       00000
__Lbank24                                                       bank24       00000
__Lbank25                                                       bank25       00000
__Lbank26                                                       bank26       00000
__Lbank27                                                       bank27       00000
__Lbank28                                                       bank28       00000
__Lbank29                                                       bank29       00000
__Lbank3                                                        bank3        00000
__Lbank30                                                       bank30       00000
__Lbank31                                                       bank31       00000
__Lbank4                                                        bank4        00000
__Lbank5                                                        bank5        00000
__Lbank6                                                        bank6        00000
__Lbank7                                                        bank7        00000
__Lbank8                                                        bank8        00000
__Lbank9                                                        bank9        00000
__Lbigram                                                       bigram       00000
__LbssBANK0                                                     bssBANK0     00000
__LbssBANK1                                                     bssBANK1     00000
__LbssBANK2                                                     bssBANK2     00000
__LbssCOMMON                                                    bssCOMMON    00000
__Lcinit                                                        cinit        00023
__Lclrtext                                                      clrtext      00000
__Lcode                                                         code         00000
__Lcommon                                                       common       00000
__Lconfig                                                       config       08007
__LcstackBANK0                                                  cstackBANK0  00000
__LcstackBANK1                                                  cstackBANK1  00000
__LcstackCOMMON                                                 cstackCOMMON 00000
__LdataBANK0                                                    dataBANK0    00000
__LdataCOMMON                                                   dataCOMMON   00000
__Leeprom_data                                                  eeprom_data  00000
__Lend_init                                                     end_init     00021
__Lfunctab                                                      functab      00000
__LidataBANK0                                                   idataBANK0   00000
__LidataCOMMON                                                  idataCOMMON  00000
__Lidloc                                                        idloc        00000
__Linit                                                         init         00021
__Lintentry                                                     intentry     00004
__Lmaintext                                                     maintext     00000
__LnvBANK0                                                      nvBANK0      00000
__LnvBANK1                                                      nvBANK1      00000
__Lpowerup                                                      powerup      00000
__Lram                                                          ram          00000
__Lreset_vec                                                    reset_vec    00000
__Lsfr0                                                         sfr0         00000
__Lsfr1                                                         sfr1         00000
__Lsfr10                                                        sfr10        00000
__Lsfr11                                                        sfr11        00000
__Lsfr12                                                        sfr12        00000
__Lsfr13                                                        sfr13        00000
__Lsfr14                                                        sfr14        00000
__Lsfr15                                                        sfr15        00000
__Lsfr16                                                        sfr16        00000
__Lsfr17                                                        sfr17        00000
__Lsfr18                                                        sfr18        00000
__Lsfr19                                                        sfr19        00000
__Lsfr2                                                         sfr2         00000
__Lsfr20                                                        sfr20        00000
__Lsfr21                                                        sfr21        00000
__Lsfr22                                                        sfr22        00000
__Lsfr23                                                        sfr23        00000
__Lsfr24                                                        sfr24        00000
__Lsfr25                                                        sfr25        00000
__Lsfr26                                                        sfr26        00000
__Lsfr27                                                        sfr27        00000
__Lsfr28                                                        sfr28        00000
__Lsfr29                                                        sfr29        00000
__Lsfr3                                                         sfr3         00000
__Lsfr30                                                        sfr30        00000
__Lsfr31                                                        sfr31        00000
__Lsfr4                                                         sfr4         00000
__Lsfr5                                                         sfr5         00000
__Lsfr6                                                         sfr6         00000
__Lsfr7                                                         sfr7         00000
__Lsfr8                                                         sfr8         00000
__Lsfr9                                                         sfr9         00000
__Lspace_0                                                      (abs)        00000
__Lspace_1                                                      (abs)        00000
__Lspace_2                                                      (abs)        00000
__Lspace_3                                                      (abs)        00000
__Lstack                                                        stack        00000
__Lstrings                                                      strings      00000
__Ltext                                                         text         00000
__S0                                                            (abs)        0800C
__S1                                                            (abs)        00132
__S2                                                            (abs)        00000
__S3                                                            (abs)        00000
___int_sp                                                       stack        00000
___latbits                                                      (abs)        00001
___sp                                                           stack        00000
__end_of_ADCC_GetSingleConversion                               text44       00FB3
__end_of_ADCC_Initialize                                        text18       007BE
__end_of_CMP1_Initialize                                        text17       00F61
__end_of_CRC_Initialize                                         text16       00686
__end_of_CheckPetitModbusBufferComplete                         text27       0060B
__end_of_DAC_Initialize                                         text15       00F10
__end_of_EUSART_Initialize                                      text14       007A8
__end_of_EUSART_Receive_ISR                                     text52       0078F
__end_of_EUSART_SetRxInterruptHandler                           text39       00F0A
__end_of_FVR_Initialize                                         text13       00EFA
__end_of_Get_ID_From_AD                                         text43       00657
__end_of_HandleMPetitodbusDiagnosticRegisters                   text33       003CA
__end_of_HandleMPetitodbusWriteMultipleRegisters                text32       00157
__end_of_HandlePetitModbusError                                 text34       00774
__end_of_HandlePetitModbusReadHoldingRegisters                  text31       0032E
__end_of_HandlePetitModbusReadInputRegisters                    text30       00292
__end_of_HandlePetitModbusWriteSingleRegister                   text29       00563
__end_of_INTERRUPT_InterruptManager                             intentry     00021
__end_of_InitPetitModbus                                        text36       00F80
__end_of_InitTMR                                                text41       00F29
__end_of_InitUART                                               text38       00F30
__end_of_OSCILLATOR_Initialize                                  text12       00F6A
__end_of_PIN_MANAGER_Initialize                                 text11       00702
__end_of_PMD_Initialize                                         text10       00F4F
__end_of_PWM6_Initialize                                        text9        00FA5
__end_of_PetitModBus_TIMER_Initialise                           text40       00EF3
__end_of_PetitModBus_UART_Initialise                            text37       00EF6
__end_of_PetitModBus_UART_Putch                                 text23       00F37
__end_of_PetitModBus_UART_String                                text22       006B1
__end_of_PetitModbusIntHandlerRC                                text53       00F75
__end_of_PetitModbusIntHandlerTMR                               text47       00F58
__end_of_PetitSendMessage                                       text35       00FE0
__end_of_Petit_CRC16                                            text26       00759
__end_of_Petit_CheckRxTimeout                                   text25       00F8C
__end_of_Petit_DoSlaveTX                                        text21       00F98
__end_of_Petit_RxDataAvailable                                  text28       00F47
__end_of_Petit_RxRTU                                            text24       001F6
__end_of_Petit_TxRTU                                            text20       004ED
__end_of_ProcessPetitModbus                                     text19       005B7
__end_of_ReceiveInterrupt                                       text56       007FD
__end_of_SYSTEM_Initialize                                      text3        006DB
__end_of_TMR0_Initialize                                        text8        01000
__end_of_TMR0_Reload                                            text2        00F1C
__end_of_TMR1_DefaultInterruptHandler                           text51       00EF0
__end_of_TMR1_ISR                                               text49       007E8
__end_of_TMR1_Initialize                                        text6        0073C
__end_of_TMR1_SetInterruptHandler                               text7        00F16
__end_of_TMR1_StopTimer                                         text1        00800
__end_of_TMR1_WriteTimer                                        text50       00FD1
__end_of_TMR2_Initialize                                        text5        00FEF
__end_of_TMR3_DefaultInterruptHandler                           text48       00003
__end_of_TMR3_ISR                                               text46       007D3
__end_of_TMR3_Initialize                                        text4        0071F
__end_of_TMR3_Reload                                            text54       00F3F
__end_of_TMR3_SetInterruptHandler                               text42       00F04
__end_of_TMR3_WriteTimer                                        text55       00FC2
__end_of__initialization                                        cinit        00050
__end_of_main                                                   maintext     00465
__initialization                                                cinit        00023
__pbssBANK0                                                     bssBANK0     00020
__pbssBANK1                                                     bssBANK1     000A0
__pbssBANK2                                                     bssBANK2     00120
__pbssCOMMON                                                    bssCOMMON    00079
__pcstackBANK0                                                  cstackBANK0  00057
__pcstackBANK1                                                  cstackBANK1  000E4
__pcstackCOMMON                                                 cstackCOMMON 00070
__pdataBANK0                                                    dataBANK0    0006C
__pdataCOMMON                                                   dataCOMMON   0007B
__pidataBANK0                                                   idataBANK0   00EFA
__pidataCOMMON                                                  idataCOMMON  00003
__pintentry                                                     intentry     00004
__pmaintext                                                     maintext     003CA
__pnvBANK0                                                      nvBANK0      00062
__pnvBANK1                                                      nvBANK1      000EE
__ptext1                                                        text1        007FD
__ptext10                                                       text10       00F47
__ptext11                                                       text11       006DB
__ptext12                                                       text12       00F61
__ptext13                                                       text13       00EF6
__ptext14                                                       text14       0078F
__ptext15                                                       text15       00F0A
__ptext16                                                       text16       00657
__ptext17                                                       text17       00F58
__ptext18                                                       text18       007A8
__ptext19                                                       text19       00563
__ptext2                                                        text2        00F16
__ptext20                                                       text20       00465
__ptext21                                                       text21       00F8C
__ptext22                                                       text22       00686
__ptext23                                                       text23       00F30
__ptext24                                                       text24       00157
__ptext25                                                       text25       00F80
__ptext26                                                       text26       0073C
__ptext27                                                       text27       005B7
__ptext28                                                       text28       00F3F
__ptext29                                                       text29       004ED
__ptext3                                                        text3        006B1
__ptext30                                                       text30       001F6
__ptext31                                                       text31       00292
__ptext32                                                       text32       00054
__ptext33                                                       text33       0032E
__ptext34                                                       text34       00759
__ptext35                                                       text35       00FD1
__ptext36                                                       text36       00F75
__ptext37                                                       text37       00EF3
__ptext38                                                       text38       00F29
__ptext39                                                       text39       00F04
__ptext4                                                        text4        00702
__ptext40                                                       text40       00EF0
__ptext41                                                       text41       00F22
__ptext42                                                       text42       00EFE
__ptext43                                                       text43       0060B
__ptext44                                                       text44       00FA5
__ptext46                                                       text46       007BE
__ptext47                                                       text47       00F4F
__ptext48                                                       text48       00002
__ptext49                                                       text49       007D3
__ptext5                                                        text5        00FE0
__ptext50                                                       text50       00FC2
__ptext51                                                       text51       00EEF
__ptext52                                                       text52       00774
__ptext53                                                       text53       00F6A
__ptext54                                                       text54       00F37
__ptext55                                                       text55       00FB3
__ptext56                                                       text56       007E8
__ptext6                                                        text6        0071F
__ptext7                                                        text7        00F10
__ptext8                                                        text8        00FEF
__ptext9                                                        text9        00F98
__size_of_ADCC_GetSingleConversion                              (abs)        00000
__size_of_ADCC_Initialize                                       (abs)        00000
__size_of_CMP1_Initialize                                       (abs)        00000
[...]
		line 109 in file "main.c"
 Parameters:    Size  Location     Type
		None
 Auto vars:     Size  Location     Type
		None
 Return value:  Size  Location     Type
                  1    wreg      void 
 Registers used:
		wreg, status,2, pclath, cstack
 Tracked objects:
		On entry : 
		On exit  : 
		Unchanged: 
 Data sizes:     COMMON   BANK0   BANK1   BANK2   BANK3   BANK4   BANK5   BANK6
      Params:         0       0       0       0       0       0       0       0
      Locals:         0       0       0       0       0       0       0       0
      Temps:          0       0       0       0       0       0       0       0
      Totals:         0       0       0       0       0       0       0       0
Total ram usage:        0 bytes
 Hardware stack levels used:    1
 Hardware stack levels required when called:    5
 This function calls:
		_ADCC_GetSingleConversion
 This function is called by:
		_main
 This function uses a non-reentrant model


 *************** function _ADCC_GetSingleConversion *****************
 Defined at:
		line 128 in file "mcc_generated_files/adcc.c"
 Parameters:    Size  Location     Type
  channel         1    wreg     enum E11527
 Auto vars:     Size  Location     Type
  channel         1    5[COMMON] enum E11527
 Return value:  Size  Location     Type
                  2    2[COMMON] unsigned int 
 Registers used:
		wreg
 Tracked objects:
		On entry : 
		On exit  : 
		Unchanged: 
 Data sizes:     COMMON   BANK0   BANK1   BANK2   BANK3   BANK4   BANK5   BANK6
      Params:         3       0       0       0       0       0       0       0
      Locals:         1       0       0       0       0       0       0       0
      Temps:          0       0       0       0       0       0       0       0
      Totals:         4       0       0       0       0       0       0       0
Total ram usage:        4 bytes
 Hardware stack levels used:    1
 Hardware stack levels required when called:    4
 This function calls:
		Nothing
 This function is called by:
		_Get_ID_From_AD
 This function uses a non-reentrant model


 *************** function _INTERRUPT_InterruptManager *****************
 Defined at:
		line 52 in file "mcc_generated_files/interrupt_manager.c"
 Parameters:    Size  Location     Type
		None
 Auto vars:     Size  Location     Type
		None
 Return value:  Size  Location     Type
                  1    wreg      void 
 Registers used:
		wreg, fsr1l, fsr1h, status,2, status,0, pclath, cstack
 Tracked objects:
		On entry : 
		On exit  : 
		Unchanged: 
 Data sizes:     COMMON   BANK0   BANK1   BANK2   BANK3   BANK4   BANK5   BANK6
      Params:         0       0       0       0       0       0       0       0
      Locals:         0       0       0       0       0       0       0       0
      Temps:          0       0       0       0       0       0       0       0
      Totals:         0       0       0       0       0       0       0       0
Total ram usage:        0 bytes
 Hardware stack levels used:    1
 Hardware stack levels required when called:    3
 This function calls:
		Absolute function
		_EUSART_Receive_ISR
		_PetitModbusIntHandlerRC
		_TMR1_ISR
		_TMR3_ISR
 This function is called by:
		Interrupt level 1
 This function uses a non-reentrant model


 *************** function _TMR3_ISR *****************
 Defined at:
		line 164 in file "mcc_generated_files/tmr3.c"
 Parameters:    Size  Location     Type
		None
 Auto vars:     Size  Location     Type
		None
 Return value:  Size  Location     Type
                  1    wreg      void 
 Registers used:
		wreg, status,2, status,0, pclath, cstack
 Tracked objects:
		On entry : 
		On exit  : 
		Unchanged: 
 Data sizes:     COMMON   BANK0   BANK1   BANK2   BANK3   BANK4   BANK5   BANK6
      Params:         0       0       0       0       0       0       0       0
      Locals:         0       0       0       0       0       0       0       0
      Temps:          0       0       0       0       0       0       0       0
      Totals:         0       0       0       0       0       0       0       0
Total ram usage:        0 bytes
 Hardware stack levels used:    1
 Hardware stack levels required when called:    1
 This function calls:
		Absolute function
		_PetitModbusIntHandlerTMR
		_TMR3_DefaultInterruptHandler
		_TMR3_WriteTimer
 This function is called by:
		_INTERRUPT_InterruptManager
 This function uses a non-reentrant model


 *************** function _PetitModbusIntHandlerTMR *****************
 Defined at:
		line 7 in file "modbus/Interrupts.c"
 Parameters:    Size  Location     Type
		None
 Auto vars:     Size  Location     Type
		None
 Return value:  Size  Location     Type
                  1    wreg      void 
 Registers used:
		wreg
 Tracked objects:
		On entry : 
		On exit  : 
		Unchanged: 
 Data sizes:     COMMON   BANK0   BANK1   BANK2   BANK3   BANK4   BANK5   BANK6
      Params:         0       0       0       0       0       0       0       0
      Locals:         0       0       0       0       0       0       0       0
      Temps:          0       0       0       0       0       0       0       0
      Totals:         0       0       0       0       0       0       0       0
Total ram usage:        0 bytes
 Hardware stack levels used:    1
 This function calls:
		Nothing
 This function is called by:
		_InitTMR
		_TMR3_ISR
 This function uses a non-reentrant model


 *************** function _TMR3_DefaultInterruptHandler *****************
 Defined at:
		line 182 in file "mcc_generated_files/tmr3.c"
 Parameters:    Size  Location     Type
		None
 Auto vars:     Size  Location     Type
		None
 Return value:  Size  Location     Type
                  1    wreg      void 
 Registers used:
		None
 Tracked objects:
		On entry : 
		On exit  : 
		Unchanged: 
 Data sizes:     COMMON   BANK0   BANK1   BANK2   BANK3   BANK4   BANK5   BANK6
      Params:         0       0       0       0       0       0       0       0
      Locals:         0       0       0       0       0       0       0       0
      Temps:          0       0       0       0       0       0       0       0
      Totals:         0       0       0       0       0       0       0       0
Total ram usage:        0 bytes
 Hardware stack levels used:    1
 This function calls:
		Nothing
 This function is called by:
		_TMR3_Initialize
		_TMR3_ISR
 This function uses a non-reentrant model


 *************** function _TMR1_ISR *****************
 Defined at:
		line 164 in file "mcc_generated_files/tmr1.c"
 Parameters:    Size  Location     Type
		None
 Auto vars:     Size  Location     Type
		None
 Return value:  Size  Location     Type
                  1    wreg      void 
 Registers used:
		wreg, status,2, status,0, pclath, cstack
 Tracked objects:
		On entry : 
		On exit  : 
		Unchanged: 
 Data sizes:     COMMON   BANK0   BANK1   BANK2   BANK3   BANK4   BANK5   BANK6
      Params:         0       0       0       0       0       0       0       0
      Locals:         0       0       0       0       0       0       0       0
      Temps:          0       0       0       0       0       0       0       0
      Totals:         0       0       0       0       0       0       0       0
Total ram usage:        0 bytes
 Hardware stack levels used:    1
 Hardware stack levels required when called:    1
 This function calls:
		Absolute function
		_TMR1_DefaultInterruptHandler
		_TMR1_WriteTimer
 This function is called by:
		_INTERRUPT_InterruptManager
 This function uses a non-reentrant model


 *************** function _TMR1_WriteTimer *****************
 Defined at:
		line 127 in file "mcc_generated_files/tmr1.c"
 Parameters:    Size  Location     Type
  timerVal        2    0[COMMON] unsigned int 
 Auto vars:     Size  Location     Type
		None
 Return value:  Size  Location     Type
                  1    wreg      void 
 Registers used:
		wreg, status,2
 Tracked objects:
		On entry : 
		On exit  : 
		Unchanged: 
 Data sizes:     COMMON   BANK0   BANK1   BANK2   BANK3   BANK4   BANK5   BANK6
      Params:         2       0       0       0       0       0       0       0
      Locals:         0       0       0       0       0       0       0       0
      Temps:          0       0       0       0       0       0       0       0
      Totals:         2       0       0       0       0       0       0       0
Total ram usage:        2 bytes
 Hardware stack levels used:    1
 This function calls:
		Nothing
 This function is called by:
		_TMR1_ISR
		_TMR1_Reload
 This function uses a non-reentrant model


 *************** function _TMR1_DefaultInterruptHandler *****************
 Defined at:
		line 182 in file "mcc_generated_files/tmr1.c"
 Parameters:    Size  Location     Type
		None
 Auto vars:     Size  Location     Type
		None
 Return value:  Size  Location     Type
                  1    wreg      void 
 Registers used:
		None
 Tracked objects:
		On entry : 
		On exit  : 
		Unchanged: 
 Data sizes:     COMMON   BANK0   BANK1   BANK2   BANK3   BANK4   BANK5   BANK6
      Params:         0       0       0       0       0       0       0       0
      Locals:         0       0       0       0       0       0       0       0
      Temps:          0       0       0       0       0       0       0       0
      Totals:         0       0       0       0       0       0       0       0
Total ram usage:        0 bytes
 Hardware stack levels used:    1
 This function calls:
		Nothing
 This function is called by:
		_TMR1_Initialize
		_TMR1_ISR
 This function uses a non-reentrant model


 *************** function _EUSART_Receive_ISR *****************
 Defined at:
		line 149 in file "mcc_generated_files/eusart.c"
 Parameters:    Size  Location     Type
		None
 Auto vars:     Size  Location     Type
		None
 Return value:  Size  Location     Type
                  1    wreg      void 
 Registers used:
		wreg, fsr1l, fsr1h, status,2, status,0
 Tracked objects:
		On entry : 
		On exit  : 
		Unchanged: 
 Data sizes:     COMMON   BANK0   BANK1   BANK2   BANK3   BANK4   BANK5   BANK6
      Params:         0       0       0       0       0       0       0       0
      Locals:         0       0       0       0       0       0       0       0
      Temps:          1       0       0       0       0       0       0       0
      Totals:         1       0       0       0       0       0       0       0
Total ram usage:        1 bytes
 Hardware stack levels used:    1
 This function calls:
		Nothing
 This function is called by:
		_EUSART_Initialize
		_INTERRUPT_InterruptManager
 This function uses a non-reentrant model


 *************** function _PetitModbusIntHandlerRC *****************
 Defined at:
		line 14 in file "modbus/Interrupts.c"
 Parameters:    Size  Location     Type
		None
 Auto vars:     Size  Location     Type
		None
 Return value:  Size  Location     Type
                  1    wreg      void 
 Registers used:
		wreg, fsr1l, fsr1h, status,2, status,0, pclath, cstack
 Tracked objects:
		On entry : 
		On exit  : 
		Unchanged: 
 Data sizes:     COMMON   BANK0   BANK1   BANK2   BANK3   BANK4   BANK5   BANK6
      Params:         0       0       0       0       0       0       0       0
      Locals:         0       0       0       0       0       0       0       0
      Temps:          0       0       0       0       0       0       0       0
      Totals:         0       0       0       0       0       0       0       0
Total ram usage:        0 bytes
 Hardware stack levels used:    1
 Hardware stack levels required when called:    2
 This function calls:
		_ReceiveInterrupt
		_TMR3_Reload
 This function is called by:
		_InitUART
		_INTERRUPT_InterruptManager
 This function uses a non-reentrant model


 *************** function _TMR3_Reload *****************
 Defined at:
		line 149 in file "mcc_generated_files/tmr3.c"
 Parameters:    Size  Location     Type
		None
 Auto vars:     Size  Location     Type
		None
 Return value:  Size  Location     Type
                  1    wreg      void 
 Registers used:
		wreg, status,2, status,0, pclath, cstack
 Tracked objects:
		On entry : 
		On exit  : 
		Unchanged: 
 Data sizes:     COMMON   BANK0   BANK1   BANK2   BANK3   BANK4   BANK5   BANK6
      Params:         0       0       0       0       0       0       0       0
      Locals:         0       0       0       0       0       0       0       0
      Temps:          0       0       0       0       0       0       0       0
      Totals:         0       0       0       0       0       0       0       0
Total ram usage:        0 bytes
 Hardware stack levels used:    1
 Hardware stack levels required when called:    1
 This function calls:
		_TMR3_WriteTimer
 This function is called by:
		_PetitModbusIntHandlerRC
 This function uses a non-reentrant model


 *************** function _TMR3_WriteTimer *****************
 Defined at:
		line 127 in file "mcc_generated_files/tmr3.c"
 Parameters:    Size  Location     Type
  timerVal        2    0[COMMON] unsigned int 
 Auto vars:     Size  Location     Type
		None
 Return value:  Size  Location     Type
                  1    wreg      void 
 Registers used:
		wreg, status,2
 Tracked objects:
		On entry : 
		On exit  : 
		Unchanged: 
 Data sizes:     COMMON   BANK0   BANK1   BANK2   BANK3   BANK4   BANK5   BANK6
      Params:         2       0       0       0       0       0       0       0
      Locals:         0       0       0       0       0       0       0       0
      Temps:          0       0       0       0       0       0       0       0
      Totals:         2       0       0       0       0       0       0       0
Total ram usage:        2 bytes
 Hardware stack levels used:    1
 This function calls:
		Nothing
 This function is called by:
		_TMR3_Reload
		_TMR3_ISR
 This function uses a non-reentrant model


 *************** function _ReceiveInterrupt *****************
 Defined at:
		line 51 in file "modbus/PetitModbusPort.c"
 Parameters:    Size  Location     Type
  Data            1    wreg     unsigned char 
 Auto vars:     Size  Location     Type
  Data            1    1[COMMON] unsigned char 
 Return value:  Size  Location     Type
                  1    wreg      void 
 Registers used:
		wreg, fsr1l, fsr1h, status,2, status,0
 Tracked objects:
		On entry : 
		On exit  : 
		Unchanged: 
 Data sizes:     COMMON   BANK0   BANK1   BANK2   BANK3   BANK4   BANK5   BANK6
      Params:         0       0       0       0       0       0       0       0
      Locals:         1       0       0       0       0       0       0       0
      Temps:          1       0       0       0       0       0       0       0
      Totals:         2       0       0       0       0       0       0       0
Total ram usage:        2 bytes
 Hardware stack levels used:    1
 This function calls:
		Nothing
 This function is called by:
		_PetitModbusIntHandlerRC
 This function uses a non-reentrant model



MODULE INFORMATION

Module		Function		Class		Link	Load	Size
mcc_generated_files/cmp1.c
		_CMP1_Initialize		CODE           	0F58	0000	10

mcc_generated_files/cmp1.c estimated size: 10

mcc_generated_files/pwm6.c
		_PWM6_Initialize		CODE           	0F98	0000	14

mcc_generated_files/pwm6.c estimated size: 14

mcc_generated_files/fvr.c
		_FVR_Initialize		CODE           	0EF6	0000	5

mcc_generated_files/fvr.c estimated size: 5

modbus/Interrupts.c
		_PetitModbusIntHandlerTMR		CODE           	0F4F	0000	10
		_PetitModbusIntHandlerRC		CODE           	0F6A	0000	12

modbus/Interrupts.c estimated size: 22

mcc_generated_files/tmr2.c
		_TMR2_Initialize		CODE           	0FE0	0000	16

mcc_generated_files/tmr2.c estimated size: 16

mcc_generated_files/interrupt_manager.c
		_INTERRUPT_InterruptManager		CODE           	0004	0000	30

mcc_generated_files/interrupt_manager.c estimated size: 30

mcc_generated_files/tmr0.c
		_TMR0_Reload   		CODE           	0F16	0000	7
		_TMR0_Initialize		CODE           	0FEF	0000	18

mcc_generated_files/tmr0.c estimated size: 25

mcc_generated_files/pin_manager.c
		_PIN_MANAGER_Initialize		CODE           	06DB	0000	40

mcc_generated_files/pin_manager.c estimated size: 40

modbus/Init.c
		_InitTMR       		CODE           	0F22	0000	8
		_InitUART      		CODE           	0F29	0000	8

modbus/Init.c estimated size: 16

mcc_generated_files/crc.c
		_CRC_Initialize		CODE           	0657	0000	48

mcc_generated_files/crc.c estimated size: 48

shared
		__initialization		CODE           	0023	0000	46

shared estimated size: 46

mcc_generated_files/mcc.c
		_PMD_Initialize		CODE           	0F47	0000	9
		_OSCILLATOR_Initialize		CODE           	0F61	0000	10
		_SYSTEM_Initialize		CODE           	06B1	0000	43

mcc_generated_files/mcc.c estimated size: 62

mcc_generated_files/tmr3.c
		_TMR3_ISR      		CODE           	07BE	0000	22
		_TMR3_Initialize		CODE           	0702	0000	30
		_TMR3_SetInterruptHandler		CODE           	0EFE	0000	7
		_TMR3_Reload   		CODE           	0F37	0000	9
		_TMR3_DefaultInterruptHandler		CODE           	0002	0000	2
		_TMR3_WriteTimer		CODE           	0FB3	0000	16

mcc_generated_files/tmr3.c estimated size: 86

mcc_generated_files/tmr1.c
		_TMR1_Initialize		CODE           	071F	0000	30
		_TMR1_SetInterruptHandler		CODE           	0F10	0000	7
		_TMR1_StopTimer		CODE           	07FD	0000	4
		_TMR1_DefaultInterruptHandler		CODE           	0EEF	0000	2
		_TMR1_WriteTimer		CODE           	0FC2	0000	16
		_TMR1_ISR      		CODE           	07D3	0000	22

mcc_generated_files/tmr1.c estimated size: 81

mcc_generated_files/eusart.c
		_EUSART_SetRxInterruptHandler		CODE           	0F04	0000	7
		_EUSART_Initialize		CODE           	078F	0000	26
		_EUSART_Receive_ISR		CODE           	0774	0000	28

mcc_generated_files/eusart.c estimated size: 61

mcc_generated_files/adcc.c
		_ADCC_GetSingleConversion		CODE           	0FA5	0000	15
		_ADCC_Initialize		CODE           	07A8	0000	23

mcc_generated_files/adcc.c estimated size: 38

mcc_generated_files/dac.c
		_DAC_Initialize		CODE           	0F0A	0000	7

mcc_generated_files/dac.c estimated size: 7

main.c
		_main          		CODE           	03CA	0000	156
		_Get_ID_From_AD		CODE           	060B	0000	77

main.c estimated size: 233

modbus/PetitModbus.c
		_Petit_DoSlaveTX		CODE           	0F8C	0000	13
		_HandlePetitModbusReadInputRegisters		CODE           	01F6	0000	157
		_Petit_RxRTU   		CODE           	0157	0000	160
		_PetitSendMessage		CODE           	0FD1	0000	16
		_Petit_RxDataAvailable		CODE           	0F3F	0000	9
		_Petit_CheckRxTimeout		CODE           	0F80	0000	13
		_HandleMPetitodbusWriteMultipleRegisters		CODE           	0054	0000	260
		_HandlePetitModbusError		CODE           	0759	0000	28
		_ProcessPetitModbus		CODE           	0563	0000	85
		_HandlePetitModbusReadHoldingRegisters		CODE           	0292	0000	157
		_Petit_TxRTU   		CODE           	0465	0000	137
		_HandleMPetitodbusDiagnosticRegisters		CODE           	032E	0000	157
		_HandlePetitModbusWriteSingleRegister		CODE           	04ED	0000	119
		_InitPetitModbus		CODE           	0F75	0000	12
		_CheckPetitModbusBufferComplete		CODE           	05B7	0000	85
		_Petit_CRC16   		CODE           	073C	0000	30

modbus/PetitModbus.c estimated size: 1438

modbus/PetitModbusPort.c
		_PetitModBus_UART_String		CODE           	0686	0000	44
		_PetitModBus_UART_Putch		CODE           	0F30	0000	8
		_ReceiveInterrupt		CODE           	07E8	0000	22
		_PetitModBus_TIMER_Initialise		CODE           	0EF0	0000	4
		_PetitModBus_UART_Initialise		CODE           	0EF3	0000	4

modbus/PetitModbusPort.c estimated size: 82

